<!doctype html public "-//w3c//dtd html 4.0 transitional//en">
<html><head>
<title>Static Call Graph - [.\Objects\OutdoorDifferentialNations.axf]</title></head>
<body><HR>
<H1>Static Call Graph for image .\Objects\OutdoorDifferentialNations.axf</H1><HR>
<BR><P>#&#060CALLGRAPH&#062# ARM Linker, 5060960: Last Updated: Sun Sep 29 15:11:13 2024
<BR><P>
<H3>Maximum Stack Usage =        512 bytes + Unknown(Functions without stacksize, Cycles, Untraceable Function Pointers)</H3><H3>
Call chain for Maximum Stack Depth:</H3>
InitTask &rArr; systemInit &rArr; Motor_Init &rArr; ZLAC8015_PDO_Config &rArr; Add_Sdo_Linked_List &rArr; rt_malloc &rArr; rt_sem_take &rArr; rt_timer_start &rArr; rt_object_get_type &rArr; rt_assert_handler
<P>
<H3>
Functions with no stack information
</H3><UL>
 <LI><a href="#[84]">__user_initial_stackheap</a>
</UL>
</UL>
<P>
<H3>
Mutually Recursive functions
</H3> <LI><a href="#[28]">ADC1_2_IRQHandler</a>&nbsp;&nbsp;&nbsp;&rArr;&nbsp;&nbsp;&nbsp;<a href="#[28]">ADC1_2_IRQHandler</a><BR>
 <LI><a href="#[10]">BusFault_Handler</a>&nbsp;&nbsp;&nbsp;&rArr;&nbsp;&nbsp;&nbsp;<a href="#[10]">BusFault_Handler</a><BR>
 <LI><a href="#[f]">MemManage_Handler</a>&nbsp;&nbsp;&nbsp;&rArr;&nbsp;&nbsp;&nbsp;<a href="#[f]">MemManage_Handler</a><BR>
 <LI><a href="#[71]">Motor_task</a>&nbsp;&nbsp;&nbsp;&rArr;&nbsp;&nbsp;&nbsp;<a href="#[71]">Motor_task</a><BR>
 <LI><a href="#[6f]">Remote_Task</a>&nbsp;&nbsp;&nbsp;&rArr;&nbsp;&nbsp;&nbsp;<a href="#[6f]">Remote_Task</a><BR>
 <LI><a href="#[11]">UsageFault_Handler</a>&nbsp;&nbsp;&nbsp;&rArr;&nbsp;&nbsp;&nbsp;<a href="#[11]">UsageFault_Handler</a><BR>
</UL>
<P>
<H3>
Function Pointers
</H3><UL>
 <LI><a href="#[28]">ADC1_2_IRQHandler</a> from startup_n32g45x.o(.text) referenced from startup_n32g45x.o(RESET)
 <LI><a href="#[45]">ADC3_4_IRQHandler</a> from startup_n32g45x.o(.text) referenced from startup_n32g45x.o(RESET)
 <LI><a href="#[73]">ADC_task</a> from user_adc.o(i.ADC_task) referenced from application.o(i.InitTask)
 <LI><a href="#[6e]">Balance_task</a> from balance.o(i.Balance_task) referenced from application.o(i.InitTask)
 <LI><a href="#[10]">BusFault_Handler</a> from n32g45x_it.o(i.BusFault_Handler) referenced from startup_n32g45x.o(RESET)
 <LI><a href="#[2b]">CAN1_RX1_IRQHandler</a> from startup_n32g45x.o(.text) referenced from startup_n32g45x.o(RESET)
 <LI><a href="#[2c]">CAN1_SCE_IRQHandler</a> from startup_n32g45x.o(.text) referenced from startup_n32g45x.o(RESET)
 <LI><a href="#[56]">CAN2_RX0_IRQHandler</a> from motor.o(i.CAN2_RX0_IRQHandler) referenced from startup_n32g45x.o(RESET)
 <LI><a href="#[57]">CAN2_RX1_IRQHandler</a> from startup_n32g45x.o(.text) referenced from startup_n32g45x.o(RESET)
 <LI><a href="#[58]">CAN2_SCE_IRQHandler</a> from startup_n32g45x.o(.text) referenced from startup_n32g45x.o(RESET)
 <LI><a href="#[55]">CAN2_TX_IRQHandler</a> from startup_n32g45x.o(.text) referenced from startup_n32g45x.o(RESET)
 <LI><a href="#[6a]">COMP7_IRQHandler</a> from startup_n32g45x.o(.text) referenced from startup_n32g45x.o(RESET)
 <LI><a href="#[68]">COMP_1_2_3_IRQHandler</a> from startup_n32g45x.o(.text) referenced from startup_n32g45x.o(RESET)
 <LI><a href="#[69]">COMP_4_5_6_IRQHandler</a> from startup_n32g45x.o(.text) referenced from startup_n32g45x.o(RESET)
 <LI><a href="#[72]">Can_task</a> from user_can.o(i.Can_task) referenced from application.o(i.InitTask)
 <LI><a href="#[77]">Charge_task</a> from charger.o(i.Charge_task) referenced from application.o(i.InitTask)
 <LI><a href="#[76]">CircularCar_task</a> from circularcar.o(i.CircularCar_task) referenced from application.o(i.InitTask)
 <LI><a href="#[21]">DMA1_Channel1_IRQHandler</a> from startup_n32g45x.o(.text) referenced from startup_n32g45x.o(RESET)
 <LI><a href="#[22]">DMA1_Channel2_IRQHandler</a> from usartx.o(i.DMA1_Channel2_IRQHandler) referenced from startup_n32g45x.o(RESET)
 <LI><a href="#[23]">DMA1_Channel3_IRQHandler</a> from startup_n32g45x.o(.text) referenced from startup_n32g45x.o(RESET)
 <LI><a href="#[24]">DMA1_Channel4_IRQHandler</a> from usartx.o(i.DMA1_Channel4_IRQHandler) referenced from startup_n32g45x.o(RESET)
 <LI><a href="#[25]">DMA1_Channel5_IRQHandler</a> from startup_n32g45x.o(.text) referenced from startup_n32g45x.o(RESET)
 <LI><a href="#[26]">DMA1_Channel6_IRQHandler</a> from startup_n32g45x.o(.text) referenced from startup_n32g45x.o(RESET)
 <LI><a href="#[27]">DMA1_Channel7_IRQHandler</a> from usartx.o(i.DMA1_Channel7_IRQHandler) referenced from startup_n32g45x.o(RESET)
 <LI><a href="#[62]">DMA1_Channel8_IRQHandler</a> from startup_n32g45x.o(.text) referenced from startup_n32g45x.o(RESET)
 <LI><a href="#[4e]">DMA2_Channel1_IRQHandler</a> from startup_n32g45x.o(.text) referenced from startup_n32g45x.o(RESET)
 <LI><a href="#[4f]">DMA2_Channel2_IRQHandler</a> from startup_n32g45x.o(.text) referenced from startup_n32g45x.o(RESET)
 <LI><a href="#[50]">DMA2_Channel3_IRQHandler</a> from startup_n32g45x.o(.text) referenced from startup_n32g45x.o(RESET)
 <LI><a href="#[51]">DMA2_Channel4_IRQHandler</a> from startup_n32g45x.o(.text) referenced from startup_n32g45x.o(RESET)
 <LI><a href="#[52]">DMA2_Channel5_IRQHandler</a> from startup_n32g45x.o(.text) referenced from startup_n32g45x.o(RESET)
 <LI><a href="#[5a]">DMA2_Channel6_IRQHandler</a> from startup_n32g45x.o(.text) referenced from startup_n32g45x.o(RESET)
 <LI><a href="#[5b]">DMA2_Channel7_IRQHandler</a> from startup_n32g45x.o(.text) referenced from startup_n32g45x.o(RESET)
 <LI><a href="#[63]">DMA2_Channel8_IRQHandler</a> from startup_n32g45x.o(.text) referenced from startup_n32g45x.o(RESET)
 <LI><a href="#[64]">DVP_IRQHandler</a> from startup_n32g45x.o(.text) referenced from startup_n32g45x.o(RESET)
 <LI><a href="#[13]">DebugMon_Handler</a> from n32g45x_it.o(i.DebugMon_Handler) referenced from startup_n32g45x.o(RESET)
 <LI><a href="#[53]">ETH_IRQHandler</a> from startup_n32g45x.o(.text) referenced from startup_n32g45x.o(RESET)
 <LI><a href="#[54]">ETH_WKUP_IRQHandler</a> from startup_n32g45x.o(.text) referenced from startup_n32g45x.o(RESET)
 <LI><a href="#[1c]">EXTI0_IRQHandler</a> from startup_n32g45x.o(.text) referenced from startup_n32g45x.o(RESET)
 <LI><a href="#[3e]">EXTI15_10_IRQHandler</a> from startup_n32g45x.o(.text) referenced from startup_n32g45x.o(RESET)
 <LI><a href="#[1d]">EXTI1_IRQHandler</a> from startup_n32g45x.o(.text) referenced from startup_n32g45x.o(RESET)
 <LI><a href="#[1e]">EXTI2_IRQHandler</a> from startup_n32g45x.o(.text) referenced from startup_n32g45x.o(RESET)
 <LI><a href="#[1f]">EXTI3_IRQHandler</a> from startup_n32g45x.o(.text) referenced from startup_n32g45x.o(RESET)
 <LI><a href="#[20]">EXTI4_IRQHandler</a> from startup_n32g45x.o(.text) referenced from startup_n32g45x.o(RESET)
 <LI><a href="#[2d]">EXTI9_5_IRQHandler</a> from startup_n32g45x.o(.text) referenced from startup_n32g45x.o(RESET)
 <LI><a href="#[1a]">FLASH_IRQHandler</a> from startup_n32g45x.o(.text) referenced from startup_n32g45x.o(RESET)
 <LI><a href="#[e]">HardFault_Handler</a> from context_rvds.o(.text) referenced from startup_n32g45x.o(RESET)
 <LI><a href="#[36]">I2C1_ER_IRQHandler</a> from startup_n32g45x.o(.text) referenced from startup_n32g45x.o(RESET)
 <LI><a href="#[35]">I2C1_EV_IRQHandler</a> from startup_n32g45x.o(.text) referenced from startup_n32g45x.o(RESET)
 <LI><a href="#[38]">I2C2_ER_IRQHandler</a> from startup_n32g45x.o(.text) referenced from startup_n32g45x.o(RESET)
 <LI><a href="#[37]">I2C2_EV_IRQHandler</a> from startup_n32g45x.o(.text) referenced from startup_n32g45x.o(RESET)
 <LI><a href="#[5d]">I2C3_ER_IRQHandler</a> from startup_n32g45x.o(.text) referenced from startup_n32g45x.o(RESET)
 <LI><a href="#[5c]">I2C3_EV_IRQHandler</a> from startup_n32g45x.o(.text) referenced from startup_n32g45x.o(RESET)
 <LI><a href="#[5f]">I2C4_ER_IRQHandler</a> from startup_n32g45x.o(.text) referenced from startup_n32g45x.o(RESET)
 <LI><a href="#[5e]">I2C4_EV_IRQHandler</a> from startup_n32g45x.o(.text) referenced from startup_n32g45x.o(RESET)
 <LI><a href="#[7e]">InitTask</a> from application.o(i.InitTask) referenced from application.o(i.rt_application_init)
 <LI><a href="#[75]">Led_task</a> from led.o(i.Led_task) referenced from application.o(i.InitTask)
 <LI><a href="#[66]">MMU_IRQHandler</a> from startup_n32g45x.o(.text) referenced from startup_n32g45x.o(RESET)
 <LI><a href="#[f]">MemManage_Handler</a> from n32g45x_it.o(i.MemManage_Handler) referenced from startup_n32g45x.o(RESET)
 <LI><a href="#[70]">Modbus_task</a> from usartx.o(i.Modbus_task) referenced from application.o(i.InitTask)
 <LI><a href="#[71]">Motor_task</a> from motor.o(i.Motor_task) referenced from application.o(i.InitTask)
 <LI><a href="#[d]">NMI_Handler</a> from n32g45x_it.o(i.NMI_Handler) referenced from startup_n32g45x.o(RESET)
 <LI><a href="#[17]">PVD_IRQHandler</a> from startup_n32g45x.o(.text) referenced from startup_n32g45x.o(RESET)
 <LI><a href="#[14]">PendSV_Handler</a> from context_rvds.o(.text) referenced from startup_n32g45x.o(RESET)
 <LI><a href="#[59]">QSPI_IRQHandler</a> from startup_n32g45x.o(.text) referenced from startup_n32g45x.o(RESET)
 <LI><a href="#[1b]">RCC_IRQHandler</a> from startup_n32g45x.o(.text) referenced from startup_n32g45x.o(RESET)
 <LI><a href="#[46]">RESERVE48_IRQHandler</a> from startup_n32g45x.o(.text) referenced from startup_n32g45x.o(RESET)
 <LI><a href="#[74]">RJJT_task</a> from rj_jt.o(i.RJJT_task) referenced from application.o(i.InitTask)
 <LI><a href="#[6b]">RSRAM_IRQHandler</a> from startup_n32g45x.o(.text) referenced from startup_n32g45x.o(RESET)
 <LI><a href="#[3f]">RTCAlarm_IRQHandler</a> from startup_n32g45x.o(.text) referenced from startup_n32g45x.o(RESET)
 <LI><a href="#[19]">RTC_WKUP_IRQHandler</a> from startup_n32g45x.o(.text) referenced from startup_n32g45x.o(RESET)
 <LI><a href="#[6f]">Remote_Task</a> from remote.o(i.Remote_Task) referenced from application.o(i.InitTask)
 <LI><a href="#[82]">Reset_Handler</a> from startup_n32g45x.o(.text) referenced from startup_n32g45x.o(RESET)
 <LI><a href="#[65]">SAC_IRQHandler</a> from startup_n32g45x.o(.text) referenced from startup_n32g45x.o(RESET)
 <LI><a href="#[47]">SDIO_IRQHandler</a> from startup_n32g45x.o(.text) referenced from startup_n32g45x.o(RESET)
 <LI><a href="#[39]">SPI1_IRQHandler</a> from startup_n32g45x.o(.text) referenced from startup_n32g45x.o(RESET)
 <LI><a href="#[3a]">SPI2_IRQHandler</a> from startup_n32g45x.o(.text) referenced from startup_n32g45x.o(RESET)
 <LI><a href="#[49]">SPI3_IRQHandler</a> from startup_n32g45x.o(.text) referenced from startup_n32g45x.o(RESET)
 <LI><a href="#[12]">SVC_Handler</a> from n32g45x_it.o(i.SVC_Handler) referenced from startup_n32g45x.o(RESET)
 <LI><a href="#[15]">SysTick_Handler</a> from bsp.o(i.SysTick_Handler) referenced from startup_n32g45x.o(RESET)
 <LI><a href="#[6c]">SystemInit</a> from system_n32g45x.o(i.SystemInit) referenced from startup_n32g45x.o(.text)
 <LI><a href="#[18]">TAMPER_IRQHandler</a> from startup_n32g45x.o(.text) referenced from startup_n32g45x.o(RESET)
 <LI><a href="#[2e]">TIM1_BRK_IRQHandler</a> from startup_n32g45x.o(.text) referenced from startup_n32g45x.o(RESET)
 <LI><a href="#[31]">TIM1_CC_IRQHandler</a> from startup_n32g45x.o(.text) referenced from startup_n32g45x.o(RESET)
 <LI><a href="#[30]">TIM1_TRG_COM_IRQHandler</a> from startup_n32g45x.o(.text) referenced from startup_n32g45x.o(RESET)
 <LI><a href="#[2f]">TIM1_UP_IRQHandler</a> from charger.o(i.TIM1_UP_IRQHandler) referenced from startup_n32g45x.o(RESET)
 <LI><a href="#[32]">TIM2_IRQHandler</a> from startup_n32g45x.o(.text) referenced from startup_n32g45x.o(RESET)
 <LI><a href="#[33]">TIM3_IRQHandler</a> from circularcar.o(i.TIM3_IRQHandler) referenced from startup_n32g45x.o(RESET)
 <LI><a href="#[34]">TIM4_IRQHandler</a> from n32g45x_it.o(i.TIM4_IRQHandler) referenced from startup_n32g45x.o(RESET)
 <LI><a href="#[48]">TIM5_IRQHandler</a> from charger.o(i.TIM5_IRQHandler) referenced from startup_n32g45x.o(RESET)
 <LI><a href="#[4c]">TIM6_IRQHandler</a> from startup_n32g45x.o(.text) referenced from startup_n32g45x.o(RESET)
 <LI><a href="#[4d]">TIM7_IRQHandler</a> from startup_n32g45x.o(.text) referenced from startup_n32g45x.o(RESET)
 <LI><a href="#[41]">TIM8_BRK_IRQHandler</a> from startup_n32g45x.o(.text) referenced from startup_n32g45x.o(RESET)
 <LI><a href="#[44]">TIM8_CC_IRQHandler</a> from startup_n32g45x.o(.text) referenced from startup_n32g45x.o(RESET)
 <LI><a href="#[43]">TIM8_TRG_COM_IRQHandler</a> from startup_n32g45x.o(.text) referenced from startup_n32g45x.o(RESET)
 <LI><a href="#[42]">TIM8_UP_IRQHandler</a> from startup_n32g45x.o(.text) referenced from startup_n32g45x.o(RESET)
 <LI><a href="#[67]">TSC_IRQHandler</a> from startup_n32g45x.o(.text) referenced from startup_n32g45x.o(RESET)
 <LI><a href="#[4a]">UART4_IRQHandler</a> from startup_n32g45x.o(.text) referenced from startup_n32g45x.o(RESET)
 <LI><a href="#[4b]">UART5_IRQHandler</a> from usartx.o(i.UART5_IRQHandler) referenced from startup_n32g45x.o(RESET)
 <LI><a href="#[60]">UART6_IRQHandler</a> from startup_n32g45x.o(.text) referenced from startup_n32g45x.o(RESET)
 <LI><a href="#[61]">UART7_IRQHandler</a> from startup_n32g45x.o(.text) referenced from startup_n32g45x.o(RESET)
 <LI><a href="#[3b]">USART1_IRQHandler</a> from usartx.o(i.USART1_IRQHandler) referenced from startup_n32g45x.o(RESET)
 <LI><a href="#[3c]">USART2_IRQHandler</a> from usartx.o(i.USART2_IRQHandler) referenced from startup_n32g45x.o(RESET)
 <LI><a href="#[3d]">USART3_IRQHandler</a> from usartx.o(i.USART3_IRQHandler) referenced from startup_n32g45x.o(RESET)
 <LI><a href="#[40]">USBWakeUp_IRQHandler</a> from startup_n32g45x.o(.text) referenced from startup_n32g45x.o(RESET)
 <LI><a href="#[29]">USB_HP_CAN1_TX_IRQHandler</a> from startup_n32g45x.o(.text) referenced from startup_n32g45x.o(RESET)
 <LI><a href="#[2a]">USB_LP_CAN1_RX0_IRQHandler</a> from motor.o(i.USB_LP_CAN1_RX0_IRQHandler) referenced from startup_n32g45x.o(RESET)
 <LI><a href="#[11]">UsageFault_Handler</a> from n32g45x_it.o(i.UsageFault_Handler) referenced from startup_n32g45x.o(RESET)
 <LI><a href="#[16]">WWDG_IRQHandler</a> from startup_n32g45x.o(.text) referenced from startup_n32g45x.o(RESET)
 <LI><a href="#[83]">__main</a> from __main.o(!!!main) referenced from startup_n32g45x.o(.text)
 <LI><a href="#[8]">eMBFuncReadCoils</a> from mbfunccoils.o(i.eMBFuncReadCoils) referenced 2 times from mb.o(.data)
 <LI><a href="#[b]">eMBFuncReadDiscreteInputs</a> from mbfuncdisc.o(i.eMBFuncReadDiscreteInputs) referenced 2 times from mb.o(.data)
 <LI><a href="#[4]">eMBFuncReadHoldingRegister</a> from mbfuncholding.o(i.eMBFuncReadHoldingRegister) referenced 2 times from mb.o(.data)
 <LI><a href="#[3]">eMBFuncReadInputRegister</a> from mbfuncinput.o(i.eMBFuncReadInputRegister) referenced 2 times from mb.o(.data)
 <LI><a href="#[7]">eMBFuncReadWriteMultipleHoldingRegister</a> from mbfuncholding.o(i.eMBFuncReadWriteMultipleHoldingRegister) referenced 2 times from mb.o(.data)
 <LI><a href="#[2]">eMBFuncReportSlaveID</a> from mbfuncother.o(i.eMBFuncReportSlaveID) referenced 2 times from mb.o(.data)
 <LI><a href="#[9]">eMBFuncWriteCoil</a> from mbfunccoils.o(i.eMBFuncWriteCoil) referenced 2 times from mb.o(.data)
 <LI><a href="#[6]">eMBFuncWriteHoldingRegister</a> from mbfuncholding.o(i.eMBFuncWriteHoldingRegister) referenced 2 times from mb.o(.data)
 <LI><a href="#[a]">eMBFuncWriteMultipleCoils</a> from mbfunccoils.o(i.eMBFuncWriteMultipleCoils) referenced 2 times from mb.o(.data)
 <LI><a href="#[5]">eMBFuncWriteMultipleHoldingRegister</a> from mbfuncholding.o(i.eMBFuncWriteMultipleHoldingRegister) referenced 2 times from mb.o(.data)
 <LI><a href="#[7a]">eMBRTUReceive</a> from mbrtu.o(i.eMBRTUReceive) referenced from mb.o(i.eMBInit)
 <LI><a href="#[78]">eMBRTUStart</a> from mbrtu.o(i.eMBRTUStart) referenced from mb.o(i.eMBInit)
 <LI><a href="#[79]">eMBRTUStop</a> from mbrtu.o(i.eMBRTUStop) referenced from mb.o(i.eMBInit)
 <LI><a href="#[80]">rt_thread_exit</a> from thread.o(i.rt_thread_exit) referenced from thread.o(i.rt_thread_init)
 <LI><a href="#[7f]">rt_thread_idle_entry</a> from idle.o(i.rt_thread_idle_entry) referenced from idle.o(i.rt_thread_idle_init)
 <LI><a href="#[81]">rt_thread_timeout</a> from thread.o(i.rt_thread_timeout) referenced from thread.o(i.rt_thread_init)
 <LI><a href="#[7b]">xMBRTUReceiveFSM</a> from mbrtu.o(i.xMBRTUReceiveFSM) referenced from mb.o(i.eMBInit)
 <LI><a href="#[7d]">xMBRTUTimerT35Expired</a> from mbrtu.o(i.xMBRTUTimerT35Expired) referenced from mb.o(i.eMBInit)
 <LI><a href="#[7c]">xMBRTUTransmitFSM</a> from mbrtu.o(i.xMBRTUTransmitFSM) referenced from mb.o(i.eMBInit)
</UL>
<P>
<H3>
Global Symbols
</H3>
<P><STRONG><a name="[83]"></a>__main</STRONG> (Thumb, 8 bytes, Stack size 0 bytes, __main.o(!!!main))
<BR><BR>[Calls]<UL><LI><a href="#[86]">&gt;&gt;</a>&nbsp;&nbsp;&nbsp;__rt_entry
<LI><a href="#[85]">&gt;&gt;</a>&nbsp;&nbsp;&nbsp;__scatterload
</UL>

<P><STRONG><a name="[85]"></a>__scatterload</STRONG> (Thumb, 0 bytes, Stack size unknown bytes, __scatter.o(!!!scatter))
<BR><BR>[Called By]<UL><LI><a href="#[83]">&gt;&gt;</a>&nbsp;&nbsp;&nbsp;__main
</UL>

<P><STRONG><a name="[87]"></a>__scatterload_rt2</STRONG> (Thumb, 44 bytes, Stack size unknown bytes, __scatter.o(!!!scatter), UNUSED)
<BR><BR>[Calls]<UL><LI><a href="#[86]">&gt;&gt;</a>&nbsp;&nbsp;&nbsp;__rt_entry
</UL>

<P><STRONG><a name="[1d5]"></a>__scatterload_rt2_thumb_only</STRONG> (Thumb, 0 bytes, Stack size unknown bytes, __scatter.o(!!!scatter), UNUSED)

<P><STRONG><a name="[1d6]"></a>__scatterload_null</STRONG> (Thumb, 0 bytes, Stack size unknown bytes, __scatter.o(!!!scatter), UNUSED)

<P><STRONG><a name="[1d7]"></a>__decompress</STRONG> (Thumb, 90 bytes, Stack size unknown bytes, __dczerorl2.o(!!dczerorl2), UNUSED)

<P><STRONG><a name="[1d8]"></a>__decompress1</STRONG> (Thumb, 0 bytes, Stack size unknown bytes, __dczerorl2.o(!!dczerorl2), UNUSED)

<P><STRONG><a name="[1d9]"></a>__scatterload_zeroinit</STRONG> (Thumb, 28 bytes, Stack size unknown bytes, __scatter_zi.o(!!handler_zi), UNUSED)

<P><STRONG><a name="[8d]"></a>__rt_lib_init</STRONG> (Thumb, 0 bytes, Stack size unknown bytes, libinit.o(.ARM.Collect$$libinit$$00000000))
<BR><BR>[Called By]<UL><LI><a href="#[8c]">&gt;&gt;</a>&nbsp;&nbsp;&nbsp;__rt_entry_li
</UL>

<P><STRONG><a name="[88]"></a>__rt_lib_init_fp_1</STRONG> (Thumb, 0 bytes, Stack size unknown bytes, libinit2.o(.ARM.Collect$$libinit$$00000001))
<BR><BR>[Calls]<UL><LI><a href="#[89]">&gt;&gt;</a>&nbsp;&nbsp;&nbsp;_fp_init
</UL>

<P><STRONG><a name="[1da]"></a>__rt_lib_init_alloca_1</STRONG> (Thumb, 0 bytes, Stack size unknown bytes, libinit2.o(.ARM.Collect$$libinit$$0000002E))

<P><STRONG><a name="[1db]"></a>__rt_lib_init_argv_1</STRONG> (Thumb, 0 bytes, Stack size unknown bytes, libinit2.o(.ARM.Collect$$libinit$$0000002C))

<P><STRONG><a name="[1dc]"></a>__rt_lib_init_atexit_1</STRONG> (Thumb, 0 bytes, Stack size unknown bytes, libinit2.o(.ARM.Collect$$libinit$$0000001B))

<P><STRONG><a name="[1dd]"></a>__rt_lib_init_clock_1</STRONG> (Thumb, 0 bytes, Stack size unknown bytes, libinit2.o(.ARM.Collect$$libinit$$00000021))

<P><STRONG><a name="[1de]"></a>__rt_lib_init_cpp_1</STRONG> (Thumb, 0 bytes, Stack size unknown bytes, libinit2.o(.ARM.Collect$$libinit$$00000032))

<P><STRONG><a name="[1df]"></a>__rt_lib_init_exceptions_1</STRONG> (Thumb, 0 bytes, Stack size unknown bytes, libinit2.o(.ARM.Collect$$libinit$$00000030))

<P><STRONG><a name="[1e0]"></a>__rt_lib_init_fp_trap_1</STRONG> (Thumb, 0 bytes, Stack size unknown bytes, libinit2.o(.ARM.Collect$$libinit$$0000001F))

<P><STRONG><a name="[1e1]"></a>__rt_lib_init_getenv_1</STRONG> (Thumb, 0 bytes, Stack size unknown bytes, libinit2.o(.ARM.Collect$$libinit$$00000023))

<P><STRONG><a name="[1e2]"></a>__rt_lib_init_heap_1</STRONG> (Thumb, 0 bytes, Stack size unknown bytes, libinit2.o(.ARM.Collect$$libinit$$0000000A))

<P><STRONG><a name="[1e3]"></a>__rt_lib_init_lc_collate_1</STRONG> (Thumb, 0 bytes, Stack size unknown bytes, libinit2.o(.ARM.Collect$$libinit$$00000011))

<P><STRONG><a name="[1e4]"></a>__rt_lib_init_lc_ctype_1</STRONG> (Thumb, 0 bytes, Stack size unknown bytes, libinit2.o(.ARM.Collect$$libinit$$00000013))

<P><STRONG><a name="[1e5]"></a>__rt_lib_init_lc_monetary_1</STRONG> (Thumb, 0 bytes, Stack size unknown bytes, libinit2.o(.ARM.Collect$$libinit$$00000015))

<P><STRONG><a name="[1e6]"></a>__rt_lib_init_lc_numeric_1</STRONG> (Thumb, 0 bytes, Stack size unknown bytes, libinit2.o(.ARM.Collect$$libinit$$00000017))

<P><STRONG><a name="[1e7]"></a>__rt_lib_init_lc_time_1</STRONG> (Thumb, 0 bytes, Stack size unknown bytes, libinit2.o(.ARM.Collect$$libinit$$00000019))

<P><STRONG><a name="[1e8]"></a>__rt_lib_init_preinit_1</STRONG> (Thumb, 0 bytes, Stack size unknown bytes, libinit2.o(.ARM.Collect$$libinit$$00000004))

<P><STRONG><a name="[1e9]"></a>__rt_lib_init_rand_1</STRONG> (Thumb, 0 bytes, Stack size unknown bytes, libinit2.o(.ARM.Collect$$libinit$$0000000E))

<P><STRONG><a name="[1ea]"></a>__rt_lib_init_return</STRONG> (Thumb, 0 bytes, Stack size unknown bytes, libinit2.o(.ARM.Collect$$libinit$$00000033))

<P><STRONG><a name="[1eb]"></a>__rt_lib_init_signal_1</STRONG> (Thumb, 0 bytes, Stack size unknown bytes, libinit2.o(.ARM.Collect$$libinit$$0000001D))

<P><STRONG><a name="[1ec]"></a>__rt_lib_init_stdio_1</STRONG> (Thumb, 0 bytes, Stack size unknown bytes, libinit2.o(.ARM.Collect$$libinit$$00000025))

<P><STRONG><a name="[1ed]"></a>__rt_lib_init_user_alloc_1</STRONG> (Thumb, 0 bytes, Stack size unknown bytes, libinit2.o(.ARM.Collect$$libinit$$0000000C))

<P><STRONG><a name="[92]"></a>__rt_lib_shutdown</STRONG> (Thumb, 0 bytes, Stack size unknown bytes, libshutdown.o(.ARM.Collect$$libshutdown$$00000000))
<BR><BR>[Called By]<UL><LI><a href="#[91]">&gt;&gt;</a>&nbsp;&nbsp;&nbsp;__rt_exit_ls
</UL>

<P><STRONG><a name="[1ee]"></a>__rt_lib_shutdown_cpp_1</STRONG> (Thumb, 0 bytes, Stack size unknown bytes, libshutdown2.o(.ARM.Collect$$libshutdown$$00000004))

<P><STRONG><a name="[1ef]"></a>__rt_lib_shutdown_fini_1</STRONG> (Thumb, 0 bytes, Stack size unknown bytes, libshutdown2.o(.ARM.Collect$$libshutdown$$00000002))

<P><STRONG><a name="[1f0]"></a>__rt_lib_shutdown_fp_trap_1</STRONG> (Thumb, 0 bytes, Stack size unknown bytes, libshutdown2.o(.ARM.Collect$$libshutdown$$00000009))

<P><STRONG><a name="[1f1]"></a>__rt_lib_shutdown_heap_1</STRONG> (Thumb, 0 bytes, Stack size unknown bytes, libshutdown2.o(.ARM.Collect$$libshutdown$$00000011))

<P><STRONG><a name="[1f2]"></a>__rt_lib_shutdown_return</STRONG> (Thumb, 0 bytes, Stack size unknown bytes, libshutdown2.o(.ARM.Collect$$libshutdown$$00000012))

<P><STRONG><a name="[1f3]"></a>__rt_lib_shutdown_signal_1</STRONG> (Thumb, 0 bytes, Stack size unknown bytes, libshutdown2.o(.ARM.Collect$$libshutdown$$0000000C))

<P><STRONG><a name="[1f4]"></a>__rt_lib_shutdown_stdio_1</STRONG> (Thumb, 0 bytes, Stack size unknown bytes, libshutdown2.o(.ARM.Collect$$libshutdown$$00000006))

<P><STRONG><a name="[1f5]"></a>__rt_lib_shutdown_user_alloc_1</STRONG> (Thumb, 0 bytes, Stack size unknown bytes, libshutdown2.o(.ARM.Collect$$libshutdown$$0000000E))

<P><STRONG><a name="[86]"></a>__rt_entry</STRONG> (Thumb, 0 bytes, Stack size unknown bytes, __rtentry.o(.ARM.Collect$$rtentry$$00000000))
<BR><BR>[Called By]<UL><LI><a href="#[83]">&gt;&gt;</a>&nbsp;&nbsp;&nbsp;__main
<LI><a href="#[87]">&gt;&gt;</a>&nbsp;&nbsp;&nbsp;__scatterload_rt2
</UL>

<P><STRONG><a name="[1f6]"></a>__rt_entry_presh_1</STRONG> (Thumb, 0 bytes, Stack size unknown bytes, __rtentry2.o(.ARM.Collect$$rtentry$$00000002))

<P><STRONG><a name="[8a]"></a>__rt_entry_sh</STRONG> (Thumb, 0 bytes, Stack size unknown bytes, __rtentry4.o(.ARM.Collect$$rtentry$$00000004))
<BR><BR>[Stack]<UL><LI>Max Depth = 8 + Unknown Stack Size
<LI>Call Chain = __rt_entry_sh &rArr; __user_setup_stackheap
</UL>
<BR>[Calls]<UL><LI><a href="#[8b]">&gt;&gt;</a>&nbsp;&nbsp;&nbsp;__user_setup_stackheap
</UL>

<P><STRONG><a name="[8c]"></a>__rt_entry_li</STRONG> (Thumb, 0 bytes, Stack size unknown bytes, __rtentry2.o(.ARM.Collect$$rtentry$$0000000A))
<BR><BR>[Calls]<UL><LI><a href="#[8d]">&gt;&gt;</a>&nbsp;&nbsp;&nbsp;__rt_lib_init
</UL>

<P><STRONG><a name="[1f7]"></a>__rt_entry_postsh_1</STRONG> (Thumb, 0 bytes, Stack size unknown bytes, __rtentry2.o(.ARM.Collect$$rtentry$$00000009))

<P><STRONG><a name="[8e]"></a>__rt_entry_main</STRONG> (Thumb, 0 bytes, Stack size unknown bytes, __rtentry2.o(.ARM.Collect$$rtentry$$0000000D))
<BR><BR>[Stack]<UL><LI>Max Depth = 304 + Unknown Stack Size
<LI>Call Chain = __rt_entry_main &rArr; main &rArr; rtthread_startup &rArr; modbus_task_init &rArr; Pdu_Init
</UL>
<BR>[Calls]<UL><LI><a href="#[8f]">&gt;&gt;</a>&nbsp;&nbsp;&nbsp;main
<LI><a href="#[90]">&gt;&gt;</a>&nbsp;&nbsp;&nbsp;exit
</UL>

<P><STRONG><a name="[1f8]"></a>__rt_entry_postli_1</STRONG> (Thumb, 0 bytes, Stack size unknown bytes, __rtentry2.o(.ARM.Collect$$rtentry$$0000000C))

<P><STRONG><a name="[9e]"></a>__rt_exit</STRONG> (Thumb, 0 bytes, Stack size unknown bytes, rtexit.o(.ARM.Collect$$rtexit$$00000000))
<BR><BR>[Called By]<UL><LI><a href="#[90]">&gt;&gt;</a>&nbsp;&nbsp;&nbsp;exit
</UL>

<P><STRONG><a name="[91]"></a>__rt_exit_ls</STRONG> (Thumb, 0 bytes, Stack size unknown bytes, rtexit2.o(.ARM.Collect$$rtexit$$00000003))
<BR><BR>[Calls]<UL><LI><a href="#[92]">&gt;&gt;</a>&nbsp;&nbsp;&nbsp;__rt_lib_shutdown
</UL>

<P><STRONG><a name="[1f9]"></a>__rt_exit_prels_1</STRONG> (Thumb, 0 bytes, Stack size unknown bytes, rtexit2.o(.ARM.Collect$$rtexit$$00000002))

<P><STRONG><a name="[93]"></a>__rt_exit_exit</STRONG> (Thumb, 0 bytes, Stack size unknown bytes, rtexit2.o(.ARM.Collect$$rtexit$$00000004))
<BR><BR>[Calls]<UL><LI><a href="#[94]">&gt;&gt;</a>&nbsp;&nbsp;&nbsp;_sys_exit
</UL>

<P><STRONG><a name="[82]"></a>Reset_Handler</STRONG> (Thumb, 8 bytes, Stack size 0 bytes, startup_n32g45x.o(.text))

<P><STRONG><a name="[28]"></a>ADC1_2_IRQHandler</STRONG> (Thumb, 0 bytes, Stack size 0 bytes, startup_n32g45x.o(.text))
<BR><BR>[Calls]<UL><LI><a href="#[28]">&gt;&gt;</a>&nbsp;&nbsp;&nbsp;ADC1_2_IRQHandler
</UL>
<BR>[Called By]<UL><LI><a href="#[28]">&gt;&gt;</a>&nbsp;&nbsp;&nbsp;ADC1_2_IRQHandler
</UL>
<BR>[Address Reference Count : 1]<UL><LI> startup_n32g45x.o(RESET)
</UL>
<P><STRONG><a name="[45]"></a>ADC3_4_IRQHandler</STRONG> (Thumb, 0 bytes, Stack size 0 bytes, startup_n32g45x.o(.text))
<BR>[Address Reference Count : 1]<UL><LI> startup_n32g45x.o(RESET)
</UL>
<P><STRONG><a name="[2b]"></a>CAN1_RX1_IRQHandler</STRONG> (Thumb, 0 bytes, Stack size 0 bytes, startup_n32g45x.o(.text))
<BR>[Address Reference Count : 1]<UL><LI> startup_n32g45x.o(RESET)
</UL>
<P><STRONG><a name="[2c]"></a>CAN1_SCE_IRQHandler</STRONG> (Thumb, 0 bytes, Stack size 0 bytes, startup_n32g45x.o(.text))
<BR>[Address Reference Count : 1]<UL><LI> startup_n32g45x.o(RESET)
</UL>
<P><STRONG><a name="[57]"></a>CAN2_RX1_IRQHandler</STRONG> (Thumb, 0 bytes, Stack size 0 bytes, startup_n32g45x.o(.text))
<BR>[Address Reference Count : 1]<UL><LI> startup_n32g45x.o(RESET)
</UL>
<P><STRONG><a name="[58]"></a>CAN2_SCE_IRQHandler</STRONG> (Thumb, 0 bytes, Stack size 0 bytes, startup_n32g45x.o(.text))
<BR>[Address Reference Count : 1]<UL><LI> startup_n32g45x.o(RESET)
</UL>
<P><STRONG><a name="[55]"></a>CAN2_TX_IRQHandler</STRONG> (Thumb, 0 bytes, Stack size 0 bytes, startup_n32g45x.o(.text))
<BR>[Address Reference Count : 1]<UL><LI> startup_n32g45x.o(RESET)
</UL>
<P><STRONG><a name="[6a]"></a>COMP7_IRQHandler</STRONG> (Thumb, 0 bytes, Stack size 0 bytes, startup_n32g45x.o(.text))
<BR>[Address Reference Count : 1]<UL><LI> startup_n32g45x.o(RESET)
</UL>
<P><STRONG><a name="[68]"></a>COMP_1_2_3_IRQHandler</STRONG> (Thumb, 0 bytes, Stack size 0 bytes, startup_n32g45x.o(.text))
<BR>[Address Reference Count : 1]<UL><LI> startup_n32g45x.o(RESET)
</UL>
<P><STRONG><a name="[69]"></a>COMP_4_5_6_IRQHandler</STRONG> (Thumb, 0 bytes, Stack size 0 bytes, startup_n32g45x.o(.text))
<BR>[Address Reference Count : 1]<UL><LI> startup_n32g45x.o(RESET)
</UL>
<P><STRONG><a name="[21]"></a>DMA1_Channel1_IRQHandler</STRONG> (Thumb, 0 bytes, Stack size 0 bytes, startup_n32g45x.o(.text))
<BR>[Address Reference Count : 1]<UL><LI> startup_n32g45x.o(RESET)
</UL>
<P><STRONG><a name="[23]"></a>DMA1_Channel3_IRQHandler</STRONG> (Thumb, 0 bytes, Stack size 0 bytes, startup_n32g45x.o(.text))
<BR>[Address Reference Count : 1]<UL><LI> startup_n32g45x.o(RESET)
</UL>
<P><STRONG><a name="[25]"></a>DMA1_Channel5_IRQHandler</STRONG> (Thumb, 0 bytes, Stack size 0 bytes, startup_n32g45x.o(.text))
<BR>[Address Reference Count : 1]<UL><LI> startup_n32g45x.o(RESET)
</UL>
<P><STRONG><a name="[26]"></a>DMA1_Channel6_IRQHandler</STRONG> (Thumb, 0 bytes, Stack size 0 bytes, startup_n32g45x.o(.text))
<BR>[Address Reference Count : 1]<UL><LI> startup_n32g45x.o(RESET)
</UL>
<P><STRONG><a name="[62]"></a>DMA1_Channel8_IRQHandler</STRONG> (Thumb, 0 bytes, Stack size 0 bytes, startup_n32g45x.o(.text))
<BR>[Address Reference Count : 1]<UL><LI> startup_n32g45x.o(RESET)
</UL>
<P><STRONG><a name="[4e]"></a>DMA2_Channel1_IRQHandler</STRONG> (Thumb, 0 bytes, Stack size 0 bytes, startup_n32g45x.o(.text))
<BR>[Address Reference Count : 1]<UL><LI> startup_n32g45x.o(RESET)
</UL>
<P><STRONG><a name="[4f]"></a>DMA2_Channel2_IRQHandler</STRONG> (Thumb, 0 bytes, Stack size 0 bytes, startup_n32g45x.o(.text))
<BR>[Address Reference Count : 1]<UL><LI> startup_n32g45x.o(RESET)
</UL>
<P><STRONG><a name="[50]"></a>DMA2_Channel3_IRQHandler</STRONG> (Thumb, 0 bytes, Stack size 0 bytes, startup_n32g45x.o(.text))
<BR>[Address Reference Count : 1]<UL><LI> startup_n32g45x.o(RESET)
</UL>
<P><STRONG><a name="[51]"></a>DMA2_Channel4_IRQHandler</STRONG> (Thumb, 0 bytes, Stack size 0 bytes, startup_n32g45x.o(.text))
<BR>[Address Reference Count : 1]<UL><LI> startup_n32g45x.o(RESET)
</UL>
<P><STRONG><a name="[52]"></a>DMA2_Channel5_IRQHandler</STRONG> (Thumb, 0 bytes, Stack size 0 bytes, startup_n32g45x.o(.text))
<BR>[Address Reference Count : 1]<UL><LI> startup_n32g45x.o(RESET)
</UL>
<P><STRONG><a name="[5a]"></a>DMA2_Channel6_IRQHandler</STRONG> (Thumb, 0 bytes, Stack size 0 bytes, startup_n32g45x.o(.text))
<BR>[Address Reference Count : 1]<UL><LI> startup_n32g45x.o(RESET)
</UL>
<P><STRONG><a name="[5b]"></a>DMA2_Channel7_IRQHandler</STRONG> (Thumb, 0 bytes, Stack size 0 bytes, startup_n32g45x.o(.text))
<BR>[Address Reference Count : 1]<UL><LI> startup_n32g45x.o(RESET)
</UL>
<P><STRONG><a name="[63]"></a>DMA2_Channel8_IRQHandler</STRONG> (Thumb, 0 bytes, Stack size 0 bytes, startup_n32g45x.o(.text))
<BR>[Address Reference Count : 1]<UL><LI> startup_n32g45x.o(RESET)
</UL>
<P><STRONG><a name="[64]"></a>DVP_IRQHandler</STRONG> (Thumb, 0 bytes, Stack size 0 bytes, startup_n32g45x.o(.text))
<BR>[Address Reference Count : 1]<UL><LI> startup_n32g45x.o(RESET)
</UL>
<P><STRONG><a name="[53]"></a>ETH_IRQHandler</STRONG> (Thumb, 0 bytes, Stack size 0 bytes, startup_n32g45x.o(.text))
<BR>[Address Reference Count : 1]<UL><LI> startup_n32g45x.o(RESET)
</UL>
<P><STRONG><a name="[54]"></a>ETH_WKUP_IRQHandler</STRONG> (Thumb, 0 bytes, Stack size 0 bytes, startup_n32g45x.o(.text))
<BR>[Address Reference Count : 1]<UL><LI> startup_n32g45x.o(RESET)
</UL>
<P><STRONG><a name="[1c]"></a>EXTI0_IRQHandler</STRONG> (Thumb, 0 bytes, Stack size 0 bytes, startup_n32g45x.o(.text))
<BR>[Address Reference Count : 1]<UL><LI> startup_n32g45x.o(RESET)
</UL>
<P><STRONG><a name="[3e]"></a>EXTI15_10_IRQHandler</STRONG> (Thumb, 0 bytes, Stack size 0 bytes, startup_n32g45x.o(.text))
<BR>[Address Reference Count : 1]<UL><LI> startup_n32g45x.o(RESET)
</UL>
<P><STRONG><a name="[1d]"></a>EXTI1_IRQHandler</STRONG> (Thumb, 0 bytes, Stack size 0 bytes, startup_n32g45x.o(.text))
<BR>[Address Reference Count : 1]<UL><LI> startup_n32g45x.o(RESET)
</UL>
<P><STRONG><a name="[1e]"></a>EXTI2_IRQHandler</STRONG> (Thumb, 0 bytes, Stack size 0 bytes, startup_n32g45x.o(.text))
<BR>[Address Reference Count : 1]<UL><LI> startup_n32g45x.o(RESET)
</UL>
<P><STRONG><a name="[1f]"></a>EXTI3_IRQHandler</STRONG> (Thumb, 0 bytes, Stack size 0 bytes, startup_n32g45x.o(.text))
<BR>[Address Reference Count : 1]<UL><LI> startup_n32g45x.o(RESET)
</UL>
<P><STRONG><a name="[20]"></a>EXTI4_IRQHandler</STRONG> (Thumb, 0 bytes, Stack size 0 bytes, startup_n32g45x.o(.text))
<BR>[Address Reference Count : 1]<UL><LI> startup_n32g45x.o(RESET)
</UL>
<P><STRONG><a name="[2d]"></a>EXTI9_5_IRQHandler</STRONG> (Thumb, 0 bytes, Stack size 0 bytes, startup_n32g45x.o(.text))
<BR>[Address Reference Count : 1]<UL><LI> startup_n32g45x.o(RESET)
</UL>
<P><STRONG><a name="[1a]"></a>FLASH_IRQHandler</STRONG> (Thumb, 0 bytes, Stack size 0 bytes, startup_n32g45x.o(.text))
<BR>[Address Reference Count : 1]<UL><LI> startup_n32g45x.o(RESET)
</UL>
<P><STRONG><a name="[36]"></a>I2C1_ER_IRQHandler</STRONG> (Thumb, 0 bytes, Stack size 0 bytes, startup_n32g45x.o(.text))
<BR>[Address Reference Count : 1]<UL><LI> startup_n32g45x.o(RESET)
</UL>
<P><STRONG><a name="[35]"></a>I2C1_EV_IRQHandler</STRONG> (Thumb, 0 bytes, Stack size 0 bytes, startup_n32g45x.o(.text))
<BR>[Address Reference Count : 1]<UL><LI> startup_n32g45x.o(RESET)
</UL>
<P><STRONG><a name="[38]"></a>I2C2_ER_IRQHandler</STRONG> (Thumb, 0 bytes, Stack size 0 bytes, startup_n32g45x.o(.text))
<BR>[Address Reference Count : 1]<UL><LI> startup_n32g45x.o(RESET)
</UL>
<P><STRONG><a name="[37]"></a>I2C2_EV_IRQHandler</STRONG> (Thumb, 0 bytes, Stack size 0 bytes, startup_n32g45x.o(.text))
<BR>[Address Reference Count : 1]<UL><LI> startup_n32g45x.o(RESET)
</UL>
<P><STRONG><a name="[5d]"></a>I2C3_ER_IRQHandler</STRONG> (Thumb, 0 bytes, Stack size 0 bytes, startup_n32g45x.o(.text))
<BR>[Address Reference Count : 1]<UL><LI> startup_n32g45x.o(RESET)
</UL>
<P><STRONG><a name="[5c]"></a>I2C3_EV_IRQHandler</STRONG> (Thumb, 0 bytes, Stack size 0 bytes, startup_n32g45x.o(.text))
<BR>[Address Reference Count : 1]<UL><LI> startup_n32g45x.o(RESET)
</UL>
<P><STRONG><a name="[5f]"></a>I2C4_ER_IRQHandler</STRONG> (Thumb, 0 bytes, Stack size 0 bytes, startup_n32g45x.o(.text))
<BR>[Address Reference Count : 1]<UL><LI> startup_n32g45x.o(RESET)
</UL>
<P><STRONG><a name="[5e]"></a>I2C4_EV_IRQHandler</STRONG> (Thumb, 0 bytes, Stack size 0 bytes, startup_n32g45x.o(.text))
<BR>[Address Reference Count : 1]<UL><LI> startup_n32g45x.o(RESET)
</UL>
<P><STRONG><a name="[66]"></a>MMU_IRQHandler</STRONG> (Thumb, 0 bytes, Stack size 0 bytes, startup_n32g45x.o(.text))
<BR>[Address Reference Count : 1]<UL><LI> startup_n32g45x.o(RESET)
</UL>
<P><STRONG><a name="[17]"></a>PVD_IRQHandler</STRONG> (Thumb, 0 bytes, Stack size 0 bytes, startup_n32g45x.o(.text))
<BR>[Address Reference Count : 1]<UL><LI> startup_n32g45x.o(RESET)
</UL>
<P><STRONG><a name="[59]"></a>QSPI_IRQHandler</STRONG> (Thumb, 0 bytes, Stack size 0 bytes, startup_n32g45x.o(.text))
<BR>[Address Reference Count : 1]<UL><LI> startup_n32g45x.o(RESET)
</UL>
<P><STRONG><a name="[1b]"></a>RCC_IRQHandler</STRONG> (Thumb, 0 bytes, Stack size 0 bytes, startup_n32g45x.o(.text))
<BR>[Address Reference Count : 1]<UL><LI> startup_n32g45x.o(RESET)
</UL>
<P><STRONG><a name="[6b]"></a>RSRAM_IRQHandler</STRONG> (Thumb, 0 bytes, Stack size 0 bytes, startup_n32g45x.o(.text))
<BR>[Address Reference Count : 1]<UL><LI> startup_n32g45x.o(RESET)
</UL>
<P><STRONG><a name="[3f]"></a>RTCAlarm_IRQHandler</STRONG> (Thumb, 0 bytes, Stack size 0 bytes, startup_n32g45x.o(.text))
<BR>[Address Reference Count : 1]<UL><LI> startup_n32g45x.o(RESET)
</UL>
<P><STRONG><a name="[19]"></a>RTC_WKUP_IRQHandler</STRONG> (Thumb, 0 bytes, Stack size 0 bytes, startup_n32g45x.o(.text))
<BR>[Address Reference Count : 1]<UL><LI> startup_n32g45x.o(RESET)
</UL>
<P><STRONG><a name="[65]"></a>SAC_IRQHandler</STRONG> (Thumb, 0 bytes, Stack size 0 bytes, startup_n32g45x.o(.text))
<BR>[Address Reference Count : 1]<UL><LI> startup_n32g45x.o(RESET)
</UL>
<P><STRONG><a name="[47]"></a>SDIO_IRQHandler</STRONG> (Thumb, 0 bytes, Stack size 0 bytes, startup_n32g45x.o(.text))
<BR>[Address Reference Count : 1]<UL><LI> startup_n32g45x.o(RESET)
</UL>
<P><STRONG><a name="[39]"></a>SPI1_IRQHandler</STRONG> (Thumb, 0 bytes, Stack size 0 bytes, startup_n32g45x.o(.text))
<BR>[Address Reference Count : 1]<UL><LI> startup_n32g45x.o(RESET)
</UL>
<P><STRONG><a name="[3a]"></a>SPI2_IRQHandler</STRONG> (Thumb, 0 bytes, Stack size 0 bytes, startup_n32g45x.o(.text))
<BR>[Address Reference Count : 1]<UL><LI> startup_n32g45x.o(RESET)
</UL>
<P><STRONG><a name="[49]"></a>SPI3_IRQHandler</STRONG> (Thumb, 0 bytes, Stack size 0 bytes, startup_n32g45x.o(.text))
<BR>[Address Reference Count : 1]<UL><LI> startup_n32g45x.o(RESET)
</UL>
<P><STRONG><a name="[18]"></a>TAMPER_IRQHandler</STRONG> (Thumb, 0 bytes, Stack size 0 bytes, startup_n32g45x.o(.text))
<BR>[Address Reference Count : 1]<UL><LI> startup_n32g45x.o(RESET)
</UL>
<P><STRONG><a name="[2e]"></a>TIM1_BRK_IRQHandler</STRONG> (Thumb, 0 bytes, Stack size 0 bytes, startup_n32g45x.o(.text))
<BR>[Address Reference Count : 1]<UL><LI> startup_n32g45x.o(RESET)
</UL>
<P><STRONG><a name="[31]"></a>TIM1_CC_IRQHandler</STRONG> (Thumb, 0 bytes, Stack size 0 bytes, startup_n32g45x.o(.text))
<BR>[Address Reference Count : 1]<UL><LI> startup_n32g45x.o(RESET)
</UL>
<P><STRONG><a name="[30]"></a>TIM1_TRG_COM_IRQHandler</STRONG> (Thumb, 0 bytes, Stack size 0 bytes, startup_n32g45x.o(.text))
<BR>[Address Reference Count : 1]<UL><LI> startup_n32g45x.o(RESET)
</UL>
<P><STRONG><a name="[32]"></a>TIM2_IRQHandler</STRONG> (Thumb, 0 bytes, Stack size 0 bytes, startup_n32g45x.o(.text))
<BR>[Address Reference Count : 1]<UL><LI> startup_n32g45x.o(RESET)
</UL>
<P><STRONG><a name="[4c]"></a>TIM6_IRQHandler</STRONG> (Thumb, 0 bytes, Stack size 0 bytes, startup_n32g45x.o(.text))
<BR>[Address Reference Count : 1]<UL><LI> startup_n32g45x.o(RESET)
</UL>
<P><STRONG><a name="[4d]"></a>TIM7_IRQHandler</STRONG> (Thumb, 0 bytes, Stack size 0 bytes, startup_n32g45x.o(.text))
<BR>[Address Reference Count : 1]<UL><LI> startup_n32g45x.o(RESET)
</UL>
<P><STRONG><a name="[41]"></a>TIM8_BRK_IRQHandler</STRONG> (Thumb, 0 bytes, Stack size 0 bytes, startup_n32g45x.o(.text))
<BR>[Address Reference Count : 1]<UL><LI> startup_n32g45x.o(RESET)
</UL>
<P><STRONG><a name="[44]"></a>TIM8_CC_IRQHandler</STRONG> (Thumb, 0 bytes, Stack size 0 bytes, startup_n32g45x.o(.text))
<BR>[Address Reference Count : 1]<UL><LI> startup_n32g45x.o(RESET)
</UL>
<P><STRONG><a name="[43]"></a>TIM8_TRG_COM_IRQHandler</STRONG> (Thumb, 0 bytes, Stack size 0 bytes, startup_n32g45x.o(.text))
<BR>[Address Reference Count : 1]<UL><LI> startup_n32g45x.o(RESET)
</UL>
<P><STRONG><a name="[42]"></a>TIM8_UP_IRQHandler</STRONG> (Thumb, 0 bytes, Stack size 0 bytes, startup_n32g45x.o(.text))
<BR>[Address Reference Count : 1]<UL><LI> startup_n32g45x.o(RESET)
</UL>
<P><STRONG><a name="[67]"></a>TSC_IRQHandler</STRONG> (Thumb, 0 bytes, Stack size 0 bytes, startup_n32g45x.o(.text))
<BR>[Address Reference Count : 1]<UL><LI> startup_n32g45x.o(RESET)
</UL>
<P><STRONG><a name="[4a]"></a>UART4_IRQHandler</STRONG> (Thumb, 0 bytes, Stack size 0 bytes, startup_n32g45x.o(.text))
<BR>[Address Reference Count : 1]<UL><LI> startup_n32g45x.o(RESET)
</UL>
<P><STRONG><a name="[60]"></a>UART6_IRQHandler</STRONG> (Thumb, 0 bytes, Stack size 0 bytes, startup_n32g45x.o(.text))
<BR>[Address Reference Count : 1]<UL><LI> startup_n32g45x.o(RESET)
</UL>
<P><STRONG><a name="[61]"></a>UART7_IRQHandler</STRONG> (Thumb, 0 bytes, Stack size 0 bytes, startup_n32g45x.o(.text))
<BR>[Address Reference Count : 1]<UL><LI> startup_n32g45x.o(RESET)
</UL>
<P><STRONG><a name="[40]"></a>USBWakeUp_IRQHandler</STRONG> (Thumb, 0 bytes, Stack size 0 bytes, startup_n32g45x.o(.text))
<BR>[Address Reference Count : 1]<UL><LI> startup_n32g45x.o(RESET)
</UL>
<P><STRONG><a name="[29]"></a>USB_HP_CAN1_TX_IRQHandler</STRONG> (Thumb, 0 bytes, Stack size 0 bytes, startup_n32g45x.o(.text))
<BR>[Address Reference Count : 1]<UL><LI> startup_n32g45x.o(RESET)
</UL>
<P><STRONG><a name="[16]"></a>WWDG_IRQHandler</STRONG> (Thumb, 0 bytes, Stack size 0 bytes, startup_n32g45x.o(.text))
<BR>[Address Reference Count : 1]<UL><LI> startup_n32g45x.o(RESET)
</UL>
<P><STRONG><a name="[84]"></a>__user_initial_stackheap</STRONG> (Thumb, 0 bytes, Stack size unknown bytes, startup_n32g45x.o(.text))
<BR><BR>[Called By]<UL><LI><a href="#[8b]">&gt;&gt;</a>&nbsp;&nbsp;&nbsp;__user_setup_stackheap
</UL>

<P><STRONG><a name="[18e]"></a>rt_hw_interrupt_disable</STRONG> (Thumb, 8 bytes, Stack size 0 bytes, context_rvds.o(.text))
<BR><BR>[Called By]<UL><LI><a href="#[1a9]">&gt;&gt;</a>&nbsp;&nbsp;&nbsp;rt_system_heap_init
<LI><a href="#[103]">&gt;&gt;</a>&nbsp;&nbsp;&nbsp;rt_thread_startup
<LI><a href="#[1a2]">&gt;&gt;</a>&nbsp;&nbsp;&nbsp;rt_schedule_remove_thread
<LI><a href="#[1a1]">&gt;&gt;</a>&nbsp;&nbsp;&nbsp;rt_schedule_insert_thread
<LI><a href="#[15a]">&gt;&gt;</a>&nbsp;&nbsp;&nbsp;rt_interrupt_leave
<LI><a href="#[158]">&gt;&gt;</a>&nbsp;&nbsp;&nbsp;rt_interrupt_enter
<LI><a href="#[1a8]">&gt;&gt;</a>&nbsp;&nbsp;&nbsp;rt_timer_start
<LI><a href="#[1a6]">&gt;&gt;</a>&nbsp;&nbsp;&nbsp;rt_thread_suspend
<LI><a href="#[1a4]">&gt;&gt;</a>&nbsp;&nbsp;&nbsp;rt_thread_resume
<LI><a href="#[1a0]">&gt;&gt;</a>&nbsp;&nbsp;&nbsp;rt_schedule
<LI><a href="#[195]">&gt;&gt;</a>&nbsp;&nbsp;&nbsp;rt_sem_take
<LI><a href="#[196]">&gt;&gt;</a>&nbsp;&nbsp;&nbsp;rt_sem_release
<LI><a href="#[199]">&gt;&gt;</a>&nbsp;&nbsp;&nbsp;rt_object_delete
<LI><a href="#[194]">&gt;&gt;</a>&nbsp;&nbsp;&nbsp;rt_interrupt_get_nest
<LI><a href="#[1ae]">&gt;&gt;</a>&nbsp;&nbsp;&nbsp;rt_thread_idle_excute
<LI><a href="#[7f]">&gt;&gt;</a>&nbsp;&nbsp;&nbsp;rt_thread_idle_entry
<LI><a href="#[19c]">&gt;&gt;</a>&nbsp;&nbsp;&nbsp;rt_object_init
<LI><a href="#[19a]">&gt;&gt;</a>&nbsp;&nbsp;&nbsp;rt_object_detach
<LI><a href="#[b6]">&gt;&gt;</a>&nbsp;&nbsp;&nbsp;rt_malloc
<LI><a href="#[d6]">&gt;&gt;</a>&nbsp;&nbsp;&nbsp;rt_free
<LI><a href="#[190]">&gt;&gt;</a>&nbsp;&nbsp;&nbsp;rt_exit_critical
<LI><a href="#[18d]">&gt;&gt;</a>&nbsp;&nbsp;&nbsp;rt_enter_critical
<LI><a href="#[1b5]">&gt;&gt;</a>&nbsp;&nbsp;&nbsp;rt_timer_check
<LI><a href="#[1b4]">&gt;&gt;</a>&nbsp;&nbsp;&nbsp;rt_thread_yield
<LI><a href="#[1b3]">&gt;&gt;</a>&nbsp;&nbsp;&nbsp;rt_timer_stop
<LI><a href="#[1ad]">&gt;&gt;</a>&nbsp;&nbsp;&nbsp;rt_timer_detach
<LI><a href="#[1ac]">&gt;&gt;</a>&nbsp;&nbsp;&nbsp;rt_thread_sleep
<LI><a href="#[80]">&gt;&gt;</a>&nbsp;&nbsp;&nbsp;rt_thread_exit
</UL>

<P><STRONG><a name="[18f]"></a>rt_hw_interrupt_enable</STRONG> (Thumb, 6 bytes, Stack size 0 bytes, context_rvds.o(.text))
<BR><BR>[Called By]<UL><LI><a href="#[1a9]">&gt;&gt;</a>&nbsp;&nbsp;&nbsp;rt_system_heap_init
<LI><a href="#[103]">&gt;&gt;</a>&nbsp;&nbsp;&nbsp;rt_thread_startup
<LI><a href="#[1a2]">&gt;&gt;</a>&nbsp;&nbsp;&nbsp;rt_schedule_remove_thread
<LI><a href="#[1a1]">&gt;&gt;</a>&nbsp;&nbsp;&nbsp;rt_schedule_insert_thread
<LI><a href="#[15a]">&gt;&gt;</a>&nbsp;&nbsp;&nbsp;rt_interrupt_leave
<LI><a href="#[158]">&gt;&gt;</a>&nbsp;&nbsp;&nbsp;rt_interrupt_enter
<LI><a href="#[1a8]">&gt;&gt;</a>&nbsp;&nbsp;&nbsp;rt_timer_start
<LI><a href="#[1a6]">&gt;&gt;</a>&nbsp;&nbsp;&nbsp;rt_thread_suspend
<LI><a href="#[1a4]">&gt;&gt;</a>&nbsp;&nbsp;&nbsp;rt_thread_resume
<LI><a href="#[1a0]">&gt;&gt;</a>&nbsp;&nbsp;&nbsp;rt_schedule
<LI><a href="#[195]">&gt;&gt;</a>&nbsp;&nbsp;&nbsp;rt_sem_take
<LI><a href="#[196]">&gt;&gt;</a>&nbsp;&nbsp;&nbsp;rt_sem_release
<LI><a href="#[199]">&gt;&gt;</a>&nbsp;&nbsp;&nbsp;rt_object_delete
<LI><a href="#[194]">&gt;&gt;</a>&nbsp;&nbsp;&nbsp;rt_interrupt_get_nest
<LI><a href="#[1ae]">&gt;&gt;</a>&nbsp;&nbsp;&nbsp;rt_thread_idle_excute
<LI><a href="#[7f]">&gt;&gt;</a>&nbsp;&nbsp;&nbsp;rt_thread_idle_entry
<LI><a href="#[19c]">&gt;&gt;</a>&nbsp;&nbsp;&nbsp;rt_object_init
<LI><a href="#[19a]">&gt;&gt;</a>&nbsp;&nbsp;&nbsp;rt_object_detach
<LI><a href="#[b6]">&gt;&gt;</a>&nbsp;&nbsp;&nbsp;rt_malloc
<LI><a href="#[d6]">&gt;&gt;</a>&nbsp;&nbsp;&nbsp;rt_free
<LI><a href="#[190]">&gt;&gt;</a>&nbsp;&nbsp;&nbsp;rt_exit_critical
<LI><a href="#[18d]">&gt;&gt;</a>&nbsp;&nbsp;&nbsp;rt_enter_critical
<LI><a href="#[1b5]">&gt;&gt;</a>&nbsp;&nbsp;&nbsp;rt_timer_check
<LI><a href="#[1b4]">&gt;&gt;</a>&nbsp;&nbsp;&nbsp;rt_thread_yield
<LI><a href="#[1b3]">&gt;&gt;</a>&nbsp;&nbsp;&nbsp;rt_timer_stop
<LI><a href="#[1ad]">&gt;&gt;</a>&nbsp;&nbsp;&nbsp;rt_timer_detach
<LI><a href="#[1ac]">&gt;&gt;</a>&nbsp;&nbsp;&nbsp;rt_thread_sleep
<LI><a href="#[80]">&gt;&gt;</a>&nbsp;&nbsp;&nbsp;rt_thread_exit
</UL>

<P><STRONG><a name="[193]"></a>rt_hw_context_switch</STRONG> (Thumb, 32 bytes, Stack size 0 bytes, context_rvds.o(.text))
<BR><BR>[Called By]<UL><LI><a href="#[1a0]">&gt;&gt;</a>&nbsp;&nbsp;&nbsp;rt_schedule
<LI><a href="#[190]">&gt;&gt;</a>&nbsp;&nbsp;&nbsp;rt_exit_critical
</UL>

<P><STRONG><a name="[192]"></a>rt_hw_context_switch_interrupt</STRONG> (Thumb, 0 bytes, Stack size 0 bytes, context_rvds.o(.text))
<BR><BR>[Called By]<UL><LI><a href="#[1a0]">&gt;&gt;</a>&nbsp;&nbsp;&nbsp;rt_schedule
<LI><a href="#[190]">&gt;&gt;</a>&nbsp;&nbsp;&nbsp;rt_exit_critical
</UL>

<P><STRONG><a name="[14]"></a>PendSV_Handler</STRONG> (Thumb, 108 bytes, Stack size 0 bytes, context_rvds.o(.text))
<BR>[Address Reference Count : 1]<UL><LI> startup_n32g45x.o(RESET)
</UL>
<P><STRONG><a name="[1ab]"></a>rt_hw_context_switch_to</STRONG> (Thumb, 70 bytes, Stack size 0 bytes, context_rvds.o(.text))
<BR><BR>[Called By]<UL><LI><a href="#[1aa]">&gt;&gt;</a>&nbsp;&nbsp;&nbsp;rt_system_scheduler_start
</UL>

<P><STRONG><a name="[1fa]"></a>rt_hw_interrupt_thread_switch</STRONG> (Thumb, 2 bytes, Stack size 0 bytes, context_rvds.o(.text), UNUSED)

<P><STRONG><a name="[e]"></a>HardFault_Handler</STRONG> (Thumb, 56 bytes, Stack size 0 bytes, context_rvds.o(.text))
<BR><BR>[Stack]<UL><LI>Max Depth = 8<LI>Call Chain = HardFault_Handler &rArr; rt_hw_hard_fault_exception
</UL>
<BR>[Calls]<UL><LI><a href="#[95]">&gt;&gt;</a>&nbsp;&nbsp;&nbsp;rt_hw_hard_fault_exception
</UL>
<BR>[Address Reference Count : 1]<UL><LI> startup_n32g45x.o(RESET)
</UL>
<P><STRONG><a name="[182]"></a>__aeabi_memcpy</STRONG> (Thumb, 0 bytes, Stack size 0 bytes, rt_memcpy_v6.o(.text))
<BR><BR>[Called By]<UL><LI><a href="#[2]">&gt;&gt;</a>&nbsp;&nbsp;&nbsp;eMBFuncReportSlaveID
</UL>

<P><STRONG><a name="[96]"></a>__rt_memcpy</STRONG> (Thumb, 138 bytes, Stack size 0 bytes, rt_memcpy_v6.o(.text), UNUSED)
<BR><BR>[Calls]<UL><LI><a href="#[97]">&gt;&gt;</a>&nbsp;&nbsp;&nbsp;__aeabi_memcpy4
</UL>

<P><STRONG><a name="[1fb]"></a>_memcpy_lastbytes</STRONG> (Thumb, 0 bytes, Stack size unknown bytes, rt_memcpy_v6.o(.text), UNUSED)

<P><STRONG><a name="[97]"></a>__aeabi_memcpy4</STRONG> (Thumb, 0 bytes, Stack size 8 bytes, rt_memcpy_w.o(.text))
<BR><BR>[Stack]<UL><LI>Max Depth = 8<LI>Call Chain = __aeabi_memcpy4
</UL>
<BR>[Called By]<UL><LI><a href="#[129]">&gt;&gt;</a>&nbsp;&nbsp;&nbsp;ZLAC8015_PDO_Config
<LI><a href="#[12b]">&gt;&gt;</a>&nbsp;&nbsp;&nbsp;ZLAC8015D_PDO_Config
<LI><a href="#[12a]">&gt;&gt;</a>&nbsp;&nbsp;&nbsp;WANZER_PDO_Config
<LI><a href="#[12c]">&gt;&gt;</a>&nbsp;&nbsp;&nbsp;PLAN_PDO_Config
<LI><a href="#[96]">&gt;&gt;</a>&nbsp;&nbsp;&nbsp;__rt_memcpy
</UL>

<P><STRONG><a name="[1fc]"></a>__aeabi_memcpy8</STRONG> (Thumb, 0 bytes, Stack size 8 bytes, rt_memcpy_w.o(.text), UNUSED)

<P><STRONG><a name="[1fd]"></a>__rt_memcpy_w</STRONG> (Thumb, 100 bytes, Stack size 8 bytes, rt_memcpy_w.o(.text), UNUSED)

<P><STRONG><a name="[1fe]"></a>_memcpy_lastbytes_aligned</STRONG> (Thumb, 0 bytes, Stack size unknown bytes, rt_memcpy_w.o(.text), UNUSED)

<P><STRONG><a name="[183]"></a>__aeabi_memclr</STRONG> (Thumb, 0 bytes, Stack size 0 bytes, rt_memclr.o(.text))
<BR><BR>[Called By]<UL><LI><a href="#[124]">&gt;&gt;</a>&nbsp;&nbsp;&nbsp;eMBInit
</UL>

<P><STRONG><a name="[98]"></a>__rt_memclr</STRONG> (Thumb, 68 bytes, Stack size 0 bytes, rt_memclr.o(.text), UNUSED)
<BR><BR>[Calls]<UL><LI><a href="#[99]">&gt;&gt;</a>&nbsp;&nbsp;&nbsp;_memset_w
</UL>

<P><STRONG><a name="[1ff]"></a>_memset</STRONG> (Thumb, 0 bytes, Stack size unknown bytes, rt_memclr.o(.text), UNUSED)

<P><STRONG><a name="[11c]"></a>__aeabi_memclr4</STRONG> (Thumb, 0 bytes, Stack size 4 bytes, rt_memclr_w.o(.text))
<BR><BR>[Stack]<UL><LI>Max Depth = 4<LI>Call Chain = __aeabi_memclr4
</UL>
<BR>[Called By]<UL><LI><a href="#[10a]">&gt;&gt;</a>&nbsp;&nbsp;&nbsp;Jump_To_BOOT
</UL>

<P><STRONG><a name="[200]"></a>__aeabi_memclr8</STRONG> (Thumb, 0 bytes, Stack size 4 bytes, rt_memclr_w.o(.text), UNUSED)

<P><STRONG><a name="[201]"></a>__rt_memclr_w</STRONG> (Thumb, 78 bytes, Stack size 4 bytes, rt_memclr_w.o(.text), UNUSED)

<P><STRONG><a name="[99]"></a>_memset_w</STRONG> (Thumb, 0 bytes, Stack size unknown bytes, rt_memclr_w.o(.text), UNUSED)
<BR><BR>[Called By]<UL><LI><a href="#[98]">&gt;&gt;</a>&nbsp;&nbsp;&nbsp;__rt_memclr
</UL>

<P><STRONG><a name="[202]"></a>__use_two_region_memory</STRONG> (Thumb, 2 bytes, Stack size 0 bytes, heapauxi.o(.text), UNUSED)

<P><STRONG><a name="[203]"></a>__rt_heap_escrow$2region</STRONG> (Thumb, 2 bytes, Stack size 0 bytes, heapauxi.o(.text), UNUSED)

<P><STRONG><a name="[204]"></a>__rt_heap_expand$2region</STRONG> (Thumb, 2 bytes, Stack size 0 bytes, heapauxi.o(.text), UNUSED)

<P><STRONG><a name="[9a]"></a>__read_errno</STRONG> (Thumb, 10 bytes, Stack size 8 bytes, _rserrno.o(.text), UNUSED)
<BR><BR>[Calls]<UL><LI><a href="#[9b]">&gt;&gt;</a>&nbsp;&nbsp;&nbsp;__aeabi_errno_addr
</UL>

<P><STRONG><a name="[9c]"></a>__set_errno</STRONG> (Thumb, 12 bytes, Stack size 8 bytes, _rserrno.o(.text))
<BR><BR>[Stack]<UL><LI>Max Depth = 8<LI>Call Chain = __set_errno
</UL>
<BR>[Calls]<UL><LI><a href="#[9b]">&gt;&gt;</a>&nbsp;&nbsp;&nbsp;__aeabi_errno_addr
</UL>
<BR>[Called By]<UL><LI><a href="#[153]">&gt;&gt;</a>&nbsp;&nbsp;&nbsp;__hardfp_tan
</UL>

<P><STRONG><a name="[9b]"></a>__aeabi_errno_addr</STRONG> (Thumb, 8 bytes, Stack size 0 bytes, rt_errno_addr_intlibspace.o(.text))
<BR><BR>[Called By]<UL><LI><a href="#[9c]">&gt;&gt;</a>&nbsp;&nbsp;&nbsp;__set_errno
<LI><a href="#[9a]">&gt;&gt;</a>&nbsp;&nbsp;&nbsp;__read_errno
</UL>

<P><STRONG><a name="[205]"></a>__errno$intlibspace</STRONG> (Thumb, 0 bytes, Stack size 0 bytes, rt_errno_addr_intlibspace.o(.text), UNUSED)

<P><STRONG><a name="[206]"></a>__rt_errno_addr$intlibspace</STRONG> (Thumb, 0 bytes, Stack size 0 bytes, rt_errno_addr_intlibspace.o(.text), UNUSED)

<P><STRONG><a name="[207]"></a>__user_libspace</STRONG> (Thumb, 8 bytes, Stack size 0 bytes, libspace.o(.text), UNUSED)

<P><STRONG><a name="[9d]"></a>__user_perproc_libspace</STRONG> (Thumb, 0 bytes, Stack size 0 bytes, libspace.o(.text))
<BR><BR>[Called By]<UL><LI><a href="#[8b]">&gt;&gt;</a>&nbsp;&nbsp;&nbsp;__user_setup_stackheap
</UL>

<P><STRONG><a name="[208]"></a>__user_perthread_libspace</STRONG> (Thumb, 0 bytes, Stack size 0 bytes, libspace.o(.text), UNUSED)

<P><STRONG><a name="[8b]"></a>__user_setup_stackheap</STRONG> (Thumb, 74 bytes, Stack size 8 bytes, sys_stackheap_outer.o(.text))
<BR><BR>[Stack]<UL><LI>Max Depth = 8 + Unknown Stack Size
<LI>Call Chain = __user_setup_stackheap
</UL>
<BR>[Calls]<UL><LI><a href="#[84]">&gt;&gt;</a>&nbsp;&nbsp;&nbsp;__user_initial_stackheap
<LI><a href="#[9d]">&gt;&gt;</a>&nbsp;&nbsp;&nbsp;__user_perproc_libspace
</UL>
<BR>[Called By]<UL><LI><a href="#[8a]">&gt;&gt;</a>&nbsp;&nbsp;&nbsp;__rt_entry_sh
</UL>

<P><STRONG><a name="[90]"></a>exit</STRONG> (Thumb, 18 bytes, Stack size 8 bytes, exit.o(.text))
<BR><BR>[Stack]<UL><LI>Max Depth = 8 + Unknown Stack Size
<LI>Call Chain = exit
</UL>
<BR>[Calls]<UL><LI><a href="#[9e]">&gt;&gt;</a>&nbsp;&nbsp;&nbsp;__rt_exit
</UL>
<BR>[Called By]<UL><LI><a href="#[8e]">&gt;&gt;</a>&nbsp;&nbsp;&nbsp;__rt_entry_main
</UL>

<P><STRONG><a name="[94]"></a>_sys_exit</STRONG> (Thumb, 8 bytes, Stack size 0 bytes, sys_exit.o(.text))
<BR><BR>[Called By]<UL><LI><a href="#[93]">&gt;&gt;</a>&nbsp;&nbsp;&nbsp;__rt_exit_exit
</UL>

<P><STRONG><a name="[209]"></a>__I$use$semihosting</STRONG> (Thumb, 0 bytes, Stack size 0 bytes, use_no_semi.o(.text), UNUSED)

<P><STRONG><a name="[20a]"></a>__use_no_semihosting_swi</STRONG> (Thumb, 2 bytes, Stack size 0 bytes, use_no_semi.o(.text), UNUSED)

<P><STRONG><a name="[20b]"></a>__semihosting_library_function</STRONG> (Thumb, 0 bytes, Stack size 8 bytes, indicate_semi.o(.text), UNUSED)

<P><STRONG><a name="[8f]"></a>main</STRONG> (Thumb, 10 bytes, Stack size 8 bytes, components.o(i.$Sub$$main))
<BR><BR>[Stack]<UL><LI>Max Depth = 304<LI>Call Chain = main &rArr; rtthread_startup &rArr; modbus_task_init &rArr; Pdu_Init
</UL>
<BR>[Calls]<UL><LI><a href="#[9f]">&gt;&gt;</a>&nbsp;&nbsp;&nbsp;rtthread_startup
</UL>
<BR>[Called By]<UL><LI><a href="#[8e]">&gt;&gt;</a>&nbsp;&nbsp;&nbsp;__rt_entry_main
</UL>

<P><STRONG><a name="[a6]"></a>ADC_ClearFlag</STRONG> (Thumb, 10 bytes, Stack size 0 bytes, n32g45x_adc.o(i.ADC_ClearFlag))
<BR><BR>[Called By]<UL><LI><a href="#[73]">&gt;&gt;</a>&nbsp;&nbsp;&nbsp;ADC_task
</UL>

<P><STRONG><a name="[a0]"></a>ADC_ConfigClk</STRONG> (Thumb, 114 bytes, Stack size 24 bytes, n32g45x_adc.o(i.ADC_ConfigClk))
<BR><BR>[Stack]<UL><LI>Max Depth = 24<LI>Call Chain = ADC_ConfigClk
</UL>
<BR>[Calls]<UL><LI><a href="#[a1]">&gt;&gt;</a>&nbsp;&nbsp;&nbsp;RCC_ConfigAdcPllClk
<LI><a href="#[a2]">&gt;&gt;</a>&nbsp;&nbsp;&nbsp;RCC_ConfigAdcHclk
</UL>
<BR>[Called By]<UL><LI><a href="#[ab]">&gt;&gt;</a>&nbsp;&nbsp;&nbsp;Adc_Init
</UL>

<P><STRONG><a name="[a8]"></a>ADC_ConfigRegularChannel</STRONG> (Thumb, 168 bytes, Stack size 8 bytes, n32g45x_adc.o(i.ADC_ConfigRegularChannel))
<BR><BR>[Stack]<UL><LI>Max Depth = 8<LI>Call Chain = ADC_ConfigRegularChannel
</UL>
<BR>[Called By]<UL><LI><a href="#[73]">&gt;&gt;</a>&nbsp;&nbsp;&nbsp;ADC_task
</UL>

<P><STRONG><a name="[b1]"></a>ADC_Enable</STRONG> (Thumb, 28 bytes, Stack size 0 bytes, n32g45x_adc.o(i.ADC_Enable))
<BR><BR>[Called By]<UL><LI><a href="#[ab]">&gt;&gt;</a>&nbsp;&nbsp;&nbsp;Adc_Init
</UL>

<P><STRONG><a name="[a9]"></a>ADC_EnableSoftwareStartConv</STRONG> (Thumb, 18 bytes, Stack size 0 bytes, n32g45x_adc.o(i.ADC_EnableSoftwareStartConv))
<BR><BR>[Called By]<UL><LI><a href="#[73]">&gt;&gt;</a>&nbsp;&nbsp;&nbsp;ADC_task
</UL>

<P><STRONG><a name="[b4]"></a>ADC_GetCalibrationStatus</STRONG> (Thumb, 24 bytes, Stack size 0 bytes, n32g45x_adc.o(i.ADC_GetCalibrationStatus))
<BR><BR>[Called By]<UL><LI><a href="#[ab]">&gt;&gt;</a>&nbsp;&nbsp;&nbsp;Adc_Init
</UL>

<P><STRONG><a name="[a7]"></a>ADC_GetDat</STRONG> (Thumb, 6 bytes, Stack size 0 bytes, n32g45x_adc.o(i.ADC_GetDat))
<BR><BR>[Called By]<UL><LI><a href="#[73]">&gt;&gt;</a>&nbsp;&nbsp;&nbsp;ADC_task
</UL>

<P><STRONG><a name="[a5]"></a>ADC_GetFlagStatus</STRONG> (Thumb, 14 bytes, Stack size 0 bytes, n32g45x_adc.o(i.ADC_GetFlagStatus))
<BR><BR>[Called By]<UL><LI><a href="#[73]">&gt;&gt;</a>&nbsp;&nbsp;&nbsp;ADC_task
</UL>

<P><STRONG><a name="[b2]"></a>ADC_GetFlagStatusNew</STRONG> (Thumb, 14 bytes, Stack size 0 bytes, n32g45x_adc.o(i.ADC_GetFlagStatusNew))
<BR><BR>[Called By]<UL><LI><a href="#[ab]">&gt;&gt;</a>&nbsp;&nbsp;&nbsp;Adc_Init
</UL>

<P><STRONG><a name="[b0]"></a>ADC_Init</STRONG> (Thumb, 74 bytes, Stack size 0 bytes, n32g45x_adc.o(i.ADC_Init))
<BR><BR>[Called By]<UL><LI><a href="#[ab]">&gt;&gt;</a>&nbsp;&nbsp;&nbsp;Adc_Init
</UL>

<P><STRONG><a name="[b3]"></a>ADC_StartCalibration</STRONG> (Thumb, 24 bytes, Stack size 0 bytes, n32g45x_adc.o(i.ADC_StartCalibration))
<BR><BR>[Called By]<UL><LI><a href="#[ab]">&gt;&gt;</a>&nbsp;&nbsp;&nbsp;Adc_Init
</UL>

<P><STRONG><a name="[73]"></a>ADC_task</STRONG> (Thumb, 616 bytes, Stack size 0 bytes, user_adc.o(i.ADC_task))
<BR><BR>[Stack]<UL><LI>Max Depth = 80<LI>Call Chain = ADC_task &rArr; BatteryInformation &rArr; __aeabi_dmul
</UL>
<BR>[Calls]<UL><LI><a href="#[a4]">&gt;&gt;</a>&nbsp;&nbsp;&nbsp;rt_thread_delay
<LI><a href="#[a5]">&gt;&gt;</a>&nbsp;&nbsp;&nbsp;ADC_GetFlagStatus
<LI><a href="#[a7]">&gt;&gt;</a>&nbsp;&nbsp;&nbsp;ADC_GetDat
<LI><a href="#[a9]">&gt;&gt;</a>&nbsp;&nbsp;&nbsp;ADC_EnableSoftwareStartConv
<LI><a href="#[a8]">&gt;&gt;</a>&nbsp;&nbsp;&nbsp;ADC_ConfigRegularChannel
<LI><a href="#[a6]">&gt;&gt;</a>&nbsp;&nbsp;&nbsp;ADC_ClearFlag
<LI><a href="#[aa]">&gt;&gt;</a>&nbsp;&nbsp;&nbsp;BatteryInformation
<LI><a href="#[a3]">&gt;&gt;</a>&nbsp;&nbsp;&nbsp;BatteryInfoInit
</UL>
<BR>[Address Reference Count : 1]<UL><LI> application.o(i.InitTask)
</UL>
<P><STRONG><a name="[e4]"></a>Abs_int</STRONG> (Thumb, 8 bytes, Stack size 0 bytes, usartx.o(i.Abs_int))
<BR><BR>[Called By]<UL><LI><a href="#[74]">&gt;&gt;</a>&nbsp;&nbsp;&nbsp;RJJT_task
<LI><a href="#[127]">&gt;&gt;</a>&nbsp;&nbsp;&nbsp;MotorEnableFunction
<LI><a href="#[be]">&gt;&gt;</a>&nbsp;&nbsp;&nbsp;ClassificationOfMotorMotionModes
</UL>

<P><STRONG><a name="[ab]"></a>Adc_Init</STRONG> (Thumb, 238 bytes, Stack size 56 bytes, user_adc.o(i.Adc_Init))
<BR><BR>[Stack]<UL><LI>Max Depth = 80<LI>Call Chain = Adc_Init &rArr; ADC_ConfigClk
</UL>
<BR>[Calls]<UL><LI><a href="#[ae]">&gt;&gt;</a>&nbsp;&nbsp;&nbsp;RCC_EnableAPB2PeriphClk
<LI><a href="#[ac]">&gt;&gt;</a>&nbsp;&nbsp;&nbsp;RCC_EnableAHBPeriphClk
<LI><a href="#[ad]">&gt;&gt;</a>&nbsp;&nbsp;&nbsp;RCC_ConfigAdc1mClk
<LI><a href="#[af]">&gt;&gt;</a>&nbsp;&nbsp;&nbsp;GPIO_InitPeripheral
<LI><a href="#[b3]">&gt;&gt;</a>&nbsp;&nbsp;&nbsp;ADC_StartCalibration
<LI><a href="#[b0]">&gt;&gt;</a>&nbsp;&nbsp;&nbsp;ADC_Init
<LI><a href="#[b2]">&gt;&gt;</a>&nbsp;&nbsp;&nbsp;ADC_GetFlagStatusNew
<LI><a href="#[b4]">&gt;&gt;</a>&nbsp;&nbsp;&nbsp;ADC_GetCalibrationStatus
<LI><a href="#[b1]">&gt;&gt;</a>&nbsp;&nbsp;&nbsp;ADC_Enable
<LI><a href="#[a0]">&gt;&gt;</a>&nbsp;&nbsp;&nbsp;ADC_ConfigClk
</UL>
<BR>[Called By]<UL><LI><a href="#[e8]">&gt;&gt;</a>&nbsp;&nbsp;&nbsp;DiyFunctionBasedCar
</UL>

<P><STRONG><a name="[b5]"></a>Add_Sdo_Linked_List</STRONG> (Thumb, 122 bytes, Stack size 32 bytes, user_can.o(i.Add_Sdo_Linked_List))
<BR><BR>[Stack]<UL><LI>Max Depth = 136<LI>Call Chain = Add_Sdo_Linked_List &rArr; rt_malloc &rArr; rt_sem_take &rArr; rt_timer_start &rArr; rt_object_get_type &rArr; rt_assert_handler
</UL>
<BR>[Calls]<UL><LI><a href="#[b6]">&gt;&gt;</a>&nbsp;&nbsp;&nbsp;rt_malloc
</UL>
<BR>[Called By]<UL><LI><a href="#[129]">&gt;&gt;</a>&nbsp;&nbsp;&nbsp;ZLAC8015_PDO_Config
<LI><a href="#[12b]">&gt;&gt;</a>&nbsp;&nbsp;&nbsp;ZLAC8015D_PDO_Config
<LI><a href="#[12a]">&gt;&gt;</a>&nbsp;&nbsp;&nbsp;WANZER_PDO_Config
<LI><a href="#[12c]">&gt;&gt;</a>&nbsp;&nbsp;&nbsp;PLAN_PDO_Config
<LI><a href="#[f2]">&gt;&gt;</a>&nbsp;&nbsp;&nbsp;Driver_JT_Inv
<LI><a href="#[14b]">&gt;&gt;</a>&nbsp;&nbsp;&nbsp;Usart3_Recv
<LI><a href="#[11d]">&gt;&gt;</a>&nbsp;&nbsp;&nbsp;ServoPulse_Enable
<LI><a href="#[be]">&gt;&gt;</a>&nbsp;&nbsp;&nbsp;ClassificationOfMotorMotionModes
</UL>

<P><STRONG><a name="[b7]"></a>AngularVelocityGet</STRONG> (Thumb, 314 bytes, Stack size 24 bytes, balance.o(i.AngularVelocityGet))
<BR><BR>[Stack]<UL><LI>Max Depth = 120<LI>Call Chain = AngularVelocityGet &rArr; __hardfp_round &rArr; _drnd &rArr; __fpl_dnaninf
</UL>
<BR>[Calls]<UL><LI><a href="#[b9]">&gt;&gt;</a>&nbsp;&nbsp;&nbsp;__hardfp_round
<LI><a href="#[b8]">&gt;&gt;</a>&nbsp;&nbsp;&nbsp;__aeabi_f2d
<LI><a href="#[ba]">&gt;&gt;</a>&nbsp;&nbsp;&nbsp;__aeabi_d2uiz
</UL>
<BR>[Called By]<UL><LI><a href="#[bc]">&gt;&gt;</a>&nbsp;&nbsp;&nbsp;SetReal_Velocity
</UL>

<P><STRONG><a name="[6e]"></a>Balance_task</STRONG> (Thumb, 82 bytes, Stack size 0 bytes, balance.o(i.Balance_task))
<BR><BR>[Stack]<UL><LI>Max Depth = 296<LI>Call Chain = Balance_task &rArr; SetReal_Velocity &rArr; __hardfp_tan &rArr; __kernel_tan &rArr; __kernel_poly &rArr; __aeabi_dmul
</UL>
<BR>[Calls]<UL><LI><a href="#[a4]">&gt;&gt;</a>&nbsp;&nbsp;&nbsp;rt_thread_delay
<LI><a href="#[bb]">&gt;&gt;</a>&nbsp;&nbsp;&nbsp;LedBlink
<LI><a href="#[bc]">&gt;&gt;</a>&nbsp;&nbsp;&nbsp;SetReal_Velocity
<LI><a href="#[bd]">&gt;&gt;</a>&nbsp;&nbsp;&nbsp;Kinematic_Analysis
<LI><a href="#[be]">&gt;&gt;</a>&nbsp;&nbsp;&nbsp;ClassificationOfMotorMotionModes
</UL>
<BR>[Address Reference Count : 1]<UL><LI> application.o(i.InitTask)
</UL>
<P><STRONG><a name="[a3]"></a>BatteryInfoInit</STRONG> (Thumb, 108 bytes, Stack size 12 bytes, balance.o(i.BatteryInfoInit))
<BR><BR>[Stack]<UL><LI>Max Depth = 12<LI>Call Chain = BatteryInfoInit
</UL>
<BR>[Called By]<UL><LI><a href="#[73]">&gt;&gt;</a>&nbsp;&nbsp;&nbsp;ADC_task
</UL>

<P><STRONG><a name="[aa]"></a>BatteryInformation</STRONG> (Thumb, 430 bytes, Stack size 48 bytes, balance.o(i.BatteryInformation))
<BR><BR>[Stack]<UL><LI>Max Depth = 80<LI>Call Chain = BatteryInformation &rArr; __aeabi_dmul
</UL>
<BR>[Calls]<UL><LI><a href="#[c5]">&gt;&gt;</a>&nbsp;&nbsp;&nbsp;DMA_SetCurrDataCounter
<LI><a href="#[c4]">&gt;&gt;</a>&nbsp;&nbsp;&nbsp;DMA_EnableChannel
<LI><a href="#[c3]">&gt;&gt;</a>&nbsp;&nbsp;&nbsp;GPIO_SetBits
<LI><a href="#[c2]">&gt;&gt;</a>&nbsp;&nbsp;&nbsp;__aeabi_dmul
<LI><a href="#[bf]">&gt;&gt;</a>&nbsp;&nbsp;&nbsp;__aeabi_i2d
<LI><a href="#[c1]">&gt;&gt;</a>&nbsp;&nbsp;&nbsp;__aeabi_d2iz
<LI><a href="#[c0]">&gt;&gt;</a>&nbsp;&nbsp;&nbsp;__aeabi_ddiv
</UL>
<BR>[Called By]<UL><LI><a href="#[73]">&gt;&gt;</a>&nbsp;&nbsp;&nbsp;ADC_task
</UL>

<P><STRONG><a name="[10]"></a>BusFault_Handler</STRONG> (Thumb, 2 bytes, Stack size 0 bytes, n32g45x_it.o(i.BusFault_Handler))
<BR><BR>[Calls]<UL><LI><a href="#[10]">&gt;&gt;</a>&nbsp;&nbsp;&nbsp;BusFault_Handler
</UL>
<BR>[Called By]<UL><LI><a href="#[10]">&gt;&gt;</a>&nbsp;&nbsp;&nbsp;BusFault_Handler
</UL>
<BR>[Address Reference Count : 1]<UL><LI> startup_n32g45x.o(RESET)
</UL>
<P><STRONG><a name="[d3]"></a>CAN2_InitFilter</STRONG> (Thumb, 218 bytes, Stack size 8 bytes, n32g45x_can.o(i.CAN2_InitFilter))
<BR><BR>[Stack]<UL><LI>Max Depth = 8<LI>Call Chain = CAN2_InitFilter
</UL>
<BR>[Called By]<UL><LI><a href="#[cc]">&gt;&gt;</a>&nbsp;&nbsp;&nbsp;Can_Driver_Init
</UL>

<P><STRONG><a name="[56]"></a>CAN2_RX0_IRQHandler</STRONG> (Thumb, 6 bytes, Stack size 0 bytes, motor.o(i.CAN2_RX0_IRQHandler))
<BR><BR>[Stack]<UL><LI>Max Depth = 56<LI>Call Chain = CAN2_RX0_IRQHandler &rArr; CanIRQProcess
</UL>
<BR>[Calls]<UL><LI><a href="#[c6]">&gt;&gt;</a>&nbsp;&nbsp;&nbsp;CanIRQProcess
</UL>
<BR>[Address Reference Count : 1]<UL><LI> startup_n32g45x.o(RESET)
</UL>
<P><STRONG><a name="[cb]"></a>CAN_ClearFlag</STRONG> (Thumb, 48 bytes, Stack size 0 bytes, n32g45x_can.o(i.CAN_ClearFlag))
<BR><BR>[Called By]<UL><LI><a href="#[c6]">&gt;&gt;</a>&nbsp;&nbsp;&nbsp;CanIRQProcess
</UL>

<P><STRONG><a name="[c7]"></a>CAN_DeInit</STRONG> (Thumb, 58 bytes, Stack size 8 bytes, n32g45x_can.o(i.CAN_DeInit))
<BR><BR>[Stack]<UL><LI>Max Depth = 8<LI>Call Chain = CAN_DeInit
</UL>
<BR>[Calls]<UL><LI><a href="#[c8]">&gt;&gt;</a>&nbsp;&nbsp;&nbsp;RCC_EnableAPB1PeriphReset
</UL>
<BR>[Called By]<UL><LI><a href="#[cc]">&gt;&gt;</a>&nbsp;&nbsp;&nbsp;Can_Driver_Init
</UL>

<P><STRONG><a name="[d4]"></a>CAN_INTConfig</STRONG> (Thumb, 16 bytes, Stack size 0 bytes, n32g45x_can.o(i.CAN_INTConfig))
<BR><BR>[Called By]<UL><LI><a href="#[cc]">&gt;&gt;</a>&nbsp;&nbsp;&nbsp;Can_Driver_Init
</UL>

<P><STRONG><a name="[d2]"></a>CAN_Init</STRONG> (Thumb, 244 bytes, Stack size 0 bytes, n32g45x_can.o(i.CAN_Init))
<BR><BR>[Called By]<UL><LI><a href="#[cc]">&gt;&gt;</a>&nbsp;&nbsp;&nbsp;Can_Driver_Init
</UL>

<P><STRONG><a name="[d1]"></a>CAN_InitStruct</STRONG> (Thumb, 32 bytes, Stack size 0 bytes, n32g45x_can.o(i.CAN_InitStruct))
<BR><BR>[Called By]<UL><LI><a href="#[cc]">&gt;&gt;</a>&nbsp;&nbsp;&nbsp;Can_Driver_Init
</UL>

<P><STRONG><a name="[c9]"></a>CAN_ReceiveMessage</STRONG> (Thumb, 180 bytes, Stack size 0 bytes, n32g45x_can.o(i.CAN_ReceiveMessage))
<BR><BR>[Called By]<UL><LI><a href="#[c6]">&gt;&gt;</a>&nbsp;&nbsp;&nbsp;CanIRQProcess
</UL>

<P><STRONG><a name="[d5]"></a>CAN_TransmitMessage</STRONG> (Thumb, 230 bytes, Stack size 4 bytes, n32g45x_can.o(i.CAN_TransmitMessage))
<BR><BR>[Stack]<UL><LI>Max Depth = 4<LI>Call Chain = CAN_TransmitMessage
</UL>
<BR>[Called By]<UL><LI><a href="#[72]">&gt;&gt;</a>&nbsp;&nbsp;&nbsp;Can_task
</UL>

<P><STRONG><a name="[c6]"></a>CanIRQProcess</STRONG> (Thumb, 164 bytes, Stack size 56 bytes, motor.o(i.CanIRQProcess))
<BR><BR>[Stack]<UL><LI>Max Depth = 56<LI>Call Chain = CanIRQProcess
</UL>
<BR>[Calls]<UL><LI><a href="#[c9]">&gt;&gt;</a>&nbsp;&nbsp;&nbsp;CAN_ReceiveMessage
<LI><a href="#[cb]">&gt;&gt;</a>&nbsp;&nbsp;&nbsp;CAN_ClearFlag
<LI><a href="#[ca]">&gt;&gt;</a>&nbsp;&nbsp;&nbsp;rt_memcpy
</UL>
<BR>[Called By]<UL><LI><a href="#[2a]">&gt;&gt;</a>&nbsp;&nbsp;&nbsp;USB_LP_CAN1_RX0_IRQHandler
<LI><a href="#[56]">&gt;&gt;</a>&nbsp;&nbsp;&nbsp;CAN2_RX0_IRQHandler
</UL>

<P><STRONG><a name="[cc]"></a>Can_Driver_Init</STRONG> (Thumb, 296 bytes, Stack size 56 bytes, user_can.o(i.Can_Driver_Init))
<BR><BR>[Stack]<UL><LI>Max Depth = 76<LI>Call Chain = Can_Driver_Init &rArr; GPIO_InitPeripheral
</UL>
<BR>[Calls]<UL><LI><a href="#[d1]">&gt;&gt;</a>&nbsp;&nbsp;&nbsp;CAN_InitStruct
<LI><a href="#[d2]">&gt;&gt;</a>&nbsp;&nbsp;&nbsp;CAN_Init
<LI><a href="#[d4]">&gt;&gt;</a>&nbsp;&nbsp;&nbsp;CAN_INTConfig
<LI><a href="#[c7]">&gt;&gt;</a>&nbsp;&nbsp;&nbsp;CAN_DeInit
<LI><a href="#[d3]">&gt;&gt;</a>&nbsp;&nbsp;&nbsp;CAN2_InitFilter
<LI><a href="#[cd]">&gt;&gt;</a>&nbsp;&nbsp;&nbsp;NVIC_PriorityGroupConfig
<LI><a href="#[ce]">&gt;&gt;</a>&nbsp;&nbsp;&nbsp;NVIC_Init
<LI><a href="#[ae]">&gt;&gt;</a>&nbsp;&nbsp;&nbsp;RCC_EnableAPB2PeriphClk
<LI><a href="#[d0]">&gt;&gt;</a>&nbsp;&nbsp;&nbsp;RCC_EnableAPB1PeriphClk
<LI><a href="#[cf]">&gt;&gt;</a>&nbsp;&nbsp;&nbsp;GPIO_InitStruct
<LI><a href="#[af]">&gt;&gt;</a>&nbsp;&nbsp;&nbsp;GPIO_InitPeripheral
</UL>
<BR>[Called By]<UL><LI><a href="#[101]">&gt;&gt;</a>&nbsp;&nbsp;&nbsp;systemInit
</UL>

<P><STRONG><a name="[72]"></a>Can_task</STRONG> (Thumb, 404 bytes, Stack size 64 bytes, user_can.o(i.Can_task))
<BR><BR>[Stack]<UL><LI>Max Depth = 152<LI>Call Chain = Can_task &rArr; rt_free &rArr; rt_sem_take &rArr; rt_timer_start &rArr; rt_object_get_type &rArr; rt_assert_handler
</UL>
<BR>[Calls]<UL><LI><a href="#[d5]">&gt;&gt;</a>&nbsp;&nbsp;&nbsp;CAN_TransmitMessage
<LI><a href="#[a4]">&gt;&gt;</a>&nbsp;&nbsp;&nbsp;rt_thread_delay
<LI><a href="#[d6]">&gt;&gt;</a>&nbsp;&nbsp;&nbsp;rt_free
</UL>
<BR>[Address Reference Count : 1]<UL><LI> application.o(i.InitTask)
</UL>
<P><STRONG><a name="[d7]"></a>Car_Light</STRONG> (Thumb, 436 bytes, Stack size 16 bytes, led.o(i.Car_Light))
<BR><BR>[Stack]<UL><LI>Max Depth = 80<LI>Call Chain = Car_Light &rArr; rt_thread_delay &rArr; rt_thread_sleep &rArr; rt_timer_start &rArr; rt_object_get_type &rArr; rt_assert_handler
</UL>
<BR>[Calls]<UL><LI><a href="#[d9]">&gt;&gt;</a>&nbsp;&nbsp;&nbsp;GPIO_ResetBits
<LI><a href="#[a4]">&gt;&gt;</a>&nbsp;&nbsp;&nbsp;rt_thread_delay
<LI><a href="#[d8]">&gt;&gt;</a>&nbsp;&nbsp;&nbsp;myabs
</UL>
<BR>[Called By]<UL><LI><a href="#[75]">&gt;&gt;</a>&nbsp;&nbsp;&nbsp;Led_task
</UL>

<P><STRONG><a name="[da]"></a>ChargeDetection_Init</STRONG> (Thumb, 120 bytes, Stack size 24 bytes, charger.o(i.ChargeDetection_Init))
<BR><BR>[Stack]<UL><LI>Max Depth = 44<LI>Call Chain = ChargeDetection_Init &rArr; GPIO_InitPeripheral
</UL>
<BR>[Calls]<UL><LI><a href="#[ae]">&gt;&gt;</a>&nbsp;&nbsp;&nbsp;RCC_EnableAPB2PeriphClk
<LI><a href="#[c3]">&gt;&gt;</a>&nbsp;&nbsp;&nbsp;GPIO_SetBits
<LI><a href="#[d9]">&gt;&gt;</a>&nbsp;&nbsp;&nbsp;GPIO_ResetBits
<LI><a href="#[af]">&gt;&gt;</a>&nbsp;&nbsp;&nbsp;GPIO_InitPeripheral
</UL>
<BR>[Called By]<UL><LI><a href="#[de]">&gt;&gt;</a>&nbsp;&nbsp;&nbsp;ChargerBalanceInit
</UL>

<P><STRONG><a name="[77]"></a>Charge_task</STRONG> (Thumb, 142 bytes, Stack size 0 bytes, charger.o(i.Charge_task))
<BR><BR>[Stack]<UL><LI>Max Depth = 64<LI>Call Chain = Charge_task &rArr; rt_thread_delay &rArr; rt_thread_sleep &rArr; rt_timer_start &rArr; rt_object_get_type &rArr; rt_assert_handler
</UL>
<BR>[Calls]<UL><LI><a href="#[c3]">&gt;&gt;</a>&nbsp;&nbsp;&nbsp;GPIO_SetBits
<LI><a href="#[d9]">&gt;&gt;</a>&nbsp;&nbsp;&nbsp;GPIO_ResetBits
<LI><a href="#[dd]">&gt;&gt;</a>&nbsp;&nbsp;&nbsp;GPIO_ReadOutputDataBit
<LI><a href="#[dc]">&gt;&gt;</a>&nbsp;&nbsp;&nbsp;GPIO_ReadInputDataBit
<LI><a href="#[a4]">&gt;&gt;</a>&nbsp;&nbsp;&nbsp;rt_thread_delay
<LI><a href="#[db]">&gt;&gt;</a>&nbsp;&nbsp;&nbsp;IrDA_RX_Decode
</UL>
<BR>[Address Reference Count : 1]<UL><LI> application.o(i.InitTask)
</UL>
<P><STRONG><a name="[de]"></a>ChargerBalanceInit</STRONG> (Thumb, 48 bytes, Stack size 8 bytes, balance.o(i.ChargerBalanceInit))
<BR><BR>[Stack]<UL><LI>Max Depth = 84<LI>Call Chain = ChargerBalanceInit &rArr; RGB_Init &rArr; GPIO_InitPeripheral
</UL>
<BR>[Calls]<UL><LI><a href="#[df]">&gt;&gt;</a>&nbsp;&nbsp;&nbsp;Relay_Init
<LI><a href="#[e0]">&gt;&gt;</a>&nbsp;&nbsp;&nbsp;RGB_Init
<LI><a href="#[e1]">&gt;&gt;</a>&nbsp;&nbsp;&nbsp;LimitSwitch_Init
<LI><a href="#[da]">&gt;&gt;</a>&nbsp;&nbsp;&nbsp;ChargeDetection_Init
</UL>
<BR>[Called By]<UL><LI><a href="#[e8]">&gt;&gt;</a>&nbsp;&nbsp;&nbsp;DiyFunctionBasedCar
</UL>

<P><STRONG><a name="[76]"></a>CircularCar_task</STRONG> (Thumb, 426 bytes, Stack size 8 bytes, circularcar.o(i.CircularCar_task))
<BR><BR>[Stack]<UL><LI>Max Depth = 72<LI>Call Chain = CircularCar_task &rArr; rt_thread_delay &rArr; rt_thread_sleep &rArr; rt_timer_start &rArr; rt_object_get_type &rArr; rt_assert_handler
</UL>
<BR>[Calls]<UL><LI><a href="#[ae]">&gt;&gt;</a>&nbsp;&nbsp;&nbsp;RCC_EnableAPB2PeriphClk
<LI><a href="#[c3]">&gt;&gt;</a>&nbsp;&nbsp;&nbsp;GPIO_SetBits
<LI><a href="#[d9]">&gt;&gt;</a>&nbsp;&nbsp;&nbsp;GPIO_ResetBits
<LI><a href="#[dc]">&gt;&gt;</a>&nbsp;&nbsp;&nbsp;GPIO_ReadInputDataBit
<LI><a href="#[af]">&gt;&gt;</a>&nbsp;&nbsp;&nbsp;GPIO_InitPeripheral
<LI><a href="#[a4]">&gt;&gt;</a>&nbsp;&nbsp;&nbsp;rt_thread_delay
<LI><a href="#[e2]">&gt;&gt;</a>&nbsp;&nbsp;&nbsp;ir_sendfunctioncode
<LI><a href="#[e3]">&gt;&gt;</a>&nbsp;&nbsp;&nbsp;ir_decodefunctioncode
</UL>
<BR>[Address Reference Count : 1]<UL><LI> application.o(i.InitTask)
</UL>
<P><STRONG><a name="[be]"></a>ClassificationOfMotorMotionModes</STRONG> (Thumb, 1136 bytes, Stack size 48 bytes, balance.o(i.ClassificationOfMotorMotionModes))
<BR><BR>[Stack]<UL><LI>Max Depth = 184<LI>Call Chain = ClassificationOfMotorMotionModes &rArr; Add_Sdo_Linked_List &rArr; rt_malloc &rArr; rt_sem_take &rArr; rt_timer_start &rArr; rt_object_get_type &rArr; rt_assert_handler
</UL>
<BR>[Calls]<UL><LI><a href="#[e4]">&gt;&gt;</a>&nbsp;&nbsp;&nbsp;Abs_int
<LI><a href="#[b5]">&gt;&gt;</a>&nbsp;&nbsp;&nbsp;Add_Sdo_Linked_List
</UL>
<BR>[Called By]<UL><LI><a href="#[6e]">&gt;&gt;</a>&nbsp;&nbsp;&nbsp;Balance_task
</UL>

<P><STRONG><a name="[14e]"></a>ConvertBytesToShort</STRONG> (Thumb, 8 bytes, Stack size 0 bytes, usartx.o(i.ConvertBytesToShort))
<BR><BR>[Called By]<UL><LI><a href="#[bc]">&gt;&gt;</a>&nbsp;&nbsp;&nbsp;SetReal_Velocity
</UL>

<P><STRONG><a name="[22]"></a>DMA1_Channel2_IRQHandler</STRONG> (Thumb, 42 bytes, Stack size 8 bytes, usartx.o(i.DMA1_Channel2_IRQHandler))
<BR><BR>[Stack]<UL><LI>Max Depth = 8<LI>Call Chain = DMA1_Channel2_IRQHandler
</UL>
<BR>[Calls]<UL><LI><a href="#[e5]">&gt;&gt;</a>&nbsp;&nbsp;&nbsp;DMA_GetIntStatus
<LI><a href="#[c4]">&gt;&gt;</a>&nbsp;&nbsp;&nbsp;DMA_EnableChannel
<LI><a href="#[e6]">&gt;&gt;</a>&nbsp;&nbsp;&nbsp;DMA_ClrIntPendingBit
</UL>
<BR>[Address Reference Count : 1]<UL><LI> startup_n32g45x.o(RESET)
</UL>
<P><STRONG><a name="[24]"></a>DMA1_Channel4_IRQHandler</STRONG> (Thumb, 42 bytes, Stack size 8 bytes, usartx.o(i.DMA1_Channel4_IRQHandler))
<BR><BR>[Stack]<UL><LI>Max Depth = 8<LI>Call Chain = DMA1_Channel4_IRQHandler
</UL>
<BR>[Calls]<UL><LI><a href="#[e5]">&gt;&gt;</a>&nbsp;&nbsp;&nbsp;DMA_GetIntStatus
<LI><a href="#[c4]">&gt;&gt;</a>&nbsp;&nbsp;&nbsp;DMA_EnableChannel
<LI><a href="#[e6]">&gt;&gt;</a>&nbsp;&nbsp;&nbsp;DMA_ClrIntPendingBit
</UL>
<BR>[Address Reference Count : 1]<UL><LI> startup_n32g45x.o(RESET)
</UL>
<P><STRONG><a name="[27]"></a>DMA1_Channel7_IRQHandler</STRONG> (Thumb, 82 bytes, Stack size 8 bytes, usartx.o(i.DMA1_Channel7_IRQHandler))
<BR><BR>[Stack]<UL><LI>Max Depth = 8<LI>Call Chain = DMA1_Channel7_IRQHandler
</UL>
<BR>[Calls]<UL><LI><a href="#[c5]">&gt;&gt;</a>&nbsp;&nbsp;&nbsp;DMA_SetCurrDataCounter
<LI><a href="#[e5]">&gt;&gt;</a>&nbsp;&nbsp;&nbsp;DMA_GetIntStatus
<LI><a href="#[c4]">&gt;&gt;</a>&nbsp;&nbsp;&nbsp;DMA_EnableChannel
<LI><a href="#[e6]">&gt;&gt;</a>&nbsp;&nbsp;&nbsp;DMA_ClrIntPendingBit
<LI><a href="#[d9]">&gt;&gt;</a>&nbsp;&nbsp;&nbsp;GPIO_ResetBits
</UL>
<BR>[Address Reference Count : 1]<UL><LI> startup_n32g45x.o(RESET)
</UL>
<P><STRONG><a name="[e6]"></a>DMA_ClrIntPendingBit</STRONG> (Thumb, 4 bytes, Stack size 0 bytes, n32g45x_dma.o(i.DMA_ClrIntPendingBit))
<BR><BR>[Called By]<UL><LI><a href="#[27]">&gt;&gt;</a>&nbsp;&nbsp;&nbsp;DMA1_Channel7_IRQHandler
<LI><a href="#[24]">&gt;&gt;</a>&nbsp;&nbsp;&nbsp;DMA1_Channel4_IRQHandler
<LI><a href="#[22]">&gt;&gt;</a>&nbsp;&nbsp;&nbsp;DMA1_Channel2_IRQHandler
</UL>

<P><STRONG><a name="[165]"></a>DMA_ConfigInt</STRONG> (Thumb, 16 bytes, Stack size 0 bytes, n32g45x_dma.o(i.DMA_ConfigInt))
<BR><BR>[Called By]<UL><LI><a href="#[170]">&gt;&gt;</a>&nbsp;&nbsp;&nbsp;Usart3_dma_config
<LI><a href="#[16d]">&gt;&gt;</a>&nbsp;&nbsp;&nbsp;Usart1_Dma_Config
<LI><a href="#[160]">&gt;&gt;</a>&nbsp;&nbsp;&nbsp;USART2_DMA_Config
</UL>

<P><STRONG><a name="[161]"></a>DMA_DeInit</STRONG> (Thumb, 256 bytes, Stack size 0 bytes, n32g45x_dma.o(i.DMA_DeInit))
<BR><BR>[Called By]<UL><LI><a href="#[16d]">&gt;&gt;</a>&nbsp;&nbsp;&nbsp;Usart1_Dma_Config
<LI><a href="#[169]">&gt;&gt;</a>&nbsp;&nbsp;&nbsp;Uart5_Init
<LI><a href="#[160]">&gt;&gt;</a>&nbsp;&nbsp;&nbsp;USART2_DMA_Config
</UL>

<P><STRONG><a name="[c4]"></a>DMA_EnableChannel</STRONG> (Thumb, 20 bytes, Stack size 0 bytes, n32g45x_dma.o(i.DMA_EnableChannel))
<BR><BR>[Called By]<UL><LI><a href="#[70]">&gt;&gt;</a>&nbsp;&nbsp;&nbsp;Modbus_task
<LI><a href="#[aa]">&gt;&gt;</a>&nbsp;&nbsp;&nbsp;BatteryInformation
<LI><a href="#[122]">&gt;&gt;</a>&nbsp;&nbsp;&nbsp;eMBPoll
<LI><a href="#[170]">&gt;&gt;</a>&nbsp;&nbsp;&nbsp;Usart3_dma_config
<LI><a href="#[14c]">&gt;&gt;</a>&nbsp;&nbsp;&nbsp;Usart3_Send
<LI><a href="#[14b]">&gt;&gt;</a>&nbsp;&nbsp;&nbsp;Usart3_Recv
<LI><a href="#[16d]">&gt;&gt;</a>&nbsp;&nbsp;&nbsp;Usart1_Dma_Config
<LI><a href="#[169]">&gt;&gt;</a>&nbsp;&nbsp;&nbsp;Uart5_Init
<LI><a href="#[3d]">&gt;&gt;</a>&nbsp;&nbsp;&nbsp;USART3_IRQHandler
<LI><a href="#[3c]">&gt;&gt;</a>&nbsp;&nbsp;&nbsp;USART2_IRQHandler
<LI><a href="#[160]">&gt;&gt;</a>&nbsp;&nbsp;&nbsp;USART2_DMA_Config
<LI><a href="#[3b]">&gt;&gt;</a>&nbsp;&nbsp;&nbsp;USART1_IRQHandler
<LI><a href="#[4b]">&gt;&gt;</a>&nbsp;&nbsp;&nbsp;UART5_IRQHandler
<LI><a href="#[27]">&gt;&gt;</a>&nbsp;&nbsp;&nbsp;DMA1_Channel7_IRQHandler
<LI><a href="#[24]">&gt;&gt;</a>&nbsp;&nbsp;&nbsp;DMA1_Channel4_IRQHandler
<LI><a href="#[22]">&gt;&gt;</a>&nbsp;&nbsp;&nbsp;DMA1_Channel2_IRQHandler
</UL>

<P><STRONG><a name="[15f]"></a>DMA_GetCurrDataCounter</STRONG> (Thumb, 6 bytes, Stack size 0 bytes, n32g45x_dma.o(i.DMA_GetCurrDataCounter))
<BR><BR>[Called By]<UL><LI><a href="#[3d]">&gt;&gt;</a>&nbsp;&nbsp;&nbsp;USART3_IRQHandler
<LI><a href="#[3c]">&gt;&gt;</a>&nbsp;&nbsp;&nbsp;USART2_IRQHandler
<LI><a href="#[3b]">&gt;&gt;</a>&nbsp;&nbsp;&nbsp;USART1_IRQHandler
</UL>

<P><STRONG><a name="[e5]"></a>DMA_GetIntStatus</STRONG> (Thumb, 14 bytes, Stack size 0 bytes, n32g45x_dma.o(i.DMA_GetIntStatus))
<BR><BR>[Called By]<UL><LI><a href="#[27]">&gt;&gt;</a>&nbsp;&nbsp;&nbsp;DMA1_Channel7_IRQHandler
<LI><a href="#[24]">&gt;&gt;</a>&nbsp;&nbsp;&nbsp;DMA1_Channel4_IRQHandler
<LI><a href="#[22]">&gt;&gt;</a>&nbsp;&nbsp;&nbsp;DMA1_Channel2_IRQHandler
</UL>

<P><STRONG><a name="[163]"></a>DMA_Init</STRONG> (Thumb, 82 bytes, Stack size 4 bytes, n32g45x_dma.o(i.DMA_Init))
<BR><BR>[Stack]<UL><LI>Max Depth = 4<LI>Call Chain = DMA_Init
</UL>
<BR>[Called By]<UL><LI><a href="#[170]">&gt;&gt;</a>&nbsp;&nbsp;&nbsp;Usart3_dma_config
<LI><a href="#[16d]">&gt;&gt;</a>&nbsp;&nbsp;&nbsp;Usart1_Dma_Config
<LI><a href="#[169]">&gt;&gt;</a>&nbsp;&nbsp;&nbsp;Uart5_Init
<LI><a href="#[160]">&gt;&gt;</a>&nbsp;&nbsp;&nbsp;USART2_DMA_Config
</UL>

<P><STRONG><a name="[164]"></a>DMA_RequestRemap</STRONG> (Thumb, 16 bytes, Stack size 0 bytes, n32g45x_dma.o(i.DMA_RequestRemap))
<BR><BR>[Called By]<UL><LI><a href="#[170]">&gt;&gt;</a>&nbsp;&nbsp;&nbsp;Usart3_dma_config
<LI><a href="#[16d]">&gt;&gt;</a>&nbsp;&nbsp;&nbsp;Usart1_Dma_Config
<LI><a href="#[169]">&gt;&gt;</a>&nbsp;&nbsp;&nbsp;Uart5_Init
<LI><a href="#[160]">&gt;&gt;</a>&nbsp;&nbsp;&nbsp;USART2_DMA_Config
</UL>

<P><STRONG><a name="[c5]"></a>DMA_SetCurrDataCounter</STRONG> (Thumb, 4 bytes, Stack size 0 bytes, n32g45x_dma.o(i.DMA_SetCurrDataCounter))
<BR><BR>[Called By]<UL><LI><a href="#[70]">&gt;&gt;</a>&nbsp;&nbsp;&nbsp;Modbus_task
<LI><a href="#[aa]">&gt;&gt;</a>&nbsp;&nbsp;&nbsp;BatteryInformation
<LI><a href="#[122]">&gt;&gt;</a>&nbsp;&nbsp;&nbsp;eMBPoll
<LI><a href="#[14c]">&gt;&gt;</a>&nbsp;&nbsp;&nbsp;Usart3_Send
<LI><a href="#[14b]">&gt;&gt;</a>&nbsp;&nbsp;&nbsp;Usart3_Recv
<LI><a href="#[4b]">&gt;&gt;</a>&nbsp;&nbsp;&nbsp;UART5_IRQHandler
<LI><a href="#[27]">&gt;&gt;</a>&nbsp;&nbsp;&nbsp;DMA1_Channel7_IRQHandler
</UL>

<P><STRONG><a name="[162]"></a>DMA_StructInit</STRONG> (Thumb, 26 bytes, Stack size 0 bytes, n32g45x_dma.o(i.DMA_StructInit))
<BR><BR>[Called By]<UL><LI><a href="#[169]">&gt;&gt;</a>&nbsp;&nbsp;&nbsp;Uart5_Init
<LI><a href="#[160]">&gt;&gt;</a>&nbsp;&nbsp;&nbsp;USART2_DMA_Config
</UL>

<P><STRONG><a name="[171]"></a>Data_Assignment</STRONG> (Thumb, 92 bytes, Stack size 0 bytes, usartx.o(i.Data_Assignment))
<BR><BR>[Called By]<UL><LI><a href="#[14c]">&gt;&gt;</a>&nbsp;&nbsp;&nbsp;Usart3_Send
</UL>

<P><STRONG><a name="[13]"></a>DebugMon_Handler</STRONG> (Thumb, 2 bytes, Stack size 0 bytes, n32g45x_it.o(i.DebugMon_Handler))
<BR>[Address Reference Count : 1]<UL><LI> startup_n32g45x.o(RESET)
</UL>
<P><STRONG><a name="[e7]"></a>Detect_Motor_Status</STRONG> (Thumb, 1380 bytes, Stack size 136 bytes, motor.o(i.Detect_Motor_Status))
<BR><BR>[Stack]<UL><LI>Max Depth = 232<LI>Call Chain = Detect_Motor_Status &rArr; __hardfp_round &rArr; _drnd &rArr; __fpl_dnaninf
</UL>
<BR>[Calls]<UL><LI><a href="#[d8]">&gt;&gt;</a>&nbsp;&nbsp;&nbsp;myabs
<LI><a href="#[b9]">&gt;&gt;</a>&nbsp;&nbsp;&nbsp;__hardfp_round
<LI><a href="#[b8]">&gt;&gt;</a>&nbsp;&nbsp;&nbsp;__aeabi_f2d
<LI><a href="#[ba]">&gt;&gt;</a>&nbsp;&nbsp;&nbsp;__aeabi_d2uiz
</UL>
<BR>[Called By]<UL><LI><a href="#[71]">&gt;&gt;</a>&nbsp;&nbsp;&nbsp;Motor_task
</UL>

<P><STRONG><a name="[e8]"></a>DiyFunctionBasedCar</STRONG> (Thumb, 98 bytes, Stack size 8 bytes, application.o(i.DiyFunctionBasedCar))
<BR><BR>[Stack]<UL><LI>Max Depth = 156<LI>Call Chain = DiyFunctionBasedCar &rArr; RCCAR_Init &rArr; TIM_ICInit &rArr; ConfigTI2
</UL>
<BR>[Calls]<UL><LI><a href="#[e9]">&gt;&gt;</a>&nbsp;&nbsp;&nbsp;Usart2_Init
<LI><a href="#[ea]">&gt;&gt;</a>&nbsp;&nbsp;&nbsp;Ultrasonic_Init
<LI><a href="#[ed]">&gt;&gt;</a>&nbsp;&nbsp;&nbsp;RCCAR_Init
<LI><a href="#[ee]">&gt;&gt;</a>&nbsp;&nbsp;&nbsp;NVIC_Config
<LI><a href="#[f1]">&gt;&gt;</a>&nbsp;&nbsp;&nbsp;JTAG_Set
<LI><a href="#[ef]">&gt;&gt;</a>&nbsp;&nbsp;&nbsp;IR_RX_Init
<LI><a href="#[eb]">&gt;&gt;</a>&nbsp;&nbsp;&nbsp;IR_Init
<LI><a href="#[f0]">&gt;&gt;</a>&nbsp;&nbsp;&nbsp;IC_Init
<LI><a href="#[ec]">&gt;&gt;</a>&nbsp;&nbsp;&nbsp;ElectrodePad_Init
<LI><a href="#[de]">&gt;&gt;</a>&nbsp;&nbsp;&nbsp;ChargerBalanceInit
<LI><a href="#[ab]">&gt;&gt;</a>&nbsp;&nbsp;&nbsp;Adc_Init
</UL>
<BR>[Called By]<UL><LI><a href="#[101]">&gt;&gt;</a>&nbsp;&nbsp;&nbsp;systemInit
</UL>

<P><STRONG><a name="[f2]"></a>Driver_JT_Inv</STRONG> (Thumb, 26 bytes, Stack size 16 bytes, user_can.o(i.Driver_JT_Inv))
<BR><BR>[Stack]<UL><LI>Max Depth = 152<LI>Call Chain = Driver_JT_Inv &rArr; Add_Sdo_Linked_List &rArr; rt_malloc &rArr; rt_sem_take &rArr; rt_timer_start &rArr; rt_object_get_type &rArr; rt_assert_handler
</UL>
<BR>[Calls]<UL><LI><a href="#[b5]">&gt;&gt;</a>&nbsp;&nbsp;&nbsp;Add_Sdo_Linked_List
</UL>
<BR>[Called By]<UL><LI><a href="#[128]">&gt;&gt;</a>&nbsp;&nbsp;&nbsp;Motor_Init
</UL>

<P><STRONG><a name="[ec]"></a>ElectrodePad_Init</STRONG> (Thumb, 2 bytes, Stack size 0 bytes, circularcar.o(i.ElectrodePad_Init))
<BR><BR>[Called By]<UL><LI><a href="#[e8]">&gt;&gt;</a>&nbsp;&nbsp;&nbsp;DiyFunctionBasedCar
</UL>

[...]
<BR><BR>[Called By]<UL><LI><a href="#[7c]">&gt;&gt;</a>&nbsp;&nbsp;&nbsp;xMBRTUTransmitFSM
<LI><a href="#[7d]">&gt;&gt;</a>&nbsp;&nbsp;&nbsp;xMBRTUTimerT35Expired
<LI><a href="#[7b]">&gt;&gt;</a>&nbsp;&nbsp;&nbsp;xMBRTUReceiveFSM
</UL>

<P><STRONG><a name="[1bd]"></a>xMBPortSerialPutByte</STRONG> (Thumb, 4 bytes, Stack size 0 bytes, portserial.o(i.xMBPortSerialPutByte))
<BR><BR>[Called By]<UL><LI><a href="#[7c]">&gt;&gt;</a>&nbsp;&nbsp;&nbsp;xMBRTUTransmitFSM
</UL>

<P><STRONG><a name="[7b]"></a>xMBRTUReceiveFSM</STRONG> (Thumb, 42 bytes, Stack size 8 bytes, mbrtu.o(i.xMBRTUReceiveFSM))
<BR><BR>[Stack]<UL><LI>Max Depth = 8<LI>Call Chain = xMBRTUReceiveFSM
</UL>
<BR>[Calls]<UL><LI><a href="#[1bc]">&gt;&gt;</a>&nbsp;&nbsp;&nbsp;xMBPortEventPost
</UL>
<BR>[Address Reference Count : 1]<UL><LI> mb.o(i.eMBInit)
</UL>
<P><STRONG><a name="[7d]"></a>xMBRTUTimerT35Expired</STRONG> (Thumb, 34 bytes, Stack size 8 bytes, mbrtu.o(i.xMBRTUTimerT35Expired))
<BR><BR>[Stack]<UL><LI>Max Depth = 8<LI>Call Chain = xMBRTUTimerT35Expired
</UL>
<BR>[Calls]<UL><LI><a href="#[1bc]">&gt;&gt;</a>&nbsp;&nbsp;&nbsp;xMBPortEventPost
</UL>
<BR>[Address Reference Count : 1]<UL><LI> mb.o(i.eMBInit)
</UL>
<P><STRONG><a name="[7c]"></a>xMBRTUTransmitFSM</STRONG> (Thumb, 76 bytes, Stack size 16 bytes, mbrtu.o(i.xMBRTUTransmitFSM))
<BR><BR>[Stack]<UL><LI>Max Depth = 16<LI>Call Chain = xMBRTUTransmitFSM
</UL>
<BR>[Calls]<UL><LI><a href="#[1bd]">&gt;&gt;</a>&nbsp;&nbsp;&nbsp;xMBPortSerialPutByte
<LI><a href="#[187]">&gt;&gt;</a>&nbsp;&nbsp;&nbsp;vMBPortSerialEnable
<LI><a href="#[1bc]">&gt;&gt;</a>&nbsp;&nbsp;&nbsp;xMBPortEventPost
</UL>
<BR>[Address Reference Count : 1]<UL><LI> mb.o(i.eMBInit)
</UL>
<P><STRONG><a name="[179]"></a>__aeabi_dneg</STRONG> (Thumb, 0 bytes, Stack size 0 bytes, basic.o(x$fpl$basic))
<BR><BR>[Called By]<UL><LI><a href="#[17f]">&gt;&gt;</a>&nbsp;&nbsp;&nbsp;__ieee754_rem_pio2
<LI><a href="#[150]">&gt;&gt;</a>&nbsp;&nbsp;&nbsp;__hardfp_atan
<LI><a href="#[180]">&gt;&gt;</a>&nbsp;&nbsp;&nbsp;__kernel_tan
</UL>

<P><STRONG><a name="[20c]"></a>_dneg</STRONG> (Thumb, 6 bytes, Stack size 0 bytes, basic.o(x$fpl$basic), UNUSED)

<P><STRONG><a name="[20d]"></a>__aeabi_fneg</STRONG> (Thumb, 0 bytes, Stack size 0 bytes, basic.o(x$fpl$basic), UNUSED)

<P><STRONG><a name="[20e]"></a>_fneg</STRONG> (Thumb, 6 bytes, Stack size 0 bytes, basic.o(x$fpl$basic), UNUSED)

<P><STRONG><a name="[20f]"></a>_dabs</STRONG> (Thumb, 6 bytes, Stack size 0 bytes, basic.o(x$fpl$basic), UNUSED)

<P><STRONG><a name="[210]"></a>_fabs</STRONG> (Thumb, 6 bytes, Stack size 0 bytes, basic.o(x$fpl$basic), UNUSED)

<P><STRONG><a name="[148]"></a>__aeabi_d2f</STRONG> (Thumb, 0 bytes, Stack size 32 bytes, d2f.o(x$fpl$d2f))
<BR><BR>[Stack]<UL><LI>Max Depth = 32<LI>Call Chain = __aeabi_d2f
</UL>
<BR>[Called By]<UL><LI><a href="#[ed]">&gt;&gt;</a>&nbsp;&nbsp;&nbsp;RCCAR_Init
<LI><a href="#[bc]">&gt;&gt;</a>&nbsp;&nbsp;&nbsp;SetReal_Velocity
</UL>

<P><STRONG><a name="[1be]"></a>_d2f</STRONG> (Thumb, 98 bytes, Stack size 32 bytes, d2f.o(x$fpl$d2f), UNUSED)
<BR><BR>[Calls]<UL><LI><a href="#[1bf]">&gt;&gt;</a>&nbsp;&nbsp;&nbsp;__fpl_fretinf
<LI><a href="#[1c0]">&gt;&gt;</a>&nbsp;&nbsp;&nbsp;__fpl_dnaninf
</UL>

<P><STRONG><a name="[14f]"></a>__aeabi_dadd</STRONG> (Thumb, 0 bytes, Stack size 16 bytes, daddsub_clz.o(x$fpl$dadd))
<BR><BR>[Stack]<UL><LI>Max Depth = 16<LI>Call Chain = __aeabi_dadd
</UL>
<BR>[Called By]<UL><LI><a href="#[17f]">&gt;&gt;</a>&nbsp;&nbsp;&nbsp;__ieee754_rem_pio2
<LI><a href="#[177]">&gt;&gt;</a>&nbsp;&nbsp;&nbsp;__kernel_poly
<LI><a href="#[172]">&gt;&gt;</a>&nbsp;&nbsp;&nbsp;__mathlib_dbl_infnan
<LI><a href="#[b9]">&gt;&gt;</a>&nbsp;&nbsp;&nbsp;__hardfp_round
<LI><a href="#[150]">&gt;&gt;</a>&nbsp;&nbsp;&nbsp;__hardfp_atan
<LI><a href="#[bc]">&gt;&gt;</a>&nbsp;&nbsp;&nbsp;SetReal_Velocity
<LI><a href="#[180]">&gt;&gt;</a>&nbsp;&nbsp;&nbsp;__kernel_tan
</UL>

<P><STRONG><a name="[1c1]"></a>_dadd</STRONG> (Thumb, 332 bytes, Stack size 16 bytes, daddsub_clz.o(x$fpl$dadd), UNUSED)
<BR><BR>[Calls]<UL><LI><a href="#[1c3]">&gt;&gt;</a>&nbsp;&nbsp;&nbsp;__fpl_dretinf
<LI><a href="#[1c0]">&gt;&gt;</a>&nbsp;&nbsp;&nbsp;__fpl_dnaninf
<LI><a href="#[1c2]">&gt;&gt;</a>&nbsp;&nbsp;&nbsp;_dsub1
</UL>

<P><STRONG><a name="[1c5]"></a>__dcmp4</STRONG> (Thumb, 98 bytes, Stack size 0 bytes, dcmp4.o(x$fpl$dcmp4), UNUSED)
<BR><BR>[Called By]<UL><LI><a href="#[1c4]">&gt;&gt;</a>&nbsp;&nbsp;&nbsp;_dcmp4
</UL>

<P><STRONG><a name="[17a]"></a>__ARM_dcmp4</STRONG> (Thumb, 0 bytes, Stack size 32 bytes, dcmp4.o(x$fpl$dcmp4))
<BR><BR>[Stack]<UL><LI>Max Depth = 32<LI>Call Chain = __ARM_dcmp4
</UL>
<BR>[Called By]<UL><LI><a href="#[152]">&gt;&gt;</a>&nbsp;&nbsp;&nbsp;__hardfp_fmin
<LI><a href="#[151]">&gt;&gt;</a>&nbsp;&nbsp;&nbsp;__hardfp_fmax
</UL>

<P><STRONG><a name="[1c4]"></a>_dcmp4</STRONG> (Thumb, 60 bytes, Stack size 32 bytes, dcmp4.o(x$fpl$dcmp4), UNUSED)
<BR><BR>[Calls]<UL><LI><a href="#[1c0]">&gt;&gt;</a>&nbsp;&nbsp;&nbsp;__fpl_dnaninf
<LI><a href="#[1c5]">&gt;&gt;</a>&nbsp;&nbsp;&nbsp;__dcmp4
<LI><a href="#[1c6]">&gt;&gt;</a>&nbsp;&nbsp;&nbsp;__fpl_dcmp_Inf
</UL>

<P><STRONG><a name="[1c8]"></a>__dcmp4e</STRONG> (Thumb, 98 bytes, Stack size 0 bytes, dcmp4.o(x$fpl$dcmp4), UNUSED)
<BR><BR>[Called By]<UL><LI><a href="#[1c7]">&gt;&gt;</a>&nbsp;&nbsp;&nbsp;_dcmp4e
</UL>

<P><STRONG><a name="[211]"></a>__ARM_dcmp4e</STRONG> (Thumb, 0 bytes, Stack size 32 bytes, dcmp4.o(x$fpl$dcmp4), UNUSED)

<P><STRONG><a name="[1c7]"></a>_dcmp4e</STRONG> (Thumb, 54 bytes, Stack size 32 bytes, dcmp4.o(x$fpl$dcmp4), UNUSED)
<BR><BR>[Calls]<UL><LI><a href="#[1c0]">&gt;&gt;</a>&nbsp;&nbsp;&nbsp;__fpl_dnaninf
<LI><a href="#[1c8]">&gt;&gt;</a>&nbsp;&nbsp;&nbsp;__dcmp4e
<LI><a href="#[1c6]">&gt;&gt;</a>&nbsp;&nbsp;&nbsp;__fpl_dcmp_Inf
</UL>

<P><STRONG><a name="[1c6]"></a>__fpl_dcmp_Inf</STRONG> (Thumb, 24 bytes, Stack size 0 bytes, dcmpi.o(x$fpl$dcmpinf), UNUSED)
<BR><BR>[Called By]<UL><LI><a href="#[1cc]">&gt;&gt;</a>&nbsp;&nbsp;&nbsp;_dcmple
<LI><a href="#[1c7]">&gt;&gt;</a>&nbsp;&nbsp;&nbsp;_dcmp4e
<LI><a href="#[1c4]">&gt;&gt;</a>&nbsp;&nbsp;&nbsp;_dcmp4
</UL>

<P><STRONG><a name="[c0]"></a>__aeabi_ddiv</STRONG> (Thumb, 0 bytes, Stack size 32 bytes, ddiv.o(x$fpl$ddiv))
<BR><BR>[Stack]<UL><LI>Max Depth = 32<LI>Call Chain = __aeabi_ddiv
</UL>
<BR>[Called By]<UL><LI><a href="#[aa]">&gt;&gt;</a>&nbsp;&nbsp;&nbsp;BatteryInformation
<LI><a href="#[17e]">&gt;&gt;</a>&nbsp;&nbsp;&nbsp;__mathlib_dbl_invalid
<LI><a href="#[150]">&gt;&gt;</a>&nbsp;&nbsp;&nbsp;__hardfp_atan
<LI><a href="#[bc]">&gt;&gt;</a>&nbsp;&nbsp;&nbsp;SetReal_Velocity
<LI><a href="#[180]">&gt;&gt;</a>&nbsp;&nbsp;&nbsp;__kernel_tan
</UL>

<P><STRONG><a name="[1c9]"></a>_ddiv</STRONG> (Thumb, 552 bytes, Stack size 32 bytes, ddiv.o(x$fpl$ddiv), UNUSED)
<BR><BR>[Calls]<UL><LI><a href="#[1c3]">&gt;&gt;</a>&nbsp;&nbsp;&nbsp;__fpl_dretinf
<LI><a href="#[1c0]">&gt;&gt;</a>&nbsp;&nbsp;&nbsp;__fpl_dnaninf
</UL>

<P><STRONG><a name="[c1]"></a>__aeabi_d2iz</STRONG> (Thumb, 0 bytes, Stack size 32 bytes, dfix.o(x$fpl$dfix))
<BR><BR>[Stack]<UL><LI>Max Depth = 32<LI>Call Chain = __aeabi_d2iz
</UL>
<BR>[Called By]<UL><LI><a href="#[aa]">&gt;&gt;</a>&nbsp;&nbsp;&nbsp;BatteryInformation
<LI><a href="#[17f]">&gt;&gt;</a>&nbsp;&nbsp;&nbsp;__ieee754_rem_pio2
<LI><a href="#[bc]">&gt;&gt;</a>&nbsp;&nbsp;&nbsp;SetReal_Velocity
<LI><a href="#[157]">&gt;&gt;</a>&nbsp;&nbsp;&nbsp;limit_value
<LI><a href="#[12e]">&gt;&gt;</a>&nbsp;&nbsp;&nbsp;Set_MotorVelocity
<LI><a href="#[180]">&gt;&gt;</a>&nbsp;&nbsp;&nbsp;__kernel_tan
</UL>

<P><STRONG><a name="[1ca]"></a>_dfix</STRONG> (Thumb, 94 bytes, Stack size 32 bytes, dfix.o(x$fpl$dfix), UNUSED)
<BR><BR>[Calls]<UL><LI><a href="#[1c0]">&gt;&gt;</a>&nbsp;&nbsp;&nbsp;__fpl_dnaninf
</UL>

<P><STRONG><a name="[ba]"></a>__aeabi_d2uiz</STRONG> (Thumb, 0 bytes, Stack size 32 bytes, dfixu.o(x$fpl$dfixu))
<BR><BR>[Stack]<UL><LI>Max Depth = 32<LI>Call Chain = __aeabi_d2uiz
</UL>
<BR>[Called By]<UL><LI><a href="#[155]">&gt;&gt;</a>&nbsp;&nbsp;&nbsp;VirtuallyAngularVelocityGet
<LI><a href="#[b7]">&gt;&gt;</a>&nbsp;&nbsp;&nbsp;AngularVelocityGet
<LI><a href="#[e7]">&gt;&gt;</a>&nbsp;&nbsp;&nbsp;Detect_Motor_Status
</UL>

<P><STRONG><a name="[1cb]"></a>_dfixu</STRONG> (Thumb, 90 bytes, Stack size 32 bytes, dfixu.o(x$fpl$dfixu), UNUSED)
<BR><BR>[Calls]<UL><LI><a href="#[1c0]">&gt;&gt;</a>&nbsp;&nbsp;&nbsp;__fpl_dnaninf
</UL>

<P><STRONG><a name="[bf]"></a>__aeabi_i2d</STRONG> (Thumb, 0 bytes, Stack size 0 bytes, dflt_clz.o(x$fpl$dflt))
<BR><BR>[Called By]<UL><LI><a href="#[aa]">&gt;&gt;</a>&nbsp;&nbsp;&nbsp;BatteryInformation
<LI><a href="#[17f]">&gt;&gt;</a>&nbsp;&nbsp;&nbsp;__ieee754_rem_pio2
<LI><a href="#[157]">&gt;&gt;</a>&nbsp;&nbsp;&nbsp;limit_value
<LI><a href="#[12e]">&gt;&gt;</a>&nbsp;&nbsp;&nbsp;Set_MotorVelocity
<LI><a href="#[180]">&gt;&gt;</a>&nbsp;&nbsp;&nbsp;__kernel_tan
</UL>

<P><STRONG><a name="[212]"></a>_dflt</STRONG> (Thumb, 46 bytes, Stack size 0 bytes, dflt_clz.o(x$fpl$dflt), UNUSED)

<P><STRONG><a name="[147]"></a>__aeabi_ui2d</STRONG> (Thumb, 0 bytes, Stack size 0 bytes, dflt_clz.o(x$fpl$dfltu))
<BR><BR>[Called By]<UL><LI><a href="#[ed]">&gt;&gt;</a>&nbsp;&nbsp;&nbsp;RCCAR_Init
<LI><a href="#[17f]">&gt;&gt;</a>&nbsp;&nbsp;&nbsp;__ieee754_rem_pio2
<LI><a href="#[bc]">&gt;&gt;</a>&nbsp;&nbsp;&nbsp;SetReal_Velocity
<LI><a href="#[12e]">&gt;&gt;</a>&nbsp;&nbsp;&nbsp;Set_MotorVelocity
</UL>

<P><STRONG><a name="[213]"></a>_dfltu</STRONG> (Thumb, 38 bytes, Stack size 0 bytes, dflt_clz.o(x$fpl$dfltu), UNUSED)

<P><STRONG><a name="[17c]"></a>__aeabi_cdcmple</STRONG> (Thumb, 0 bytes, Stack size 32 bytes, dleqf.o(x$fpl$dleqf))
<BR><BR>[Stack]<UL><LI>Max Depth = 32<LI>Call Chain = __aeabi_cdcmple
</UL>
<BR>[Called By]<UL><LI><a href="#[b9]">&gt;&gt;</a>&nbsp;&nbsp;&nbsp;__hardfp_round
</UL>

<P><STRONG><a name="[1cc]"></a>_dcmple</STRONG> (Thumb, 120 bytes, Stack size 32 bytes, dleqf.o(x$fpl$dleqf), UNUSED)
<BR><BR>[Calls]<UL><LI><a href="#[1c0]">&gt;&gt;</a>&nbsp;&nbsp;&nbsp;__fpl_dnaninf
<LI><a href="#[1c6]">&gt;&gt;</a>&nbsp;&nbsp;&nbsp;__fpl_dcmp_Inf
</UL>

<P><STRONG><a name="[1cf]"></a>__fpl_dcmple_InfNaN</STRONG> (Thumb, 0 bytes, Stack size unknown bytes, dleqf.o(x$fpl$dleqf), UNUSED)
<BR><BR>[Called By]<UL><LI><a href="#[1ce]">&gt;&gt;</a>&nbsp;&nbsp;&nbsp;_drcmple
</UL>

<P><STRONG><a name="[c2]"></a>__aeabi_dmul</STRONG> (Thumb, 0 bytes, Stack size 32 bytes, dmul.o(x$fpl$dmul))
<BR><BR>[Stack]<UL><LI>Max Depth = 32<LI>Call Chain = __aeabi_dmul
</UL>
<BR>[Called By]<UL><LI><a href="#[ed]">&gt;&gt;</a>&nbsp;&nbsp;&nbsp;RCCAR_Init
<LI><a href="#[aa]">&gt;&gt;</a>&nbsp;&nbsp;&nbsp;BatteryInformation
<LI><a href="#[17f]">&gt;&gt;</a>&nbsp;&nbsp;&nbsp;__ieee754_rem_pio2
<LI><a href="#[177]">&gt;&gt;</a>&nbsp;&nbsp;&nbsp;__kernel_poly
<LI><a href="#[174]">&gt;&gt;</a>&nbsp;&nbsp;&nbsp;__mathlib_dbl_underflow
<LI><a href="#[150]">&gt;&gt;</a>&nbsp;&nbsp;&nbsp;__hardfp_atan
<LI><a href="#[bc]">&gt;&gt;</a>&nbsp;&nbsp;&nbsp;SetReal_Velocity
<LI><a href="#[180]">&gt;&gt;</a>&nbsp;&nbsp;&nbsp;__kernel_tan
</UL>

<P><STRONG><a name="[1cd]"></a>_dmul</STRONG> (Thumb, 332 bytes, Stack size 32 bytes, dmul.o(x$fpl$dmul), UNUSED)
<BR><BR>[Calls]<UL><LI><a href="#[1c3]">&gt;&gt;</a>&nbsp;&nbsp;&nbsp;__fpl_dretinf
<LI><a href="#[1c0]">&gt;&gt;</a>&nbsp;&nbsp;&nbsp;__fpl_dnaninf
</UL>

<P><STRONG><a name="[1c0]"></a>__fpl_dnaninf</STRONG> (Thumb, 156 bytes, Stack size 16 bytes, dnaninf.o(x$fpl$dnaninf))
<BR><BR>[Stack]<UL><LI>Max Depth = 16<LI>Call Chain = __fpl_dnaninf
</UL>
<BR>[Called By]<UL><LI><a href="#[17b]">&gt;&gt;</a>&nbsp;&nbsp;&nbsp;_drnd
<LI><a href="#[1cc]">&gt;&gt;</a>&nbsp;&nbsp;&nbsp;_dcmple
<LI><a href="#[1c7]">&gt;&gt;</a>&nbsp;&nbsp;&nbsp;_dcmp4e
<LI><a href="#[1c4]">&gt;&gt;</a>&nbsp;&nbsp;&nbsp;_dcmp4
<LI><a href="#[1cd]">&gt;&gt;</a>&nbsp;&nbsp;&nbsp;_dmul
<LI><a href="#[1cb]">&gt;&gt;</a>&nbsp;&nbsp;&nbsp;_dfixu
<LI><a href="#[1ca]">&gt;&gt;</a>&nbsp;&nbsp;&nbsp;_dfix
<LI><a href="#[1c9]">&gt;&gt;</a>&nbsp;&nbsp;&nbsp;_ddiv
<LI><a href="#[1d2]">&gt;&gt;</a>&nbsp;&nbsp;&nbsp;_dsub
<LI><a href="#[1c1]">&gt;&gt;</a>&nbsp;&nbsp;&nbsp;_dadd
<LI><a href="#[1be]">&gt;&gt;</a>&nbsp;&nbsp;&nbsp;_d2f
</UL>

<P><STRONG><a name="[1c3]"></a>__fpl_dretinf</STRONG> (Thumb, 12 bytes, Stack size 0 bytes, dretinf.o(x$fpl$dretinf), UNUSED)
<BR><BR>[Called By]<UL><LI><a href="#[1d3]">&gt;&gt;</a>&nbsp;&nbsp;&nbsp;_f2d
<LI><a href="#[1cd]">&gt;&gt;</a>&nbsp;&nbsp;&nbsp;_dmul
<LI><a href="#[1c9]">&gt;&gt;</a>&nbsp;&nbsp;&nbsp;_ddiv
<LI><a href="#[1c1]">&gt;&gt;</a>&nbsp;&nbsp;&nbsp;_dadd
</UL>

<P><STRONG><a name="[17d]"></a>__aeabi_cdrcmple</STRONG> (Thumb, 0 bytes, Stack size 16 bytes, drleqf.o(x$fpl$drleqf))
<BR><BR>[Stack]<UL><LI>Max Depth = 16<LI>Call Chain = __aeabi_cdrcmple
</UL>
<BR>[Called By]<UL><LI><a href="#[b9]">&gt;&gt;</a>&nbsp;&nbsp;&nbsp;__hardfp_round
</UL>

<P><STRONG><a name="[1ce]"></a>_drcmple</STRONG> (Thumb, 108 bytes, Stack size 16 bytes, drleqf.o(x$fpl$drleqf), UNUSED)
<BR><BR>[Calls]<UL><LI><a href="#[1cf]">&gt;&gt;</a>&nbsp;&nbsp;&nbsp;__fpl_dcmple_InfNaN
</UL>

<P><STRONG><a name="[17b]"></a>_drnd</STRONG> (Thumb, 180 bytes, Stack size 16 bytes, drnd.o(x$fpl$drnd))
<BR><BR>[Stack]<UL><LI>Max Depth = 32<LI>Call Chain = _drnd &rArr; __fpl_dnaninf
</UL>
<BR>[Calls]<UL><LI><a href="#[1c0]">&gt;&gt;</a>&nbsp;&nbsp;&nbsp;__fpl_dnaninf
</UL>
<BR>[Called By]<UL><LI><a href="#[b9]">&gt;&gt;</a>&nbsp;&nbsp;&nbsp;__hardfp_round
</UL>

<P><STRONG><a name="[178]"></a>__aeabi_drsub</STRONG> (Thumb, 0 bytes, Stack size 8 bytes, daddsub_clz.o(x$fpl$drsb))
<BR><BR>[Stack]<UL><LI>Max Depth = 8<LI>Call Chain = __aeabi_drsub
</UL>
<BR>[Called By]<UL><LI><a href="#[17f]">&gt;&gt;</a>&nbsp;&nbsp;&nbsp;__ieee754_rem_pio2
<LI><a href="#[150]">&gt;&gt;</a>&nbsp;&nbsp;&nbsp;__hardfp_atan
<LI><a href="#[180]">&gt;&gt;</a>&nbsp;&nbsp;&nbsp;__kernel_tan
</UL>

<P><STRONG><a name="[1d0]"></a>_drsb</STRONG> (Thumb, 22 bytes, Stack size 8 bytes, daddsub_clz.o(x$fpl$drsb), UNUSED)
<BR><BR>[Calls]<UL><LI><a href="#[1c2]">&gt;&gt;</a>&nbsp;&nbsp;&nbsp;_dsub1
<LI><a href="#[1d1]">&gt;&gt;</a>&nbsp;&nbsp;&nbsp;_dadd1
</UL>

<P><STRONG><a name="[176]"></a>__aeabi_dsub</STRONG> (Thumb, 0 bytes, Stack size 32 bytes, daddsub_clz.o(x$fpl$dsub))
<BR><BR>[Stack]<UL><LI>Max Depth = 32<LI>Call Chain = __aeabi_dsub
</UL>
<BR>[Called By]<UL><LI><a href="#[17f]">&gt;&gt;</a>&nbsp;&nbsp;&nbsp;__ieee754_rem_pio2
<LI><a href="#[b9]">&gt;&gt;</a>&nbsp;&nbsp;&nbsp;__hardfp_round
<LI><a href="#[150]">&gt;&gt;</a>&nbsp;&nbsp;&nbsp;__hardfp_atan
<LI><a href="#[180]">&gt;&gt;</a>&nbsp;&nbsp;&nbsp;__kernel_tan
</UL>

<P><STRONG><a name="[1d2]"></a>_dsub</STRONG> (Thumb, 464 bytes, Stack size 32 bytes, daddsub_clz.o(x$fpl$dsub), UNUSED)
<BR><BR>[Calls]<UL><LI><a href="#[1c0]">&gt;&gt;</a>&nbsp;&nbsp;&nbsp;__fpl_dnaninf
<LI><a href="#[1d1]">&gt;&gt;</a>&nbsp;&nbsp;&nbsp;_dadd1
</UL>

<P><STRONG><a name="[b8]"></a>__aeabi_f2d</STRONG> (Thumb, 0 bytes, Stack size 16 bytes, f2d.o(x$fpl$f2d))
<BR><BR>[Stack]<UL><LI>Max Depth = 16<LI>Call Chain = __aeabi_f2d
</UL>
<BR>[Called By]<UL><LI><a href="#[155]">&gt;&gt;</a>&nbsp;&nbsp;&nbsp;VirtuallyAngularVelocityGet
<LI><a href="#[bc]">&gt;&gt;</a>&nbsp;&nbsp;&nbsp;SetReal_Velocity
<LI><a href="#[b7]">&gt;&gt;</a>&nbsp;&nbsp;&nbsp;AngularVelocityGet
<LI><a href="#[e7]">&gt;&gt;</a>&nbsp;&nbsp;&nbsp;Detect_Motor_Status
</UL>

<P><STRONG><a name="[1d3]"></a>_f2d</STRONG> (Thumb, 86 bytes, Stack size 16 bytes, f2d.o(x$fpl$f2d), UNUSED)
<BR><BR>[Calls]<UL><LI><a href="#[1d4]">&gt;&gt;</a>&nbsp;&nbsp;&nbsp;__fpl_fnaninf
<LI><a href="#[1c3]">&gt;&gt;</a>&nbsp;&nbsp;&nbsp;__fpl_dretinf
</UL>

<P><STRONG><a name="[1d4]"></a>__fpl_fnaninf</STRONG> (Thumb, 140 bytes, Stack size 8 bytes, fnaninf.o(x$fpl$fnaninf), UNUSED)
<BR><BR>[Called By]<UL><LI><a href="#[1d3]">&gt;&gt;</a>&nbsp;&nbsp;&nbsp;_f2d
</UL>

<P><STRONG><a name="[89]"></a>_fp_init</STRONG> (Thumb, 10 bytes, Stack size 0 bytes, fpinit.o(x$fpl$fpinit))
<BR><BR>[Called By]<UL><LI><a href="#[88]">&gt;&gt;</a>&nbsp;&nbsp;&nbsp;__rt_lib_init_fp_1
</UL>

<P><STRONG><a name="[214]"></a>__fplib_config_fpu_vfp</STRONG> (Thumb, 0 bytes, Stack size unknown bytes, fpinit.o(x$fpl$fpinit), UNUSED)

<P><STRONG><a name="[215]"></a>__fplib_config_pureend_doubles</STRONG> (Thumb, 0 bytes, Stack size unknown bytes, fpinit.o(x$fpl$fpinit), UNUSED)

<P><STRONG><a name="[1bf]"></a>__fpl_fretinf</STRONG> (Thumb, 10 bytes, Stack size 0 bytes, fretinf.o(x$fpl$fretinf), UNUSED)
<BR><BR>[Called By]<UL><LI><a href="#[1be]">&gt;&gt;</a>&nbsp;&nbsp;&nbsp;_d2f
</UL>
<P>
<H3>
Local Symbols
</H3>
<P><STRONG><a name="[46]"></a>RESERVE48_IRQHandler</STRONG> (Thumb, 0 bytes, Stack size 0 bytes, startup_n32g45x.o(.text))
<BR>[Address Reference Count : 1]<UL><LI> startup_n32g45x.o(RESET)
</UL>
<P><STRONG><a name="[15d]"></a>ConfigTI2</STRONG> (Thumb, 122 bytes, Stack size 12 bytes, n32g45x_tim.o(i.ConfigTI2))
<BR><BR>[Stack]<UL><LI>Max Depth = 12<LI>Call Chain = ConfigTI2
</UL>
<BR>[Called By]<UL><LI><a href="#[144]">&gt;&gt;</a>&nbsp;&nbsp;&nbsp;TIM_ICInit
<LI><a href="#[fb]">&gt;&gt;</a>&nbsp;&nbsp;&nbsp;TIM_ConfigPwmIc
</UL>

<P><STRONG><a name="[7e]"></a>InitTask</STRONG> (Thumb, 402 bytes, Stack size 40 bytes, application.o(i.InitTask))
<BR><BR>[Stack]<UL><LI>Max Depth = 512<LI>Call Chain = InitTask &rArr; systemInit &rArr; Motor_Init &rArr; ZLAC8015_PDO_Config &rArr; Add_Sdo_Linked_List &rArr; rt_malloc &rArr; rt_sem_take &rArr; rt_timer_start &rArr; rt_object_get_type &rArr; rt_assert_handler
</UL>
<BR>[Calls]<UL><LI><a href="#[101]">&gt;&gt;</a>&nbsp;&nbsp;&nbsp;systemInit
<LI><a href="#[103]">&gt;&gt;</a>&nbsp;&nbsp;&nbsp;rt_thread_startup
<LI><a href="#[102]">&gt;&gt;</a>&nbsp;&nbsp;&nbsp;rt_thread_init
</UL>
<BR>[Address Reference Count : 1]<UL><LI> application.o(i.rt_application_init)
</UL>
<P><STRONG><a name="[7f]"></a>rt_thread_idle_entry</STRONG> (Thumb, 158 bytes, Stack size 0 bytes, idle.o(i.rt_thread_idle_entry))
<BR><BR>[Stack]<UL><LI>Max Depth = 96<LI>Call Chain = rt_thread_idle_entry &rArr; rt_object_delete &rArr; rt_free &rArr; rt_sem_take &rArr; rt_timer_start &rArr; rt_object_get_type &rArr; rt_assert_handler
</UL>
<BR>[Calls]<UL><LI><a href="#[18e]">&gt;&gt;</a>&nbsp;&nbsp;&nbsp;rt_hw_interrupt_disable
<LI><a href="#[199]">&gt;&gt;</a>&nbsp;&nbsp;&nbsp;rt_object_delete
<LI><a href="#[194]">&gt;&gt;</a>&nbsp;&nbsp;&nbsp;rt_interrupt_get_nest
<LI><a href="#[19f]">&gt;&gt;</a>&nbsp;&nbsp;&nbsp;rt_object_is_systemobject
<LI><a href="#[19a]">&gt;&gt;</a>&nbsp;&nbsp;&nbsp;rt_object_detach
<LI><a href="#[d6]">&gt;&gt;</a>&nbsp;&nbsp;&nbsp;rt_free
<LI><a href="#[190]">&gt;&gt;</a>&nbsp;&nbsp;&nbsp;rt_exit_critical
<LI><a href="#[18d]">&gt;&gt;</a>&nbsp;&nbsp;&nbsp;rt_enter_critical
<LI><a href="#[18b]">&gt;&gt;</a>&nbsp;&nbsp;&nbsp;rt_assert_handler
<LI><a href="#[18f]">&gt;&gt;</a>&nbsp;&nbsp;&nbsp;rt_hw_interrupt_enable
</UL>
<BR>[Address Reference Count : 1]<UL><LI> idle.o(i.rt_thread_idle_init)
</UL>
<P><STRONG><a name="[18a]"></a>plug_holes</STRONG> (Thumb, 134 bytes, Stack size 16 bytes, mem.o(i.plug_holes))
<BR><BR>[Stack]<UL><LI>Max Depth = 24<LI>Call Chain = plug_holes &rArr; rt_assert_handler
</UL>
<BR>[Calls]<UL><LI><a href="#[18b]">&gt;&gt;</a>&nbsp;&nbsp;&nbsp;rt_assert_handler
</UL>
<BR>[Called By]<UL><LI><a href="#[d6]">&gt;&gt;</a>&nbsp;&nbsp;&nbsp;rt_free
</UL>

<P><STRONG><a name="[1d1]"></a>_dadd1</STRONG> (Thumb, 0 bytes, Stack size unknown bytes, daddsub_clz.o(x$fpl$dadd), UNUSED)
<BR><BR>[Called By]<UL><LI><a href="#[1d2]">&gt;&gt;</a>&nbsp;&nbsp;&nbsp;_dsub
<LI><a href="#[1d0]">&gt;&gt;</a>&nbsp;&nbsp;&nbsp;_drsb
</UL>

<P><STRONG><a name="[1c2]"></a>_dsub1</STRONG> (Thumb, 0 bytes, Stack size unknown bytes, daddsub_clz.o(x$fpl$dsub), UNUSED)
<BR><BR>[Called By]<UL><LI><a href="#[1d0]">&gt;&gt;</a>&nbsp;&nbsp;&nbsp;_drsb
<LI><a href="#[1c1]">&gt;&gt;</a>&nbsp;&nbsp;&nbsp;_dadd
</UL>
<P>
<H3>
Undefined Global Symbols
</H3><HR></body></html>
