<html>
<body>
<pre>
<h1>礦ision Build Log</h1>
<h2>Tool Versions:</h2>
IDE-Version: μVision V5.38.0.0
Copyright (C) 2022 ARM Ltd and ARM Germany GmbH. All rights reserved.
License Information: 1 1, 11, LIC=GMZI6-DR4UG-FWU2N-YL0S5-E4BUV-93S16
 
Tool Versions:
Toolchain:       MDK-ARM Plus  Version: 5.38.0.0
Toolchain Path:  D:\Keil_v5\ARM\ARMCC\Bin
C Compiler:      Armcc.exe V5.06 update 7 (build 960)
Assembler:       Armasm.exe V5.06 update 7 (build 960)
Linker/Locator:  ArmLink.exe V5.06 update 7 (build 960)
Library Manager: ArmAr.exe V5.06 update 7 (build 960)
Hex Converter:   FromElf.exe V5.06 update 7 (build 960)
CPU DLL:         SARMCM3.DLL V5.38.0.0
Dialog DLL:      DCM.DLL V1.17.5.0
Target DLL:      STLink\ST-LINKIII-KEIL_SWO.dll V3.1.0.0
Dialog DLL:      TCM.DLL V1.56.4.0
 
<h2>Project:</h2>
D:\STM32\OutdoorDifferentialNations\OutdoorDifferentialNations.uvprojx
Project File Date:  09/25/2024

<h2>Output:</h2>
*** Using Compiler 'V5.06 update 7 (build 960)', folder: 'D:\Keil_v5\ARM\ARMCC\Bin'
Rebuild target 'Target 1'
assembling startup_n32g45x.s...
compiling misc.c...
compiling n32g45x_iwdg.c...
compiling n32g45x_exti.c...
compiling system_n32g45x.c...
compiling n32g45x_flash.c...
compiling n32g45x_adc.c...
compiling n32g45x_dma.c...
compiling n32g45x_spi.c...
compiling n32g45x_usart.c...
compiling n32g45x_gpio.c...
compiling n32g45x_rcc.c...
compiling n32g45x_can.c...
compiling main.c...
compiling n32g45x_tim.c...
compiling application.c...
compiling clock.c...
compiling cpu.c...
compiling idle.c...
compiling device.c...
compiling irq.c...
compiling ipc.c...
compiling n32g45x_it.c...
compiling mem.c...
compiling memheap.c...
compiling mempool.c...
compiling Charger.c...
compiling RJ_JT.c...
compiling kservice.c...
compiling object.c...
compiling JDQ_EN.c...
app\JDQ_EN\JDQ_EN.c(30): warning:  #1-D: last line of file ends without a newline
  #endif
app\JDQ_EN\JDQ_EN.c: 1 warning, 0 errors
compiling components.c...
compiling scheduler.c...
compiling signal.c...
compiling CircularCar.c...
compiling slab.c...
compiling thread.c...
compiling timer.c...
assembling context_rvds.S...
compiling cpuport.c...
rt-thread\libcpu\cortex-m4\cpuport.c(375): warning:  #177-D: variable "context"  was declared but never referenced
      struct stack_frame *context = &exception_info->stack_frame;
rt-thread\libcpu\cortex-m4\cpuport.c: 1 warning, 0 errors
compiling log.c...
compiling can.c...
compiling completion.c...
compiling bsp.c...
compiling mbfuncdiag.c...
compiling led.c...
compiling portevent.c...
compiling portserial.c...
compiling user_can.c...
compiling user_adc.c...
compiling porttimer.c...
compiling mbcrc.c...
compiling usartx.c...
bsp\DeviceDrivers\uart\src\usartx.c(120): warning:  #177-D: variable "NVIC_InitStruct"  was declared but never referenced
  	NVIC_InitType NVIC_InitStruct;
bsp\DeviceDrivers\uart\src\usartx.c(998): warning:  #188-D: enumerated type mixed with another type
  	enum enum_CarType CarType = CARMODE;	//小车类型
bsp\DeviceDrivers\uart\src\usartx.c(999): warning:  #188-D: enumerated type mixed with another type
  	enum enum_motor_type motor_type[MAX_MOTOR_NUMBER] = {0};	//电机类型
bsp\DeviceDrivers\uart\src\usartx.c(1000): warning:  #188-D: enumerated type mixed with another type
  	enum enum_sport_mode sport_mode[MAX_MOTOR_NUMBER] = {0};	//电机运动模式
bsp\DeviceDrivers\uart\src\usartx.c(1267): warning:  #174-D: expression has no effect
  			pdu[motor1_direction];
bsp\DeviceDrivers\uart\src\usartx.c: 5 warnings, 0 errors
compiling mb.c...
app\MODBUS\mb.c(798): warning:  #186-D: pointless comparison of unsigned integer with zero
      if (_AddrOffset >= car_type && _AddrOffset< control_mode)
app\MODBUS\mb.c(90): warning:  #177-D: variable "peMBFrameSendCur"  was declared but never referenced
  static peMBFrameSend peMBFrameSendCur;
app\MODBUS\mb.c: 2 warnings, 0 errors
compiling mbrtu.c...
compiling mbfunccoils.c...
app\MODBUS\functions\mbfunccoils.c(151): warning:  #550-D: variable "ucBuf"  was set but never used
      UCHAR           ucBuf[2];
app\MODBUS\functions\mbfunccoils.c: 1 warning, 0 errors
compiling mbfuncdisc.c...
compiling mbfuncholding.c...
compiling mbfuncinput.c...
compiling mbfuncother.c...
compiling mbutils.c...
compiling robot_select_init.c...
compiling FLASH_WR.c...
compiling system.c...
compiling motor.c...
compiling rc_car.c...
compiling balance.c...
compiling remote.c...
linking...
Program Size: Code=47270 RO-data=3858 RW-data=1344 ZI-data=54808  
After Build - User command #1: fromelf.exe --bin --output Objects/bin/OutdoorDifferentialNations.bin Objects/OutdoorDifferentialNations.axf
".\Objects\OutdoorDifferentialNations.axf" - 0 Error(s), 10 Warning(s).

<h2>Software Packages used:</h2>

Package Vendor: Nationstech
                http://www.keil.com/pack/Nationstech.N32G45x_DFP.1.0.6.pack
                Nationstech.N32G45x_DFP.1.0.6
                Nationstech N32G45x Series Device Support, Drivers and Examples

<h2>Collection of Component include folders:</h2>
  D:/Keil_v5_Pack/Packs/Nationstech/N32G45x_DFP/1.0.6/firmware/CMSIS/device

<h2>Collection of Component Files used:</h2>
Build Time Elapsed:  00:00:05
</pre>
</body>
</html>
