Component: ARM Compiler 5.06 update 7 (build 960) Tool: armlink [4d3601]

==============================================================================

Section Cross References

    startup_n32g45x.o(STACK) refers (Special) to heapauxi.o(.text) for __use_two_region_memory
    startup_n32g45x.o(HEAP) refers (Special) to heapauxi.o(.text) for __use_two_region_memory
    startup_n32g45x.o(RESET) refers (Special) to heapauxi.o(.text) for __use_two_region_memory
    startup_n32g45x.o(RESET) refers to startup_n32g45x.o(STACK) for __initial_sp
    startup_n32g45x.o(RESET) refers to startup_n32g45x.o(.text) for Reset_Handler
    startup_n32g45x.o(RESET) refers to n32g45x_it.o(i.NMI_Handler) for NMI_Handler
    startup_n32g45x.o(RESET) refers to context_rvds.o(.text) for HardFault_Handler
    startup_n32g45x.o(RESET) refers to n32g45x_it.o(i.MemManage_Handler) for MemManage_Handler
    startup_n32g45x.o(RESET) refers to n32g45x_it.o(i.BusFault_Handler) for BusFault_Handler
    startup_n32g45x.o(RESET) refers to n32g45x_it.o(i.UsageFault_Handler) for UsageFault_Handler
    startup_n32g45x.o(RESET) refers to n32g45x_it.o(i.SVC_Handler) for SVC_Handler
    startup_n32g45x.o(RESET) refers to n32g45x_it.o(i.DebugMon_Handler) for DebugMon_Handler
    startup_n32g45x.o(RESET) refers to bsp.o(i.SysTick_Handler) for SysTick_Handler
    startup_n32g45x.o(RESET) refers to usartx.o(i.DMA1_Channel2_IRQHandler) for DMA1_Channel2_IRQHandler
    startup_n32g45x.o(RESET) refers to usartx.o(i.DMA1_Channel4_IRQHandler) for DMA1_Channel4_IRQHandler
    startup_n32g45x.o(RESET) refers to usartx.o(i.DMA1_Channel7_IRQHandler) for DMA1_Channel7_IRQHandler
    startup_n32g45x.o(RESET) refers to motor.o(i.USB_LP_CAN1_RX0_IRQHandler) for USB_LP_CAN1_RX0_IRQHandler
    startup_n32g45x.o(RESET) refers to charger.o(i.TIM1_UP_IRQHandler) for TIM1_UP_IRQHandler
    startup_n32g45x.o(RESET) refers to circularcar.o(i.TIM3_IRQHandler) for TIM3_IRQHandler
    startup_n32g45x.o(RESET) refers to n32g45x_it.o(i.TIM4_IRQHandler) for TIM4_IRQHandler
    startup_n32g45x.o(RESET) refers to usartx.o(i.USART1_IRQHandler) for USART1_IRQHandler
    startup_n32g45x.o(RESET) refers to usartx.o(i.USART2_IRQHandler) for USART2_IRQHandler
    startup_n32g45x.o(RESET) refers to usartx.o(i.USART3_IRQHandler) for USART3_IRQHandler
    startup_n32g45x.o(RESET) refers to charger.o(i.TIM5_IRQHandler) for TIM5_IRQHandler
    startup_n32g45x.o(RESET) refers to usartx.o(i.UART5_IRQHandler) for UART5_IRQHandler
    startup_n32g45x.o(RESET) refers to motor.o(i.CAN2_RX0_IRQHandler) for CAN2_RX0_IRQHandler
    startup_n32g45x.o(.text) refers (Special) to heapauxi.o(.text) for __use_two_region_memory
    startup_n32g45x.o(.text) refers to system_n32g45x.o(i.SystemInit) for SystemInit
    startup_n32g45x.o(.text) refers to __main.o(!!!main) for __main
    startup_n32g45x.o(.text) refers to startup_n32g45x.o(HEAP) for Heap_Mem
    startup_n32g45x.o(.text) refers to startup_n32g45x.o(STACK) for Stack_Mem
    system_n32g45x.o(i.SystemCoreClockUpdate) refers to system_n32g45x.o(.data) for .data
    system_n32g45x.o(i.SystemCoreClockUpdate) refers to system_n32g45x.o(.constdata) for .constdata
    system_n32g45x.o(i.SystemInit) refers to system_n32g45x.o(.data) for .data
    n32g45x_can.o(i.CAN_DeInit) refers to n32g45x_rcc.o(i.RCC_EnableAPB1PeriphReset) for RCC_EnableAPB1PeriphReset
    n32g45x_flash.o(i.FLASH_ConfigUserOB) refers to n32g45x_flash.o(i.FLASH_WaitForLastOpt) for FLASH_WaitForLastOpt
    n32g45x_flash.o(i.FLASH_EnWriteProtection) refers to n32g45x_flash.o(i.FLASH_WaitForLastOpt) for FLASH_WaitForLastOpt
    n32g45x_flash.o(i.FLASH_EraseOB) refers to n32g45x_flash.o(i.FLASH_WaitForLastOpt) for FLASH_WaitForLastOpt
    n32g45x_flash.o(i.FLASH_EraseOnePage) refers to n32g45x_flash.o(i.FLASH_WaitForLastOpt) for FLASH_WaitForLastOpt
    n32g45x_flash.o(i.FLASH_MassErase) refers to n32g45x_flash.o(i.FLASH_WaitForLastOpt) for FLASH_WaitForLastOpt
    n32g45x_flash.o(i.FLASH_ProgramOBData) refers to n32g45x_flash.o(i.FLASH_WaitForLastOpt) for FLASH_WaitForLastOpt
    n32g45x_flash.o(i.FLASH_ProgramWord) refers to n32g45x_flash.o(i.FLASH_WaitForLastOpt) for FLASH_WaitForLastOpt
    n32g45x_flash.o(i.FLASH_ReadOutProtectionL1) refers to n32g45x_flash.o(i.FLASH_WaitForLastOpt) for FLASH_WaitForLastOpt
    n32g45x_flash.o(i.FLASH_ReadOutProtectionL2_ENABLE) refers to n32g45x_flash.o(i.FLASH_WaitForLastOpt) for FLASH_WaitForLastOpt
    n32g45x_gpio.o(i.GPIO_AFIOInitDefault) refers to n32g45x_rcc.o(i.RCC_EnableAPB2PeriphReset) for RCC_EnableAPB2PeriphReset
    n32g45x_gpio.o(i.GPIO_DeInit) refers to n32g45x_rcc.o(i.RCC_EnableAPB2PeriphReset) for RCC_EnableAPB2PeriphReset
    n32g45x_rcc.o(i.RCC_GetClocksFreqValue) refers to n32g45x_rcc.o(.constdata) for .constdata
    n32g45x_tim.o(i.TIM_ConfigExtTrigAsClk) refers to n32g45x_tim.o(i.ConfigTI2) for ConfigTI2
    n32g45x_tim.o(i.TIM_ConfigPwmIc) refers to n32g45x_tim.o(i.ConfigTI2) for ConfigTI2
[...]
    rt_timer_check                           0x0800a5cd   Thumb Code   334  timer.o(i.rt_timer_check)
    rt_timer_control                         0x0800a731   Thumb Code    94  timer.o(i.rt_timer_control)
    rt_timer_detach                          0x0800a7e5   Thumb Code    92  timer.o(i.rt_timer_detach)
    rt_timer_init                            0x0800a8c1   Thumb Code    66  timer.o(i.rt_timer_init)
    rt_timer_start                           0x0800a91d   Thumb Code   216  timer.o(i.rt_timer_start)
    rt_timer_stop                            0x0800aa75   Thumb Code    94  timer.o(i.rt_timer_stop)
    rtthread_startup                         0x0800ab29   Thumb Code    46  main.o(i.rtthread_startup)
    systemInit                               0x0800ab61   Thumb Code    84  system.o(i.systemInit)
    usMBCRC16                                0x0800abbd   Thumb Code    58  mbcrc.o(i.usMBCRC16)
    vMBPortSerialEnable                      0x0800abfd   Thumb Code     2  portserial.o(i.vMBPortSerialEnable)
    xMBPortEventGet                          0x0800ac01   Thumb Code    24  portevent.o(i.xMBPortEventGet)
    xMBPortEventInit                         0x0800ac1d   Thumb Code    10  portevent.o(i.xMBPortEventInit)
    xMBPortEventPost                         0x0800ac2d   Thumb Code    12  portevent.o(i.xMBPortEventPost)
    xMBPortSerialPutByte                     0x0800ac3d   Thumb Code     4  portserial.o(i.xMBPortSerialPutByte)
    xMBRTUReceiveFSM                         0x0800ac41   Thumb Code    42  mbrtu.o(i.xMBRTUReceiveFSM)
    xMBRTUTimerT35Expired                    0x0800ac75   Thumb Code    34  mbrtu.o(i.xMBRTUTimerT35Expired)
    xMBRTUTransmitFSM                        0x0800ac9d   Thumb Code    76  mbrtu.o(i.xMBRTUTransmitFSM)
    __aeabi_dneg                             0x0800aced   Thumb Code     0  basic.o(x$fpl$basic)
    _dneg                                    0x0800aced   Thumb Code     6  basic.o(x$fpl$basic)
    __aeabi_fneg                             0x0800acf3   Thumb Code     0  basic.o(x$fpl$basic)
    _fneg                                    0x0800acf3   Thumb Code     6  basic.o(x$fpl$basic)
    _dabs                                    0x0800acf9   Thumb Code     6  basic.o(x$fpl$basic)
    _fabs                                    0x0800acff   Thumb Code     6  basic.o(x$fpl$basic)
    __aeabi_d2f                              0x0800ad05   Thumb Code     0  d2f.o(x$fpl$d2f)
    _d2f                                     0x0800ad05   Thumb Code    98  d2f.o(x$fpl$d2f)
    __aeabi_dadd                             0x0800ad69   Thumb Code     0  daddsub_clz.o(x$fpl$dadd)
    _dadd                                    0x0800ad69   Thumb Code   332  daddsub_clz.o(x$fpl$dadd)
    __dcmp4                                  0x0800aeb9   Thumb Code    98  dcmp4.o(x$fpl$dcmp4)
    __ARM_dcmp4                              0x0800af1b   Thumb Code     0  dcmp4.o(x$fpl$dcmp4)
    _dcmp4                                   0x0800af1b   Thumb Code    60  dcmp4.o(x$fpl$dcmp4)
    __dcmp4e                                 0x0800af57   Thumb Code    98  dcmp4.o(x$fpl$dcmp4)
    __ARM_dcmp4e                             0x0800afb9   Thumb Code     0  dcmp4.o(x$fpl$dcmp4)
    _dcmp4e                                  0x0800afb9   Thumb Code    54  dcmp4.o(x$fpl$dcmp4)
    __fpl_dcmp_Inf                           0x0800afef   Thumb Code    24  dcmpi.o(x$fpl$dcmpinf)
    __aeabi_ddiv                             0x0800b009   Thumb Code     0  ddiv.o(x$fpl$ddiv)
    _ddiv                                    0x0800b009   Thumb Code   552  ddiv.o(x$fpl$ddiv)
    __aeabi_d2iz                             0x0800b2b9   Thumb Code     0  dfix.o(x$fpl$dfix)
    _dfix                                    0x0800b2b9   Thumb Code    94  dfix.o(x$fpl$dfix)
    __aeabi_d2uiz                            0x0800b319   Thumb Code     0  dfixu.o(x$fpl$dfixu)
    _dfixu                                   0x0800b319   Thumb Code    90  dfixu.o(x$fpl$dfixu)
    __aeabi_i2d                              0x0800b373   Thumb Code     0  dflt_clz.o(x$fpl$dflt)
    _dflt                                    0x0800b373   Thumb Code    46  dflt_clz.o(x$fpl$dflt)
    __aeabi_ui2d                             0x0800b3a1   Thumb Code     0  dflt_clz.o(x$fpl$dfltu)
    _dfltu                                   0x0800b3a1   Thumb Code    38  dflt_clz.o(x$fpl$dfltu)
    __aeabi_cdcmple                          0x0800b3c9   Thumb Code     0  dleqf.o(x$fpl$dleqf)
    _dcmple                                  0x0800b3c9   Thumb Code   120  dleqf.o(x$fpl$dleqf)
    __fpl_dcmple_InfNaN                      0x0800b42b   Thumb Code     0  dleqf.o(x$fpl$dleqf)
    __aeabi_dmul                             0x0800b441   Thumb Code     0  dmul.o(x$fpl$dmul)
    _dmul                                    0x0800b441   Thumb Code   332  dmul.o(x$fpl$dmul)
    __fpl_dnaninf                            0x0800b595   Thumb Code   156  dnaninf.o(x$fpl$dnaninf)
    __fpl_dretinf                            0x0800b631   Thumb Code    12  dretinf.o(x$fpl$dretinf)
    __aeabi_cdrcmple                         0x0800b63d   Thumb Code     0  drleqf.o(x$fpl$drleqf)
    _drcmple                                 0x0800b63d   Thumb Code   108  drleqf.o(x$fpl$drleqf)
    _drnd                                    0x0800b6a9   Thumb Code   180  drnd.o(x$fpl$drnd)
    __aeabi_drsub                            0x0800b75d   Thumb Code     0  daddsub_clz.o(x$fpl$drsb)
    _drsb                                    0x0800b75d   Thumb Code    22  daddsub_clz.o(x$fpl$drsb)
    __aeabi_dsub                             0x0800b775   Thumb Code     0  daddsub_clz.o(x$fpl$dsub)
    _dsub                                    0x0800b775   Thumb Code   464  daddsub_clz.o(x$fpl$dsub)
    __aeabi_f2d                              0x0800b949   Thumb Code     0  f2d.o(x$fpl$f2d)
    _f2d                                     0x0800b949   Thumb Code    86  f2d.o(x$fpl$f2d)
    __fpl_fnaninf                            0x0800b99f   Thumb Code   140  fnaninf.o(x$fpl$fnaninf)
    _fp_init                                 0x0800ba2b   Thumb Code    10  fpinit.o(x$fpl$fpinit)
    __fplib_config_fpu_vfp                   0x0800ba33   Thumb Code     0  fpinit.o(x$fpl$fpinit)
    __fplib_config_pureend_doubles           0x0800ba33   Thumb Code     0  fpinit.o(x$fpl$fpinit)
    __fpl_fretinf                            0x0800ba35   Thumb Code    10  fretinf.o(x$fpl$fretinf)
    __I$use$fp                               0x0800ba3e   Number         0  usenofp.o(x$fpl$usenofp)
    __lowest_bit_bitmap                      0x0800baf4   Data         256  kservice.o(.constdata)
    Region$$Table$$Base                      0x0800c798   Number         0  anon$$obj.o(Region$$Table)
    Region$$Table$$Limit                     0x0800c7b8   Number         0  anon$$obj.o(Region$$Table)
    SystemCoreClock                          0x20000000   Data           4  system_n32g45x.o(.data)
    IrDA_SendState                           0x20000004   Data           1  charger.o(.data)
    SendCout                                 0x20000005   Data           1  charger.o(.data)
    SendGuide_Flag                           0x20000006   Data           1  charger.o(.data)
    SendData                                 0x20000007   Data           1  charger.o(.data)
    IrDA_AlignOK                             0x20000008   Data           1  charger.o(.data)
    LimitSwitch_OK                           0x20000009   Data           1  charger.o(.data)
    CH_ON                                    0x2000000a   Data           1  charger.o(.data)
    guide_flag                               0x2000000b   Data           1  charger.o(.data)
    ChipEndFlag                              0x2000000c   Data           1  charger.o(.data)
    RGB_ChangeFlag                           0x2000000d   Data           1  charger.o(.data)
    RGB_ArrayNum                             0x2000000e   Data           1  charger.o(.data)
    ReceiveData                              0x20000011   Data           1  charger.o(.data)
    high_count                               0x20000012   Data           2  charger.o(.data)
    Send_i                                   0x20000018   Data           4  charger.o(.data)
    BitFree                                  0x2000001c   Data           4  charger.o(.data)
    Receive_i                                0x20000020   Data           4  charger.o(.data)
    BitEnd                                   0x20000024   Data           4  charger.o(.data)
    RGB_i                                    0x20000028   Data           4  charger.o(.data)
    bit_i                                    0x2000002c   Data           4  charger.o(.data)
    RGB_Array                                0x20000044   Data          72  charger.o(.data)
    RGB_Charging                             0x2000008c   Data          72  charger.o(.data)
    RGB_Charged                              0x200000d4   Data          72  charger.o(.data)
    RGB_Error                                0x2000011c   Data          72  charger.o(.data)
    Soft_JT_Flag                             0x20000164   Data           1  rj_jt.o(.data)
    Ultra1_cnt                               0x20000168   Data           2  circularcar.o(.data)
    Ultra1_i                                 0x2000016a   Data           2  circularcar.o(.data)
    Ultra2_cnt                               0x2000016c   Data           2  circularcar.o(.data)
    Ultra2_i                                 0x2000016e   Data           2  circularcar.o(.data)
    ultrasonic1_distance                     0x20000170   Data           2  circularcar.o(.data)
    ultrasonic2_distance                     0x20000172   Data           2  circularcar.o(.data)
    start_count                              0x20000174   Data           4  circularcar.o(.data)
    zero_count                               0x20000178   Data           4  circularcar.o(.data)
    one_count                                0x2000017c   Data           4  circularcar.o(.data)
    start_count_complete                     0x20000180   Data           4  circularcar.o(.data)
    zero_count_complete                      0x20000184   Data           4  circularcar.o(.data)
    one_count_complete                       0x20000188   Data           4  circularcar.o(.data)
    IrSendArrayindex                         0x2000018c   Data           4  circularcar.o(.data)
    IrReceiveArrayIndex                      0x20000190   Data           4  circularcar.o(.data)
    hightimeState                            0x20000194   Data           4  circularcar.o(.data)
    hightime_count                           0x20000198   Data           4  circularcar.o(.data)
    hightime_millisecond                     0x2000019c   Data           4  circularcar.o(.data)
    hightime_flag                            0x200001a0   Data           4  circularcar.o(.data)
    start_receive_complete                   0x200001a4   Data           4  circularcar.o(.data)
    CarIr_RecvData                           0x200001a8   Data           4  circularcar.o(.data)
    temp1                                    0x200001b0   Data           4  circularcar.o(.data)
    rt_interrupt_nest                        0x200001b8   Data           1  irq.o(.data)
    rt_assert_hook                           0x200001c0   Data           4  kservice.o(.data)
    rt_current_priority                      0x2000022c   Data           1  scheduler.o(.data)
    rt_current_thread                        0x20000230   Data           4  scheduler.o(.data)
    rt_thread_ready_priority_group           0x20000234   Data           4  scheduler.o(.data)
    rt_thread_defunct                        0x20000238   Data           8  scheduler.o(.data)
    rt_interrupt_from_thread                 0x20000250   Data           4  cpuport.o(.data)
    rt_interrupt_to_thread                   0x20000254   Data           4  cpuport.o(.data)
    rt_thread_switch_interrupt_flag          0x20000258   Data           4  cpuport.o(.data)
    YUY                                      0x2000025c   Data           2  user_can.o(.data)
    M1T0Message_FLAG                         0x2000026c   Data           1  user_can.o(.data)
    M2T0Message_FLAG                         0x2000026d   Data           1  user_can.o(.data)
    M3T0Message_FLAG                         0x2000026e   Data           1  user_can.o(.data)
    M4T0Message_FLAG                         0x2000026f   Data           1  user_can.o(.data)
    M5T0Message_FLAG                         0x20000270   Data           1  user_can.o(.data)
    M6T0Message_FLAG                         0x20000271   Data           1  user_can.o(.data)
    M7T0Message_FLAG                         0x20000272   Data           1  user_can.o(.data)
    M8T0Message_FLAG                         0x20000273   Data           1  user_can.o(.data)
    M9T0Message_FLAG                         0x20000274   Data           1  user_can.o(.data)
    M10T0Message_FLAG                        0x20000275   Data           1  user_can.o(.data)
    M1T1Message_FLAG                         0x20000276   Data           1  user_can.o(.data)
    M2T1Message_FLAG                         0x20000277   Data           1  user_can.o(.data)
    M3T1Message_FLAG                         0x20000278   Data           1  user_can.o(.data)
    M4T1Message_FLAG                         0x20000279   Data           1  user_can.o(.data)
    M5T1Message_FLAG                         0x2000027a   Data           1  user_can.o(.data)
    M6T1Message_FLAG                         0x2000027b   Data           1  user_can.o(.data)
    M7T1Message_FLAG                         0x2000027c   Data           1  user_can.o(.data)
    M8T1Message_FLAG                         0x2000027d   Data           1  user_can.o(.data)
    M9T1Message_FLAG                         0x2000027e   Data           1  user_can.o(.data)
    M10T1Message_FLAG                        0x2000027f   Data           1  user_can.o(.data)
    M1T2Message_FLAG                         0x20000280   Data           1  user_can.o(.data)
    M2T2Message_FLAG                         0x20000281   Data           1  user_can.o(.data)
    M3T2Message_FLAG                         0x20000282   Data           1  user_can.o(.data)
    M4T2Message_FLAG                         0x20000283   Data           1  user_can.o(.data)
    M5T2Message_FLAG                         0x20000284   Data           1  user_can.o(.data)
    M6T2Message_FLAG                         0x20000285   Data           1  user_can.o(.data)
    M7T2Message_FLAG                         0x20000286   Data           1  user_can.o(.data)
    M8T2Message_FLAG                         0x20000287   Data           1  user_can.o(.data)
    M9T2Message_FLAG                         0x20000288   Data           1  user_can.o(.data)
    M10T2Message_FLAG                        0x20000289   Data           1  user_can.o(.data)
    usart1_send_len                          0x2000028c   Data           1  usartx.o(.data)
    usart1_send_flag                         0x2000028d   Data           1  usartx.o(.data)
    usart1_recv_flag                         0x2000028e   Data           1  usartx.o(.data)
    usart1_recv_len                          0x2000028f   Data           1  usartx.o(.data)
    usart3_send_flag                         0x20000290   Data           1  usartx.o(.data)
    usart3_recv_flag                         0x20000291   Data           1  usartx.o(.data)
    usart3_recv_len                          0x20000292   Data           1  usartx.o(.data)
    uart4_send_flag                          0x20000293   Data           1  usartx.o(.data)
    uart4_recv_flag                          0x20000294   Data           1  usartx.o(.data)
    uart4_recv_len                           0x20000295   Data           1  usartx.o(.data)
    ROS_RecvFlag                             0x20000296   Data           1  usartx.o(.data)
    Motor_Enable_Flag                        0x20000297   Data           1  usartx.o(.data)
    ROS_Count                                0x20000298   Data           4  usartx.o(.data)
    tt                                       0x2000029c   Data           4  usartx.o(.data)
    tt2                                      0x200002a0   Data           4  usartx.o(.data)
    CheckSum_sdo                             0x200002a4   Data           8  usartx.o(.data)
    pdu                                      0x200002ac   Data           4  mb.o(.data)
    pxMBFrameCBByteReceived                  0x200002cc   Data           4  mb.o(.data)
    pxMBFrameCBTransmitterEmpty              0x200002d0   Data           4  mb.o(.data)
    pxMBPortCBTimerExpired                   0x200002d4   Data           4  mb.o(.data)
    ucRTUBuf                                 0x20000360   Data           4  mbrtu.o(.data)
    tmp111                                   0x2000036c   Data           2  motor.o(.data)
    tmp222                                   0x2000036e   Data           2  motor.o(.data)
    tmp333                                   0x20000370   Data           2  motor.o(.data)
    tmp444                                   0x20000372   Data           2  motor.o(.data)
    linear_speed_feedbacktmp                 0x20000374   Data           2  motor.o(.data)
    yaw_speed_feedbacktmp                    0x20000376   Data           2  motor.o(.data)
    Servo_pulse                              0x20000378   Data           4  motor.o(.data)
    DiffposForOdom                           0x2000037c   Data           4  motor.o(.data)
    LastPos_Left                             0x20000380   Data           4  motor.o(.data)
    LastPos_Right                            0x20000384   Data           4  motor.o(.data)
    NowPos_Left                              0x20000388   Data           4  motor.o(.data)
    NowPos_Right                             0x2000038c   Data           4  motor.o(.data)
    Odom_distance_mm                         0x20000390   Data           4  motor.o(.data)
    TireCircumference                        0x20000394   Data           4  motor.o(.data)
    MotorSpeedToLineSpeed                    0x20000398   Data           4  motor.o(.data)
    LineSpeedToMotorSpeed                    0x2000039c   Data           4  motor.o(.data)
    MotorSpeedZLACToPulse                    0x200003a0   Data           4  motor.o(.data)
    MotorPulseWANZEToMotorSpeed              0x200003a4   Data           4  motor.o(.data)
    TPDOMessage_FLAG                         0x200003a8   Data         120  motor.o(.data)
    TPDOMessage                              0x20000420   Data         120  motor.o(.data)
    tmp1                                     0x20000499   Data           1  balance.o(.data)
    exio_output                              0x2000049b   Data           1  balance.o(.data)
    test_Raw                                 0x2000049c   Data           2  balance.o(.data)
    test_Linear                              0x2000049e   Data           2  balance.o(.data)
    testvz                                   0x200004a0   Data           2  balance.o(.data)
    testm1                                   0x200004a2   Data           2  balance.o(.data)
    testm2                                   0x200004a4   Data           2  balance.o(.data)
    Move_Y                                   0x200004b0   Data           4  balance.o(.data)
    Z_Radian_Max                             0x200004b4   Data           4  balance.o(.data)
    Z_Radian                                 0x200004b8   Data           4  balance.o(.data)
    test                                     0x200004bc   Data           4  balance.o(.data)
    test2                                    0x200004c0   Data           4  balance.o(.data)
    Torque_sdo1                              0x200004d0   Data           8  balance.o(.data)
    Torque_sdo2                              0x200004d8   Data           8  balance.o(.data)
    Torque_sdo                               0x200004e0   Data           8  balance.o(.data)
    Speed_sdo                                0x200004e8   Data           8  balance.o(.data)
    Torque_Mode_Sdo                          0x200004f0   Data           8  balance.o(.data)
    Speed_Mode_Sdo                           0x200004f8   Data           8  balance.o(.data)
    REMOTE_Count                             0x20000500   Data           4  balance.o(.data)
    robot_control                            0x20000504   Data           1  system.o(.data)
    EncPos                                   0x2000050c   Data           4  rc_car.o(.data)
    ratio                                    0x20000510   Data           4  rc_car.o(.data)
    encoder_accuracy                         0x20000514   Data           4  rc_car.o(.data)
    tire_diameter                            0x20000518   Data           4  rc_car.o(.data)
    tire_speed                               0x2000051c   Data           4  rc_car.o(.data)
    mileage                                  0x20000520   Data           4  rc_car.o(.data)
    tire_speed_factor                        0x20000524   Data           4  rc_car.o(.data)
    TIML                                     0x20000528   Data           4  rc_car.o(.data)
    TIMA                                     0x2000052c   Data           4  rc_car.o(.data)
    TIMx                                     0x20000530   Data           4  rc_car.o(.data)
    mileage_factor                           0x20000534   Data           4  rc_car.o(.data)
    Sbus_Data_Parsing_Flag                   0x20000538   Data           1  remote.o(.data)
    tytyy                                    0x2000053c   Data           4  remote.o(.data)
    IrSendArray                              0x20002c68   Data          16  circularcar.o(.bss)
    IrReceiveArray                           0x20002c78   Data          16  circularcar.o(.bss)
    rt_thread_priority_table                 0x20002e20   Data         256  scheduler.o(.bss)
    M1T0Message                              0x20002f20   Data          20  user_can.o(.bss)
    M2T0Message                              0x20002f34   Data          20  user_can.o(.bss)
    M3T0Message                              0x20002f48   Data          20  user_can.o(.bss)
    M4T0Message                              0x20002f5c   Data          20  user_can.o(.bss)
    M5T0Message                              0x20002f70   Data          20  user_can.o(.bss)
    M6T0Message                              0x20002f84   Data          20  user_can.o(.bss)
    M7T0Message                              0x20002f98   Data          20  user_can.o(.bss)
    M8T0Message                              0x20002fac   Data          20  user_can.o(.bss)
    M9T0Message                              0x20002fc0   Data          20  user_can.o(.bss)
    M10T0Message                             0x20002fd4   Data          20  user_can.o(.bss)
    M1T1Message                              0x20002fe8   Data          20  user_can.o(.bss)
    M2T1Message                              0x20002ffc   Data          20  user_can.o(.bss)
    M3T1Message                              0x20003010   Data          20  user_can.o(.bss)
    M4T1Message                              0x20003024   Data          20  user_can.o(.bss)
    M5T1Message                              0x20003038   Data          20  user_can.o(.bss)
    M6T1Message                              0x2000304c   Data          20  user_can.o(.bss)
    M7T1Message                              0x20003060   Data          20  user_can.o(.bss)
    M8T1Message                              0x20003074   Data          20  user_can.o(.bss)
    M9T1Message                              0x20003088   Data          20  user_can.o(.bss)
    M10T1Message                             0x2000309c   Data          20  user_can.o(.bss)
    M1T2Message                              0x200030b0   Data          20  user_can.o(.bss)
    M2T2Message                              0x200030c4   Data          20  user_can.o(.bss)
    M3T2Message                              0x200030d8   Data          20  user_can.o(.bss)
    M4T2Message                              0x200030ec   Data          20  user_can.o(.bss)
    M5T2Message                              0x20003100   Data          20  user_can.o(.bss)
    M6T2Message                              0x20003114   Data          20  user_can.o(.bss)
    M7T2Message                              0x20003128   Data          20  user_can.o(.bss)
    M8T2Message                              0x2000313c   Data          20  user_can.o(.bss)
    M9T2Message                              0x20003150   Data          20  user_can.o(.bss)
    M10T2Message                             0x20003164   Data          20  user_can.o(.bss)
    mtd                                      0x20003178   Data         240  user_can.o(.bss)
    mrd                                      0x20003268   Data         120  user_can.o(.bss)
    Receive_Data                             0x200032e0   Data          11  usartx.o(.bss)
    usart1_send_data                         0x200032eb   Data        2560  usartx.o(.bss)
    usart1_recv_data                         0x20003ceb   Data        2560  usartx.o(.bss)
    usart3_send_data                         0x200046eb   Data          24  usartx.o(.bss)
    usart3_recv_data                         0x20004703   Data         150  usartx.o(.bss)
    uart4_send_data                          0x20004799   Data          25  usartx.o(.bss)
    uart4_recv_data                          0x200047b2   Data         500  usartx.o(.bss)
    Uart5_Buffer                             0x200049a6   Data         200  usartx.o(.bss)
    Send_Data                                0x20004a6e   Data          24  usartx.o(.bss)
    PduData                                  0x20004ab0   Data          20  mb.o(.bss)
    R_value                                  0x20004ac4   Data          10  mb.o(.bss)
    mbdata                                   0x20004ace   Data        2000  mb.o(.bss)
    light_time                               0x200052d4   Data          36  balance.o(.bss)
    __libspace_start                         0x200052f8   Data          96  libspace.o(.bss)
    __temporary_stack_top$libspace           0x20005358   Data           0  libspace.o(.bss)



==============================================================================

Memory Map of the image

  Image Entry point : 0x08000279

  Load Region LR_1 (Base: 0x08000000, Size: 0x0000ccf8, Max: 0xffffffff, ABSOLUTE, COMPRESSED[0x0000c958])

    Execution Region ER_RO (Exec base: 0x08000000, Load base: 0x08000000, Size: 0x0000c7b8, Max: 0xffffffff, ABSOLUTE)

    Exec Addr    Load Addr    Size         Type   Attr      Idx    E Section Name        Object

    0x08000000   0x08000000   0x00000198   Data   RO            3    RESET               startup_n32g45x.o
    0x08000198   0x08000198   0x00000008   Code   RO         5798  * !!!main             c_w.l(__main.o)
    0x080001a0   0x080001a0   0x00000034   Code   RO         6090    !!!scatter          c_w.l(__scatter.o)
    0x080001d4   0x080001d4   0x0000005a   Code   RO         6088    !!dczerorl2         c_w.l(__dczerorl2.o)
    0x0800022e   0x0800022e   0x00000002   PAD
    0x08000230   0x08000230   0x0000001c   Code   RO         6092    !!handler_zi        c_w.l(__scatter_zi.o)
    0x0800024c   0x0800024c   0x00000002   Code   RO         5959    .ARM.Collect$$libinit$$00000000  c_w.l(libinit.o)
    0x0800024e   0x0800024e   0x00000004   Code   RO         5962    .ARM.Collect$$libinit$$00000001  c_w.l(libinit2.o)
    0x08000252   0x08000252   0x00000000   Code   RO         5965    .ARM.Collect$$libinit$$00000004  c_w.l(libinit2.o)
    0x08000252   0x08000252   0x00000000   Code   RO         5968    .ARM.Collect$$libinit$$0000000A  c_w.l(libinit2.o)
    0x08000252   0x08000252   0x00000000   Code   RO         5970    .ARM.Collect$$libinit$$0000000C  c_w.l(libinit2.o)
    0x08000252   0x08000252   0x00000000   Code   RO         5972    .ARM.Collect$$libinit$$0000000E  c_w.l(libinit2.o)
    0x08000252   0x08000252   0x00000000   Code   RO         5975    .ARM.Collect$$libinit$$00000011  c_w.l(libinit2.o)
    0x08000252   0x08000252   0x00000000   Code   RO         5977    .ARM.Collect$$libinit$$00000013  c_w.l(libinit2.o)
    0x08000252   0x08000252   0x00000000   Code   RO         5979    .ARM.Collect$$libinit$$00000015  c_w.l(libinit2.o)
    0x08000252   0x08000252   0x00000000   Code   RO         5981    .ARM.Collect$$libinit$$00000017  c_w.l(libinit2.o)
    0x08000252   0x08000252   0x00000000   Code   RO         5983    .ARM.Collect$$libinit$$00000019  c_w.l(libinit2.o)
    0x08000252   0x08000252   0x00000000   Code   RO         5985    .ARM.Collect$$libinit$$0000001B  c_w.l(libinit2.o)
    0x08000252   0x08000252   0x00000000   Code   RO         5987    .ARM.Collect$$libinit$$0000001D  c_w.l(libinit2.o)
    0x08000252   0x08000252   0x00000000   Code   RO         5989    .ARM.Collect$$libinit$$0000001F  c_w.l(libinit2.o)
    0x08000252   0x08000252   0x00000000   Code   RO         5991    .ARM.Collect$$libinit$$00000021  c_w.l(libinit2.o)
    0x08000252   0x08000252   0x00000000   Code   RO         5993    .ARM.Collect$$libinit$$00000023  c_w.l(libinit2.o)
    0x08000252   0x08000252   0x00000000   Code   RO         5995    .ARM.Collect$$libinit$$00000025  c_w.l(libinit2.o)
    0x08000252   0x08000252   0x00000000   Code   RO         5999    .ARM.Collect$$libinit$$0000002C  c_w.l(libinit2.o)
    0x08000252   0x08000252   0x00000000   Code   RO         6001    .ARM.Collect$$libinit$$0000002E  c_w.l(libinit2.o)
    0x08000252   0x08000252   0x00000000   Code   RO         6003    .ARM.Collect$$libinit$$00000030  c_w.l(libinit2.o)
    0x08000252   0x08000252   0x00000000   Code   RO         6005    .ARM.Collect$$libinit$$00000032  c_w.l(libinit2.o)
    0x08000252   0x08000252   0x00000002   Code   RO         6006    .ARM.Collect$$libinit$$00000033  c_w.l(libinit2.o)
    0x08000254   0x08000254   0x00000002   Code   RO         6026    .ARM.Collect$$libshutdown$$00000000  c_w.l(libshutdown.o)
    0x08000256   0x08000256   0x00000000   Code   RO         6039    .ARM.Collect$$libshutdown$$00000002  c_w.l(libshutdown2.o)
    0x08000256   0x08000256   0x00000000   Code   RO         6041    .ARM.Collect$$libshutdown$$00000004  c_w.l(libshutdown2.o)
    0x08000256   0x08000256   0x00000000   Code   RO         6043    .ARM.Collect$$libshutdown$$00000006  c_w.l(libshutdown2.o)
    0x08000256   0x08000256   0x00000000   Code   RO         6046    .ARM.Collect$$libshutdown$$00000009  c_w.l(libshutdown2.o)
    0x08000256   0x08000256   0x00000000   Code   RO         6049    .ARM.Collect$$libshutdown$$0000000C  c_w.l(libshutdown2.o)
    0x08000256   0x08000256   0x00000000   Code   RO         6051    .ARM.Collect$$libshutdown$$0000000E  c_w.l(libshutdown2.o)
    0x08000256   0x08000256   0x00000000   Code   RO         6054    .ARM.Collect$$libshutdown$$00000011  c_w.l(libshutdown2.o)
    0x08000256   0x08000256   0x00000002   Code   RO         6055    .ARM.Collect$$libshutdown$$00000012  c_w.l(libshutdown2.o)
    0x08000258   0x08000258   0x00000000   Code   RO         5868    .ARM.Collect$$rtentry$$00000000  c_w.l(__rtentry.o)
    0x08000258   0x08000258   0x00000000   Code   RO         5926    .ARM.Collect$$rtentry$$00000002  c_w.l(__rtentry2.o)
    0x08000258   0x08000258   0x00000006   Code   RO         5938    .ARM.Collect$$rtentry$$00000004  c_w.l(__rtentry4.o)
    0x0800025e   0x0800025e   0x00000000   Code   RO         5928    .ARM.Collect$$rtentry$$00000009  c_w.l(__rtentry2.o)
    0x0800025e   0x0800025e   0x00000004   Code   RO         5929    .ARM.Collect$$rtentry$$0000000A  c_w.l(__rtentry2.o)
    0x08000262   0x08000262   0x00000000   Code   RO         5931    .ARM.Collect$$rtentry$$0000000C  c_w.l(__rtentry2.o)
    0x08000262   0x08000262   0x00000008   Code   RO         5932    .ARM.Collect$$rtentry$$0000000D  c_w.l(__rtentry2.o)
    0x0800026a   0x0800026a   0x00000002   Code   RO         5960    .ARM.Collect$$rtexit$$00000000  c_w.l(rtexit.o)
    0x0800026c   0x0800026c   0x00000000   Code   RO         6008    .ARM.Collect$$rtexit$$00000002  c_w.l(rtexit2.o)
    0x0800026c   0x0800026c   0x00000004   Code   RO         6009    .ARM.Collect$$rtexit$$00000003  c_w.l(rtexit2.o)
    0x08000270   0x08000270   0x00000006   Code   RO         6010    .ARM.Collect$$rtexit$$00000004  c_w.l(rtexit2.o)
    0x08000276   0x08000276   0x00000002   PAD
    0x08000278   0x08000278   0x00000040   Code   RO            4  * .text               startup_n32g45x.o
    0x080002b8   0x080002b8   0x00000134   Code   RO         4075    .text               context_rvds.o
    0x080003ec   0x080003ec   0x0000008a   Code   RO         5788    .text               c_w.l(rt_memcpy_v6.o)
    0x08000476   0x08000476   0x00000064   Code   RO         5790    .text               c_w.l(rt_memcpy_w.o)
    0x080004da   0x080004da   0x00000044   Code   RO         5792    .text               c_w.l(rt_memclr.o)
    0x0800051e   0x0800051e   0x0000004e   Code   RO         5794    .text               c_w.l(rt_memclr_w.o)
    0x0800056c   0x0800056c   0x00000006   Code   RO         5796    .text               c_w.l(heapauxi.o)
    0x08000572   0x08000572   0x00000016   Code   RO         5869    .text               c_w.l(_rserrno.o)
    0x08000588   0x08000588   0x00000008   Code   RO         5943    .text               c_w.l(rt_errno_addr_intlibspace.o)
    0x08000590   0x08000590   0x00000008   Code   RO         5947    .text               c_w.l(libspace.o)
    0x08000598   0x08000598   0x0000004a   Code   RO         5950    .text               c_w.l(sys_stackheap_outer.o)
    0x080005e2   0x080005e2   0x00000012   Code   RO         5952    .text               c_w.l(exit.o)
    0x080005f4   0x080005f4   0x0000000c   Code   RO         6018    .text               c_w.l(sys_exit.o)
    0x08000600   0x08000600   0x00000002   Code   RO         6029    .text               c_w.l(use_no_semi.o)
    0x08000602   0x08000602   0x00000000   Code   RO         6031    .text               c_w.l(indicate_semi.o)
    0x08000602   0x08000602   0x0000000a   Code   RO         3179    i.$Sub$$main        components.o
    0x0800060c   0x0800060c   0x0000000a   Code   RO         2066    i.ADC_ClearFlag     n32g45x_adc.o
    0x08000616   0x08000616   0x00000002   PAD
    0x08000618   0x08000618   0x00000084   Code   RO         2071    i.ADC_ConfigClk     n32g45x_adc.o
    0x0800069c   0x0800069c   0x000000a8   Code   RO         2077    i.ADC_ConfigRegularChannel  n32g45x_adc.o
    0x08000744   0x08000744   0x0000001c   Code   RO         2079    i.ADC_Enable        n32g45x_adc.o
    0x08000760   0x08000760   0x00000012   Code   RO         2086    i.ADC_EnableSoftwareStartConv  n32g45x_adc.o
    0x08000772   0x08000772   0x00000018   Code   RO         2089    i.ADC_GetCalibrationStatus  n32g45x_adc.o
    0x0800078a   0x0800078a   0x00000006   Code   RO         2090    i.ADC_GetDat        n32g45x_adc.o
    0x08000790   0x08000790   0x0000000e   Code   RO         2092    i.ADC_GetFlagStatus  n32g45x_adc.o
    0x0800079e   0x0800079e   0x0000000e   Code   RO         2093    i.ADC_GetFlagStatusNew  n32g45x_adc.o
    0x080007ac   0x080007ac   0x00000050   Code   RO         2098    i.ADC_Init          n32g45x_adc.o
    0x080007fc   0x080007fc   0x00000018   Code   RO         2106    i.ADC_StartCalibration  n32g45x_adc.o
    0x08000814   0x08000814   0x00000278   Code   RO         4744    i.ADC_task          user_adc.o
    0x08000a8c   0x08000a8c   0x00000008   Code   RO         4515    i.Abs_int           usartx.o
    0x08000a94   0x08000a94   0x000000fc   Code   RO         4745    i.Adc_Init          user_adc.o
    0x08000b90   0x08000b90   0x00000080   Code   RO         4213    i.Add_Sdo_Linked_List  user_can.o
    0x08000c10   0x08000c10   0x00000158   Code   RO         5437    i.AngularVelocityGet  balance.o
    0x08000d68   0x08000d68   0x00000060   Code   RO         5438    i.Balance_task      balance.o
    0x08000dc8   0x08000dc8   0x0000007c   Code   RO         5439    i.BatteryInfoInit   balance.o
    0x08000e44   0x08000e44   0x00000004   PAD
    0x08000e48   0x08000e48   0x000001d8   Code   RO         5440    i.BatteryInformation  balance.o
    0x08001020   0x08001020   0x00000002   Code   RO         2676    i.BusFault_Handler  n32g45x_it.o
    0x08001022   0x08001022   0x00000002   PAD
    0x08001024   0x08001024   0x000000f0   Code   RO          238    i.CAN2_InitFilter   n32g45x_can.o
    0x08001114   0x08001114   0x0000000c   Code   RO         5334    i.CAN2_RX0_IRQHandler  motor.o
    0x08001120   0x08001120   0x00000034   Code   RO          240    i.CAN_ClearFlag     n32g45x_can.o
    0x08001154   0x08001154   0x0000003a   Code   RO          242    i.CAN_DeInit        n32g45x_can.o
    0x0800118e   0x0800118e   0x00000010   Code   RO          251    i.CAN_INTConfig     n32g45x_can.o
    0x0800119e   0x0800119e   0x00000002   PAD
    0x080011a0   0x080011a0   0x000000f4   Code   RO          252    i.CAN_Init          n32g45x_can.o
    0x08001294   0x08001294   0x00000020   Code   RO          253    i.CAN_InitStruct    n32g45x_can.o
    0x080012b4   0x080012b4   0x000000b4   Code   RO          256    i.CAN_ReceiveMessage  n32g45x_can.o
    0x08001368   0x08001368   0x000000e6   Code   RO          258    i.CAN_TransmitMessage  n32g45x_can.o
    0x0800144e   0x0800144e   0x00000002   PAD
    0x08001450   0x08001450   0x000000b0   Code   RO         5335    i.CanIRQProcess     motor.o
    0x08001500   0x08001500   0x00000134   Code   RO         4221    i.Can_Driver_Init   user_can.o
    0x08001634   0x08001634   0x000001a8   Code   RO         4222    i.Can_task          user_can.o
    0x080017dc   0x080017dc   0x000001cc   Code   RO         4138    i.Car_Light         led.o
    0x080019a8   0x080019a8   0x00000080   Code   RO         2740    i.ChargeDetection_Init  charger.o
    0x08001a28   0x08001a28   0x000000a0   Code   RO         2742    i.Charge_task       charger.o
    0x08001ac8   0x08001ac8   0x00000038   Code   RO         5441    i.ChargerBalanceInit  balance.o
    0x08001b00   0x08001b00   0x000001cc   Code   RO         2985    i.CircularCar_task  circularcar.o
    0x08001ccc   0x08001ccc   0x00000470   Code   RO         5442    i.ClassificationOfMotorMotionModes  balance.o
    0x0800213c   0x0800213c   0x0000007a   Code   RO         1075    i.ConfigTI2         n32g45x_tim.o
    0x080021b6   0x080021b6   0x00000008   Code   RO         4517    i.ConvertBytesToShort  usartx.o
    0x080021be   0x080021be   0x00000002   PAD
    0x080021c0   0x080021c0   0x00000038   Code   RO         4518    i.DMA1_Channel2_IRQHandler  usartx.o
    0x080021f8   0x080021f8   0x00000034   Code   RO         4519    i.DMA1_Channel4_IRQHandler  usartx.o
    0x0800222c   0x0800222c   0x00000068   Code   RO         4521    i.DMA1_Channel7_IRQHandler  usartx.o
    0x08002294   0x08002294   0x00000004   Code   RO          400    i.DMA_ClrIntPendingBit  n32g45x_dma.o
    0x08002298   0x08002298   0x00000010   Code   RO          401    i.DMA_ConfigInt     n32g45x_dma.o
    0x080022a8   0x080022a8   0x00000144   Code   RO          402    i.DMA_DeInit        n32g45x_dma.o
    0x080023ec   0x080023ec   0x00000014   Code   RO          403    i.DMA_EnableChannel  n32g45x_dma.o
    0x08002400   0x08002400   0x00000006   Code   RO          404    i.DMA_GetCurrDataCounter  n32g45x_dma.o
    0x08002406   0x08002406   0x0000000e   Code   RO          406    i.DMA_GetIntStatus  n32g45x_dma.o
    0x08002414   0x08002414   0x00000052   Code   RO          407    i.DMA_Init          n32g45x_dma.o
    0x08002466   0x08002466   0x00000010   Code   RO          408    i.DMA_RequestRemap  n32g45x_dma.o
    0x08002476   0x08002476   0x00000004   Code   RO          409    i.DMA_SetCurrDataCounter  n32g45x_dma.o
    0x0800247a   0x0800247a   0x0000001a   Code   RO          410    i.DMA_StructInit    n32g45x_dma.o
    0x08002494   0x08002494   0x00000068   Code   RO         4522    i.Data_Assignment   usartx.o
    0x080024fc   0x080024fc   0x00000002   Code   RO         2677    i.DebugMon_Handler  n32g45x_it.o
    0x080024fe   0x080024fe   0x00000002   PAD
    0x08002500   0x08002500   0x0000056c   Code   RO         5336    i.Detect_Motor_Status  motor.o
    0x08002a6c   0x08002a6c   0x00000068   Code   RO         2460    i.DiyFunctionBasedCar  application.o
    0x08002ad4   0x08002ad4   0x00000020   Code   RO         4224    i.Driver_JT_Inv     user_can.o
    0x08002af4   0x08002af4   0x00000002   Code   RO         2986    i.ElectrodePad_Init  circularcar.o
    0x08002af6   0x08002af6   0x00000002   PAD
    0x08002af8   0x08002af8   0x00000010   Code   RO          489    i.FLASH_ClearFlag   n32g45x_flash.o
    0x08002b08   0x08002b08   0x00000048   Code   RO          493    i.FLASH_EraseOnePage  n32g45x_flash.o
    0x08002b50   0x08002b50   0x00000010   Code   RO          503    i.FLASH_Lock        n32g45x_flash.o
    0x08002b60   0x08002b60   0x00000018   Code   RO          505    i.FLASH_PrefetchBufSet  n32g45x_flash.o
    0x08002b78   0x08002b78   0x0000004c   Code   RO          507    i.FLASH_ProgramWord  n32g45x_flash.o
    0x08002bc4   0x08002bc4   0x00000014   Code   RO          510    i.FLASH_SetLatency  n32g45x_flash.o
    0x08002bd8   0x08002bd8   0x00000018   Code   RO          512    i.FLASH_Unlock      n32g45x_flash.o
    0x08002bf0   0x08002bf0   0x00000094   Code   RO          513    i.FLASH_WaitForLastOpt  n32g45x_flash.o
    0x08002c84   0x08002c84   0x00000018   Code   RO          514    i.FLASH_iCacheCmd   n32g45x_flash.o
    0x08002c9c   0x08002c9c   0x00000158   Code   RO          670    i.GPIO_ConfigPinRemap  n32g45x_gpio.o
    0x08002df4   0x08002df4   0x000000d8   Code   RO          672    i.GPIO_DeInit       n32g45x_gpio.o
    0x08002ecc   0x08002ecc   0x000000e0   Code   RO         4139    i.GPIO_Init         led.o
    0x08002fac   0x08002fac   0x000000ae   Code   RO          674    i.GPIO_InitPeripheral  n32g45x_gpio.o
    0x0800305a   0x0800305a   0x00000010   Code   RO          675    i.GPIO_InitStruct   n32g45x_gpio.o
    0x0800306a   0x0800306a   0x0000000e   Code   RO          677    i.GPIO_ReadInputDataBit  n32g45x_gpio.o
    0x08003078   0x08003078   0x0000000e   Code   RO          679    i.GPIO_ReadOutputDataBit  n32g45x_gpio.o
    0x08003086   0x08003086   0x00000004   Code   RO          680    i.GPIO_ResetBits    n32g45x_gpio.o
    0x0800308a   0x0800308a   0x00000004   Code   RO          681    i.GPIO_SetBits      n32g45x_gpio.o
    0x0800308e   0x0800308e   0x00000002   PAD
    0x08003090   0x08003090   0x00000054   Code   RO         2461    i.GetUsart1_baud    application.o
    0x080030e4   0x080030e4   0x000000ac   Code   RO         2743    i.IC_Init           charger.o
    0x08003190   0x08003190   0x00000048   Code   RO         2989    i.IR_Init           circularcar.o
    0x080031d8   0x080031d8   0x0000002c   Code   RO         2744    i.IR_RX_Init        charger.o
    0x08003204   0x08003204   0x00000010   Code   RO         2409    i.IWDG_ReloadKey    n32g45x_iwdg.o
    0x08003214   0x08003214   0x0000000c   Code   RO         2410    i.IWDG_SetPrescalerDiv  n32g45x_iwdg.o
    0x08003220   0x08003220   0x0000000c   Code   RO         2411    i.IWDG_WriteConfig  n32g45x_iwdg.o
    0x0800322c   0x0800322c   0x000000b4   Code   RO         5337    i.InitMotorParameters  motor.o
    0x080032e0   0x080032e0   0x00000270   Code   RO         2462    i.InitTask          application.o
    0x08003550   0x08003550   0x00000090   Code   RO         2746    i.IrDA_RX_Decode    charger.o
    0x080035e0   0x080035e0   0x000000b8   Code   RO         2747    i.IrDA_ReceiveData  charger.o
    0x08003698   0x08003698   0x000000b4   Code   RO         2750    i.IrDA_SendData     charger.o
    0x0800374c   0x0800374c   0x00000028   Code   RO         4523    i.JTAG_Set          usartx.o
    0x08003774   0x08003774   0x00000180   Code   RO         4790    i.Jump_To_BOOT      mb.o
    0x080038f4   0x080038f4   0x00000208   Code   RO         5443    i.Kinematic_Analysis  balance.o
    0x08003afc   0x08003afc   0x00000008   Code   RO         4141    i.LedBlink          led.o
    0x08003b04   0x08003b04   0x0000009c   Code   RO         4143    i.Led_task          led.o
    0x08003ba0   0x08003ba0   0x0000002c   Code   RO         2754    i.LimitSwitch_Init  charger.o
    0x08003bcc   0x08003bcc   0x00000084   Code   RO         5444    i.LinearVelocityGet  balance.o
    0x08003c50   0x08003c50   0x00000220   Code   RO         4791    i.MB_Analyze_Execute  mb.o
    0x08003e70   0x08003e70   0x00000370   Code   RO         4795    i.MB_RSP            mb.o
    0x080041e0   0x080041e0   0x00000002   Code   RO         2678    i.MemManage_Handler  n32g45x_it.o
    0x080041e2   0x080041e2   0x00000002   PAD
    0x080041e4   0x080041e4   0x00000124   Code   RO         4525    i.Modbus_task       usartx.o
    0x08004308   0x08004308   0x00000124   Code   RO         5747    i.MotorEnableFunction  remote.o
    0x0800442c   0x0800442c   0x000000cc   Code   RO         5339    i.Motor_Init        motor.o
    0x080044f8   0x080044f8   0x00000010   Code   RO         5340    i.Motor_task        motor.o
    0x08004508   0x08004508   0x00000030   Code   RO         5662    i.MyFLASH_ReadByte  flash_wr.o
    0x08004538   0x08004538   0x00000050   Code   RO         5663    i.MyFLASH_WriteWord  flash_wr.o
    0x08004588   0x08004588   0x00000002   Code   RO         2679    i.NMI_Handler       n32g45x_it.o
    0x0800458a   0x0800458a   0x00000002   PAD
    0x0800458c   0x0800458c   0x00000048   Code   RO         4226    i.NMT_Control       user_can.o
    0x080045d4   0x080045d4   0x0000003a   Code   RO         2755    i.NVIC_Config       charger.o
    0x0800460e   0x0800460e   0x00000002   PAD
    0x08004610   0x08004610   0x00000074   Code   RO          160    i.NVIC_Init         misc.o
    0x08004684   0x08004684   0x00000014   Code   RO          161    i.NVIC_PriorityGroupConfig  misc.o
    0x08004698   0x08004698   0x00000014   Code   RO          162    i.NVIC_SetVectorTable  misc.o
    0x080046ac   0x080046ac   0x0000007c   Code   RO         4227    i.PLAN_PDO_Config   user_can.o
    0x08004728   0x08004728   0x00000128   Code   RO         4144    i.PWM_LED_Init      led.o
    0x08004850   0x08004850   0x00000388   Code   RO         4526    i.Pdu_Init          usartx.o
    0x08004bd8   0x08004bd8   0x000002bc   Code   RO         5698    i.RCCAR_Init        rc_car.o
    0x08004e94   0x08004e94   0x000000b8   Code   RO         5699    i.RCCAR_Process     rc_car.o
    0x08004f4c   0x08004f4c   0x00000014   Code   RO          800    i.RCC_ConfigAdc1mClk  n32g45x_rcc.o
    0x08004f60   0x08004f60   0x00000014   Code   RO          801    i.RCC_ConfigAdcHclk  n32g45x_rcc.o
    0x08004f74   0x08004f74   0x0000001c   Code   RO          802    i.RCC_ConfigAdcPllClk  n32g45x_rcc.o
    0x08004f90   0x08004f90   0x00000014   Code   RO          804    i.RCC_ConfigHclk    n32g45x_rcc.o
    0x08004fa4   0x08004fa4   0x00000014   Code   RO          810    i.RCC_ConfigPclk1   n32g45x_rcc.o
    0x08004fb8   0x08004fb8   0x00000014   Code   RO          811    i.RCC_ConfigPclk2   n32g45x_rcc.o
    0x08004fcc   0x08004fcc   0x00000018   Code   RO          812    i.RCC_ConfigPll     n32g45x_rcc.o
    0x08004fe4   0x08004fe4   0x00000014   Code   RO          815    i.RCC_ConfigSysclk  n32g45x_rcc.o
    0x08004ff8   0x08004ff8   0x00000050   Code   RO          819    i.RCC_DeInit        n32g45x_rcc.o
    0x08005048   0x08005048   0x00000018   Code   RO          820    i.RCC_EnableAHBPeriphClk  n32g45x_rcc.o
    0x08005060   0x08005060   0x00000018   Code   RO          822    i.RCC_EnableAPB1PeriphClk  n32g45x_rcc.o
    0x08005078   0x08005078   0x00000018   Code   RO          823    i.RCC_EnableAPB1PeriphReset  n32g45x_rcc.o
    0x08005090   0x08005090   0x00000018   Code   RO          824    i.RCC_EnableAPB2PeriphClk  n32g45x_rcc.o
    0x080050a8   0x080050a8   0x00000018   Code   RO          825    i.RCC_EnableAPB2PeriphReset  n32g45x_rcc.o
    0x080050c0   0x080050c0   0x0000000c   Code   RO          829    i.RCC_EnableHsi     n32g45x_rcc.o
    0x080050cc   0x080050cc   0x0000000c   Code   RO          831    i.RCC_EnablePll     n32g45x_rcc.o
    0x080050d8   0x080050d8   0x000000e0   Code   RO          834    i.RCC_GetClocksFreqValue  n32g45x_rcc.o
    0x080051b8   0x080051b8   0x00000030   Code   RO          836    i.RCC_GetFlagStatus  n32g45x_rcc.o
    0x080051e8   0x080051e8   0x00000010   Code   RO          838    i.RCC_GetSysclkSrc  n32g45x_rcc.o
    0x080051f8   0x080051f8   0x000000b4   Code   RO         2756    i.RGB_Init          charger.o
    0x080052ac   0x080052ac   0x00000088   Code   RO         2758    i.RGB_SetValue      charger.o
    0x08005334   0x08005334   0x00000090   Code   RO         2759    i.RGB_ShowCharged   charger.o
    0x080053c4   0x080053c4   0x00000090   Code   RO         2760    i.RGB_ShowCharging  charger.o
    0x08005454   0x08005454   0x00000090   Code   RO         2761    i.RGB_ShowError     charger.o
    0x080054e4   0x080054e4   0x00000048   Code   RO         2922    i.RJJT_task         rj_jt.o
    0x0800552c   0x0800552c   0x00000034   Code   RO         2762    i.Relay_Init        charger.o
    0x08005560   0x08005560   0x00000018   Code   RO         5748    i.Remote_Task       remote.o
    0x08005578   0x08005578   0x00000002   Code   RO         2680    i.SVC_Handler       n32g45x_it.o
    0x0800557a   0x0800557a   0x00000002   PAD
    0x0800557c   0x0800557c   0x00000180   Code   RO         5749    i.Sbus_Data_Parsing  remote.o
    0x080056fc   0x080056fc   0x000000b4   Code   RO         5445    i.ServoPulse_Enable  balance.o
    0x080057b0   0x080057b0   0x00000320   Code   RO         5446    i.SetReal_Velocity  balance.o
    0x08005ad0   0x08005ad0   0x000003d0   Code   RO         5341    i.Set_MotorVelocity  motor.o
    0x08005ea0   0x08005ea0   0x00000006   Code   RO         2463    i.Soft_Reset        application.o
    0x08005ea6   0x08005ea6   0x00000012   Code   RO         4084    i.SysTick_Handler   bsp.o
    0x08005eb8   0x08005eb8   0x0000019c   Code   RO           14    i.SystemInit        system_n32g45x.o
    0x08006054   0x08006054   0x00000090   Code   RO         2764    i.TIM1_UP_IRQHandler  charger.o
    0x080060e4   0x080060e4   0x00000088   Code   RO         2994    i.TIM3_IRQHandler   circularcar.o
    0x0800616c   0x0800616c   0x00000024   Code   RO         2681    i.TIM4_IRQHandler   n32g45x_it.o
    0x08006190   0x08006190   0x0000002c   Code   RO         2765    i.TIM5_IRQHandler   charger.o
    0x080061bc   0x080061bc   0x00000006   Code   RO         1076    i.TIM_ClearFlag     n32g45x_tim.o
    0x080061c2   0x080061c2   0x00000006   Code   RO         1077    i.TIM_ClrIntPendingBit  n32g45x_tim.o
    0x080061c8   0x080061c8   0x00000012   Code   RO         1084    i.TIM_ConfigArPreload  n32g45x_tim.o
    0x080061da   0x080061da   0x0000003c   Code   RO         1088    i.TIM_ConfigEncoderInterface  n32g45x_tim.o
    0x08006216   0x08006216   0x00000010   Code   RO         1099    i.TIM_ConfigInt     n32g45x_tim.o
    0x08006226   0x08006226   0x0000000a   Code   RO         1100    i.TIM_ConfigInternalClk  n32g45x_tim.o
    0x08006230   0x08006230   0x0000000c   Code   RO         1105    i.TIM_ConfigOc1Preload  n32g45x_tim.o
    0x0800623c   0x0800623c   0x00000014   Code   RO         1109    i.TIM_ConfigOc2Preload  n32g45x_tim.o
    0x08006250   0x08006250   0x0000000c   Code   RO         1113    i.TIM_ConfigOc3Preload  n32g45x_tim.o
    0x0800625c   0x0800625c   0x00000014   Code   RO         1116    i.TIM_ConfigOc4Preload  n32g45x_tim.o
    0x08006270   0x08006270   0x00000158   Code   RO         1124    i.TIM_ConfigPwmIc   n32g45x_tim.o
    0x080063c8   0x080063c8   0x000000f4   Code   RO         1126    i.TIM_DeInit        n32g45x_tim.o
    0x080064bc   0x080064bc   0x00000012   Code   RO         1127    i.TIM_Enable        n32g45x_tim.o
    0x080064ce   0x080064ce   0x00000016   Code   RO         1131    i.TIM_EnableCtrlPwmOutputs  n32g45x_tim.o
    0x080064e4   0x080064e4   0x00000004   Code   RO         1138    i.TIM_GetCap2       n32g45x_tim.o
    0x080064e8   0x080064e8   0x00000016   Code   RO         1145    i.TIM_GetIntStatus  n32g45x_tim.o
    0x080064fe   0x080064fe   0x00000002   PAD
    0x08006500   0x08006500   0x000001bc   Code   RO         1147    i.TIM_ICInit        n32g45x_tim.o
    0x080066bc   0x080066bc   0x00000010   Code   RO         1149    i.TIM_InitIcStruct  n32g45x_tim.o
    0x080066cc   0x080066cc   0x00000068   Code   RO         1150    i.TIM_InitOc1       n32g45x_tim.o
    0x08006734   0x08006734   0x0000007c   Code   RO         1151    i.TIM_InitOc2       n32g45x_tim.o
    0x080067b0   0x080067b0   0x00000074   Code   RO         1152    i.TIM_InitOc3       n32g45x_tim.o
    0x08006824   0x08006824   0x00000062   Code   RO         1153    i.TIM_InitOc4       n32g45x_tim.o
    0x08006886   0x08006886   0x00000014   Code   RO         1156    i.TIM_InitOcStruct  n32g45x_tim.o
    0x0800689a   0x0800689a   0x0000001e   Code   RO         1157    i.TIM_InitTimBaseStruct  n32g45x_tim.o
    0x080068b8   0x080068b8   0x00000138   Code   RO         1158    i.TIM_InitTimeBase  n32g45x_tim.o
    0x080069f0   0x080069f0   0x0000000c   Code   RO         1163    i.TIM_SelectInputTrig  n32g45x_tim.o
    0x080069fc   0x080069fc   0x00000010   Code   RO         1168    i.TIM_SelectSlaveMode  n32g45x_tim.o
    0x08006a0c   0x08006a0c   0x00000004   Code   RO         1171    i.TIM_SetCmp1       n32g45x_tim.o
    0x08006a10   0x08006a10   0x00000004   Code   RO         1172    i.TIM_SetCmp2       n32g45x_tim.o
    0x08006a14   0x08006a14   0x00000004   Code   RO         1173    i.TIM_SetCmp3       n32g45x_tim.o
    0x08006a18   0x08006a18   0x00000006   Code   RO         1174    i.TIM_SetCmp4       n32g45x_tim.o
    0x08006a1e   0x08006a1e   0x00000004   Code   RO         1177    i.TIM_SetCnt        n32g45x_tim.o
    0x08006a22   0x08006a22   0x00000002   PAD
    0x08006a24   0x08006a24   0x00000054   Code   RO         4527    i.UART5_IRQHandler  usartx.o
    0x08006a78   0x08006a78   0x00000048   Code   RO         4528    i.USART1_IRQHandler  usartx.o
    0x08006ac0   0x08006ac0   0x000000f0   Code   RO         4529    i.USART2_DMA_Config  usartx.o
    0x08006bb0   0x08006bb0   0x0000004c   Code   RO         4530    i.USART2_IRQHandler  usartx.o
    0x08006bfc   0x08006bfc   0x00000048   Code   RO         4531    i.USART3_IRQHandler  usartx.o
    0x08006c44   0x08006c44   0x00000030   Code   RO         1733    i.USART_ConfigInt   n32g45x_usart.o
    0x08006c74   0x08006c74   0x000000e4   Code   RO         1737    i.USART_DeInit      n32g45x_usart.o
    0x08006d58   0x08006d58   0x00000012   Code   RO         1738    i.USART_Enable      n32g45x_usart.o
    0x08006d6a   0x08006d6a   0x00000010   Code   RO         1739    i.USART_EnableDMA   n32g45x_usart.o
    0x08006d7a   0x08006d7a   0x0000004c   Code   RO         1746    i.USART_GetIntStatus  n32g45x_usart.o
    0x08006dc6   0x08006dc6   0x00000002   PAD
    0x08006dc8   0x08006dc8   0x000000b4   Code   RO         1747    i.USART_Init        n32g45x_usart.o
    0x08006e7c   0x08006e7c   0x0000000c   Code   RO         5342    i.USB_LP_CAN1_RX0_IRQHandler  motor.o
    0x08006e88   0x08006e88   0x000000e8   Code   RO         4533    i.Uart5_Init        usartx.o
    0x08006f70   0x08006f70   0x0000010c   Code   RO         2995    i.Ultrasonic_Init   circularcar.o
    0x0800707c   0x0800707c   0x00000002   Code   RO         2682    i.UsageFault_Handler  n32g45x_it.o
    0x0800707e   0x0800707e   0x00000002   PAD
    0x08007080   0x08007080   0x000000e8   Code   RO         4534    i.Usart1_Dma_Config  usartx.o
    0x08007168   0x08007168   0x000000a4   Code   RO         4535    i.Usart1_Init       usartx.o
    0x0800720c   0x0800720c   0x000000cc   Code   RO         4536    i.Usart2_Init       usartx.o
    0x080072d8   0x080072d8   0x000000c0   Code   RO         4537    i.Usart3_Init       usartx.o
    0x08007398   0x08007398   0x000000f4   Code   RO         4538    i.Usart3_Recv       usartx.o
    0x0800748c   0x0800748c   0x00000044   Code   RO         4539    i.Usart3_Send       usartx.o
    0x080074d0   0x080074d0   0x000000dc   Code   RO         4540    i.Usart3_dma_config  usartx.o
    0x080075ac   0x080075ac   0x00000134   Code   RO         5447    i.VirtuallyAngularVelocityGet  balance.o
    0x080076e0   0x080076e0   0x00000084   Code   RO         5448    i.VirtuallyLinearVelocityGet  balance.o
    0x08007764   0x08007764   0x000000d0   Code   RO         4233    i.WANZER_PDO_Config  user_can.o
    0x08007834   0x08007834   0x00000050   Code   RO         4234    i.ZLAC8015D_PDO_Config  user_can.o
    0x08007884   0x08007884   0x00000178   Code   RO         4235    i.ZLAC8015_PDO_Config  user_can.o
    0x080079fc   0x080079fc   0x00000030   Code   RO         5910    i.__ARM_fpclassify  m_wm.l(fpclassify.o)
    0x08007a2c   0x08007a2c   0x00000004   PAD
    0x08007a30   0x08007a30   0x000002d8   Code   RO         5830    i.__hardfp_atan     m_wm.l(atan.o)
    0x08007d08   0x08007d08   0x00000074   Code   RO         5844    i.__hardfp_fmax     m_wm.l(fmax.o)
    0x08007d7c   0x08007d7c   0x00000074   Code   RO         5864    i.__hardfp_fmin     m_wm.l(fmin.o)
    0x08007df0   0x08007df0   0x000000e0   Code   RO         5848    i.__hardfp_round    m_wm.l(round.o)
    0x08007ed0   0x08007ed0   0x00000080   Code   RO         5852    i.__hardfp_tan      m_wm.l(tan.o)
    0x08007f50   0x08007f50   0x00000438   Code   RO         5914    i.__ieee754_rem_pio2  m_wm.l(rred.o)
    0x08008388   0x08008388   0x000000f8   Code   RO         5912    i.__kernel_poly     m_wm.l(poly.o)
    0x08008480   0x08008480   0x00000350   Code   RO         5919    i.__kernel_tan      m_wm.l(tan_i.o)
    0x080087d0   0x080087d0   0x00000014   Code   RO         5891    i.__mathlib_dbl_infnan  m_wm.l(dunder.o)
    0x080087e4   0x080087e4   0x00000004   PAD
    0x080087e8   0x080087e8   0x00000020   Code   RO         5893    i.__mathlib_dbl_invalid  m_wm.l(dunder.o)
    0x08008808   0x08008808   0x00000020   Code   RO         5896    i.__mathlib_dbl_underflow  m_wm.l(dunder.o)
    0x08008828   0x08008828   0x00000048   Code   RO         3437    i.__rt_ffs          kservice.o
    0x08008870   0x08008870   0x00000024   Code   RO         4799    i.eMBEnable         mb.o
    0x08008894   0x08008894   0x00000062   Code   RO         5132    i.eMBFuncReadCoils  mbfunccoils.o
    0x080088f6   0x080088f6   0x00000064   Code   RO         5175    i.eMBFuncReadDiscreteInputs  mbfuncdisc.o
    0x0800895a   0x0800895a   0x0000004a   Code   RO         5199    i.eMBFuncReadHoldingRegister  mbfuncholding.o
    0x080089a4   0x080089a4   0x00000050   Code   RO         5241    i.eMBFuncReadInputRegister  mbfuncinput.o
    0x080089f4   0x080089f4   0x00000062   Code   RO         5200    i.eMBFuncReadWriteMultipleHoldingRegister  mbfuncholding.o
    0x08008a56   0x08008a56   0x00000002   PAD
    0x08008a58   0x08008a58   0x00000024   Code   RO         5265    i.eMBFuncReportSlaveID  mbfuncother.o
    0x08008a7c   0x08008a7c   0x0000002c   Code   RO         5133    i.eMBFuncWriteCoil  mbfunccoils.o
    0x08008aa8   0x08008aa8   0x00000018   Code   RO         5201    i.eMBFuncWriteHoldingRegister  mbfuncholding.o
    0x08008ac0   0x08008ac0   0x00000050   Code   RO         5134    i.eMBFuncWriteMultipleCoils  mbfunccoils.o
    0x08008b10   0x08008b10   0x00000040   Code   RO         5202    i.eMBFuncWriteMultipleHoldingRegister  mbfuncholding.o
    0x08008b50   0x08008b50   0x0000007c   Code   RO         4800    i.eMBInit           mb.o
    0x08008bcc   0x08008bcc   0x00000108   Code   RO         4801    i.eMBPoll           mb.o
    0x08008cd4   0x08008cd4   0x00000058   Code   RO         5052    i.eMBRTUReceive     mbrtu.o
    0x08008d2c   0x08008d2c   0x00000018   Code   RO         5053    i.eMBRTUStart       mbrtu.o
    0x08008d44   0x08008d44   0x00000018   Code   RO         5054    i.eMBRTUStop        mbrtu.o
    0x08008d5c   0x08008d5c   0x00000018   Code   RO         5906    i.fabs              m_wm.l(fabs.o)
    0x08008d74   0x08008d74   0x000000e0   Code   RO         3002    i.ir_decodefunctioncode  circularcar.o
    0x08008e54   0x08008e54   0x000000d8   Code   RO         3003    i.ir_sendfunctioncode  circularcar.o
    0x08008f2c   0x08008f2c   0x00000058   Code   RO         5343    i.limit_value       motor.o
    0x08008f84   0x08008f84   0x00000078   Code   RO         4541    i.modbus_task_init  usartx.o
    0x08008ffc   0x08008ffc   0x00000008   Code   RO         5450    i.myabs             balance.o
    0x08009004   0x08009004   0x000000ec   Code   RO         3602    i.plug_holes        mem.o
    0x080090f0   0x080090f0   0x00000018   Code   RO         5298    i.prveMBError2Exception  mbutils.o
    0x08009108   0x08009108   0x00000048   Code   RO         2464    i.rt_application_init  application.o
    0x08009150   0x08009150   0x00000024   Code   RO         3440    i.rt_assert_handler  kservice.o
    0x08009174   0x08009174   0x0000001c   Code   RO         3764    i.rt_enter_critical  scheduler.o
    0x08009190   0x08009190   0x000000c4   Code   RO         3765    i.rt_exit_critical  scheduler.o
    0x08009254   0x08009254   0x00000130   Code   RO         3604    i.rt_free           mem.o
    0x08009384   0x08009384   0x00000044   Code   RO         4085    i.rt_hw_board_init  bsp.o
    0x080093c8   0x080093c8   0x00000018   Code   RO         4035    i.rt_hw_hard_fault_exception  cpuport.o
    0x080093e0   0x080093e0   0x00000044   Code   RO         4036    i.rt_hw_stack_init  cpuport.o
    0x08009424   0x08009424   0x0000001c   Code   RO         3410    i.rt_interrupt_enter  irq.o
    0x08009440   0x08009440   0x00000018   Code   RO         3411    i.rt_interrupt_get_nest  irq.o
    0x08009458   0x08009458   0x0000001c   Code   RO         3412    i.rt_interrupt_leave  irq.o
    0x08009474   0x08009474   0x000001fc   Code   RO         3605    i.rt_malloc         mem.o
    0x08009670   0x08009670   0x00000072   Code   RO         3446    i.rt_memcpy         kservice.o
    0x080096e2   0x080096e2   0x00000002   PAD
    0x080096e4   0x080096e4   0x00000034   Code   RO         3448    i.rt_memset         kservice.o
    0x08009718   0x08009718   0x00000094   Code   RO         3698    i.rt_object_delete  object.o
    0x080097ac   0x080097ac   0x00000054   Code   RO         3699    i.rt_object_detach  object.o
    0x08009800   0x08009800   0x00000048   Code   RO         3701    i.rt_object_get_information  object.o
    0x08009848   0x08009848   0x00000034   Code   RO         3702    i.rt_object_get_type  object.o
    0x0800987c   0x0800987c   0x000000a4   Code   RO         3703    i.rt_object_init    object.o
    0x08009920   0x08009920   0x00000038   Code   RO         3704    i.rt_object_is_systemobject  object.o
    0x08009958   0x08009958   0x000000a8   Code   RO         3766    i.rt_schedule       scheduler.o
    0x08009a00   0x08009a00   0x00000078   Code   RO         3767    i.rt_schedule_insert_thread  scheduler.o
    0x08009a78   0x08009a78   0x00000074   Code   RO         3768    i.rt_schedule_remove_thread  scheduler.o
    0x08009aec   0x08009aec   0x0000006c   Code   RO         3355    i.rt_sem_init       ipc.o
    0x08009b58   0x08009b58   0x00000074   Code   RO         3356    i.rt_sem_release    ipc.o
    0x08009bcc   0x08009bcc   0x0000014c   Code   RO         3357    i.rt_sem_take       ipc.o
    0x08009d18   0x08009d18   0x00000062   Code   RO         3458    i.rt_strncpy        kservice.o
    0x08009d7a   0x08009d7a   0x00000002   PAD
    0x08009d7c   0x08009d7c   0x0000008c   Code   RO         3608    i.rt_system_heap_init  mem.o
    0x08009e08   0x08009e08   0x00000040   Code   RO         3769    i.rt_system_scheduler_init  scheduler.o
    0x08009e48   0x08009e48   0x00000028   Code   RO         3770    i.rt_system_scheduler_start  scheduler.o
    0x08009e70   0x08009e70   0x0000000c   Code   RO         3954    i.rt_system_timer_init  timer.o
    0x08009e7c   0x08009e7c   0x00000002   Code   RO         3955    i.rt_system_timer_thread_init  timer.o
    0x08009e7e   0x08009e7e   0x00000004   Code   RO         3848    i.rt_thread_delay   thread.o
    0x08009e82   0x08009e82   0x00000002   PAD
    0x08009e84   0x08009e84   0x00000060   Code   RO         3852    i.rt_thread_exit    thread.o
    0x08009ee4   0x08009ee4   0x000000ac   Code   RO         3316    i.rt_thread_idle_entry  idle.o
    0x08009f90   0x08009f90   0x000000b4   Code   RO         3317    i.rt_thread_idle_excute  idle.o
    0x0800a044   0x0800a044   0x0000003c   Code   RO         3319    i.rt_thread_idle_init  idle.o
    0x0800a080   0x0800a080   0x0000010c   Code   RO         3854    i.rt_thread_init    thread.o
    0x0800a18c   0x0800a18c   0x00000088   Code   RO         3856    i.rt_thread_resume  thread.o
    0x0800a214   0x0800a214   0x0000000c   Code   RO         3857    i.rt_thread_self    thread.o
    0x0800a220   0x0800a220   0x000000cc   Code   RO         3858    i.rt_thread_sleep   thread.o
    0x0800a2ec   0x0800a2ec   0x00000110   Code   RO         3859    i.rt_thread_startup  thread.o
    0x0800a3fc   0x0800a3fc   0x00000074   Code   RO         3860    i.rt_thread_suspend  thread.o
    0x0800a470   0x0800a470   0x000000c0   Code   RO         3861    i.rt_thread_timeout  thread.o
    0x0800a530   0x0800a530   0x00000064   Code   RO         3862    i.rt_thread_yield   thread.o
    0x0800a594   0x0800a594   0x0000000c   Code   RO         3140    i.rt_tick_get       clock.o
    0x0800a5a0   0x0800a5a0   0x0000002c   Code   RO         3141    i.rt_tick_increase  clock.o
    0x0800a5cc   0x0800a5cc   0x00000164   Code   RO         3956    i.rt_timer_check    timer.o
    0x0800a730   0x0800a730   0x000000b4   Code   RO         3957    i.rt_timer_control  timer.o
    0x0800a7e4   0x0800a7e4   0x000000dc   Code   RO         3960    i.rt_timer_detach   timer.o
    0x0800a8c0   0x0800a8c0   0x0000005c   Code   RO         3961    i.rt_timer_init     timer.o
    0x0800a91c   0x0800a91c   0x00000158   Code   RO         3963    i.rt_timer_start    timer.o
    0x0800aa74   0x0800aa74   0x000000b4   Code   RO         3964    i.rt_timer_stop     timer.o
    0x0800ab28   0x0800ab28   0x00000038   Code   RO         2637    i.rtthread_startup  main.o
    0x0800ab60   0x0800ab60   0x0000005c   Code   RO         5618    i.systemInit        system.o
    0x0800abbc   0x0800abbc   0x00000040   Code   RO         5026    i.usMBCRC16         mbcrc.o
    0x0800abfc   0x0800abfc   0x00000002   Code   RO         4972    i.vMBPortSerialEnable  portserial.o
    0x0800abfe   0x0800abfe   0x00000002   PAD
    0x0800ac00   0x0800ac00   0x0000001c   Code   RO         4934    i.xMBPortEventGet   portevent.o
    0x0800ac1c   0x0800ac1c   0x00000010   Code   RO         4935    i.xMBPortEventInit  portevent.o
    0x0800ac2c   0x0800ac2c   0x00000010   Code   RO         4936    i.xMBPortEventPost  portevent.o
    0x0800ac3c   0x0800ac3c   0x00000004   Code   RO         4974    i.xMBPortSerialPutByte  portserial.o
    0x0800ac40   0x0800ac40   0x00000034   Code   RO         5055    i.xMBRTUReceiveFSM  mbrtu.o
    0x0800ac74   0x0800ac74   0x00000028   Code   RO         5056    i.xMBRTUTimerT35Expired  mbrtu.o
    0x0800ac9c   0x0800ac9c   0x00000050   Code   RO         5057    i.xMBRTUTransmitFSM  mbrtu.o
    0x0800acec   0x0800acec   0x00000018   Code   RO         5871    x$fpl$basic         fz_wm.l(basic.o)
    0x0800ad04   0x0800ad04   0x00000062   Code   RO         5800    x$fpl$d2f           fz_wm.l(d2f.o)
    0x0800ad66   0x0800ad66   0x00000002   PAD
    0x0800ad68   0x0800ad68   0x00000150   Code   RO         5802    x$fpl$dadd          fz_wm.l(daddsub_clz.o)
    0x0800aeb8   0x0800aeb8   0x00000136   Code   RO         5873    x$fpl$dcmp4         fz_wm.l(dcmp4.o)
    0x0800afee   0x0800afee   0x00000018   Code   RO         5945    x$fpl$dcmpinf       fz_wm.l(dcmpi.o)
    0x0800b006   0x0800b006   0x00000002   PAD
    0x0800b008   0x0800b008   0x000002b0   Code   RO         5809    x$fpl$ddiv          fz_wm.l(ddiv.o)
    0x0800b2b8   0x0800b2b8   0x0000005e   Code   RO         5812    x$fpl$dfix          fz_wm.l(dfix.o)
    0x0800b316   0x0800b316   0x00000002   PAD
    0x0800b318   0x0800b318   0x0000005a   Code   RO         5816    x$fpl$dfixu         fz_wm.l(dfixu.o)
    0x0800b372   0x0800b372   0x0000002e   Code   RO         5821    x$fpl$dflt          fz_wm.l(dflt_clz.o)
    0x0800b3a0   0x0800b3a0   0x00000026   Code   RO         5820    x$fpl$dfltu         fz_wm.l(dflt_clz.o)
    0x0800b3c6   0x0800b3c6   0x00000002   PAD
    0x0800b3c8   0x0800b3c8   0x00000078   Code   RO         5875    x$fpl$dleqf         fz_wm.l(dleqf.o)
    0x0800b440   0x0800b440   0x00000154   Code   RO         5826    x$fpl$dmul          fz_wm.l(dmul.o)
    0x0800b594   0x0800b594   0x0000009c   Code   RO         5877    x$fpl$dnaninf       fz_wm.l(dnaninf.o)
    0x0800b630   0x0800b630   0x0000000c   Code   RO         5879    x$fpl$dretinf       fz_wm.l(dretinf.o)
    0x0800b63c   0x0800b63c   0x0000006c   Code   RO         5881    x$fpl$drleqf        fz_wm.l(drleqf.o)
    0x0800b6a8   0x0800b6a8   0x000000b4   Code   RO         5883    x$fpl$drnd          fz_wm.l(drnd.o)
    0x0800b75c   0x0800b75c   0x00000016   Code   RO         5803    x$fpl$drsb          fz_wm.l(daddsub_clz.o)
    0x0800b772   0x0800b772   0x00000002   PAD
    0x0800b774   0x0800b774   0x000001d4   Code   RO         5804    x$fpl$dsub          fz_wm.l(daddsub_clz.o)
    0x0800b948   0x0800b948   0x00000056   Code   RO         5828    x$fpl$f2d           fz_wm.l(f2d.o)
    0x0800b99e   0x0800b99e   0x0000008c   Code   RO         5885    x$fpl$fnaninf       fz_wm.l(fnaninf.o)
    0x0800ba2a   0x0800ba2a   0x0000000a   Code   RO         6016    x$fpl$fpinit        fz_wm.l(fpinit.o)
    0x0800ba34   0x0800ba34   0x0000000a   Code   RO         5887    x$fpl$fretinf       fz_wm.l(fretinf.o)
    0x0800ba3e   0x0800ba3e   0x00000000   Code   RO         5889    x$fpl$usenofp       fz_wm.l(usenofp.o)
    0x0800ba3e   0x0800ba3e   0x00000040   Data   RO          841    .constdata          n32g45x_rcc.o
    0x0800ba7e   0x0800ba7e   0x00000016   Data   RO         3321    .constdata          idle.o
    0x0800ba94   0x0800ba94   0x00000060   Data   RO         3359    .constdata          ipc.o
    0x0800baf4   0x0800baf4   0x00000122   Data   RO         3463    .constdata          kservice.o
    0x0800bc16   0x0800bc16   0x0000003c   Data   RO         3610    .constdata          mem.o
    0x0800bc52   0x0800bc52   0x00000080   Data   RO         3706    .constdata          object.o
    0x0800bcd2   0x0800bcd2   0x0000004e   Data   RO         3772    .constdata          scheduler.o
    0x0800bd20   0x0800bd20   0x000000cf   Data   RO         3863    .constdata          thread.o
    0x0800bdef   0x0800bdef   0x0000005c   Data   RO         3965    .constdata          timer.o
    0x0800be4b   0x0800be4b   0x00000001   PAD
    0x0800be4c   0x0800be4c   0x00000370   Data   RO         4268    .constdata          user_can.o
    0x0800c1bc   0x0800c1bc   0x00000070   Data   RO         4544    .constdata          usartx.o
    0x0800c22c   0x0800c22c   0x00000020   Data   RO         4747    .constdata          user_adc.o
    0x0800c24c   0x0800c24c   0x00000200   Data   RO         5027    .constdata          mbcrc.o
    0x0800c44c   0x0800c44c   0x00000010   Data   RO         5461    .constdata          balance.o
    0x0800c45c   0x0800c45c   0x00000004   PAD
    0x0800c460   0x0800c460   0x00000098   Data   RO         5833    .constdata          m_wm.l(atan.o)
    0x0800c4f8   0x0800c4f8   0x000000c8   Data   RO         5916    .constdata          m_wm.l(rred.o)
    0x0800c5c0   0x0800c5c0   0x00000060   Data   RO         5920    .constdata          m_wm.l(tan_i.o)
    0x0800c620   0x0800c620   0x00000045   Data   RO         3360    .conststring        ipc.o
    0x0800c665   0x0800c665   0x00000003   PAD
    0x0800c668   0x0800c668   0x000000eb   Data   RO         3611    .conststring        mem.o
    0x0800c753   0x0800c753   0x00000001   PAD
    0x0800c754   0x0800c754   0x00000042   Data   RO         3864    .conststring        thread.o
    0x0800c796   0x0800c796   0x00000002   PAD
    0x0800c798   0x0800c798   0x00000020   Data   RO         6086    Region$$Table       anon$$obj.o


    Execution Region ER_RW (Exec base: 0x20000000, Load base: 0x0800c7b8, Size: 0x00000540, Max: 0xffffffff, ABSOLUTE, COMPRESSED[0x000001a0])

    Exec Addr    Load Addr    Size         Type   Attr      Idx    E Section Name        Object

    0x20000000   COMPRESSED   0x00000004   Data   RW           16    .data               system_n32g45x.o
    0x20000004   COMPRESSED   0x00000160   Data   RW         2766    .data               charger.o
    0x20000164   COMPRESSED   0x00000001   Data   RW         2924    .data               rj_jt.o
    0x20000165   COMPRESSED   0x00000003   PAD
    0x20000168   COMPRESSED   0x0000004c   Data   RW         3010    .data               circularcar.o
    0x200001b4   COMPRESSED   0x00000004   Data   RW         3143    .data               clock.o
    0x200001b8   COMPRESSED   0x00000001   Data   RW         3413    .data               irq.o
    0x200001b9   COMPRESSED   0x00000003   PAD
    0x200001bc   COMPRESSED   0x00000008   Data   RW         3464    .data               kservice.o
    0x200001c4   COMPRESSED   0x00000018   Data   RW         3612    .data               mem.o
    0x200001dc   COMPRESSED   0x00000050   Data   RW         3707    .data               object.o
    0x2000022c   COMPRESSED   0x00000014   Data   RW         3773    .data               scheduler.o
    0x20000240   COMPRESSED   0x0000000c   Data   RW         3966    .data               timer.o
    0x2000024c   COMPRESSED   0x00000004   Data   RW         4038    .data               cpuport.o
    0x20000250   COMPRESSED   0x00000004   Data   RW         4039    .data               cpuport.o
    0x20000254   COMPRESSED   0x00000004   Data   RW         4040    .data               cpuport.o
    0x20000258   COMPRESSED   0x00000004   Data   RW         4041    .data               cpuport.o
    0x2000025c   COMPRESSED   0x00000010   Data   RW         4269    .data               user_can.o
    0x2000026c   COMPRESSED   0x00000001   Data   RW         4284    .data               user_can.o
    0x2000026d   COMPRESSED   0x00000001   Data   RW         4285    .data               user_can.o
    0x2000026e   COMPRESSED   0x00000001   Data   RW         4286    .data               user_can.o
    0x2000026f   COMPRESSED   0x00000001   Data   RW         4287    .data               user_can.o
    0x20000270   COMPRESSED   0x00000001   Data   RW         4288    .data               user_can.o
    0x20000271   COMPRESSED   0x00000001   Data   RW         4289    .data               user_can.o
    0x20000272   COMPRESSED   0x00000001   Data   RW         4290    .data               user_can.o
    0x20000273   COMPRESSED   0x00000001   Data   RW         4291    .data               user_can.o
    0x20000274   COMPRESSED   0x00000001   Data   RW         4292    .data               user_can.o
    0x20000275   COMPRESSED   0x00000001   Data   RW         4293    .data               user_can.o
    0x20000276   COMPRESSED   0x00000001   Data   RW         4294    .data               user_can.o
    0x20000277   COMPRESSED   0x00000001   Data   RW         4295    .data               user_can.o
    0x20000278   COMPRESSED   0x00000001   Data   RW         4296    .data               user_can.o
    0x20000279   COMPRESSED   0x00000001   Data   RW         4297    .data               user_can.o
    0x2000027a   COMPRESSED   0x00000001   Data   RW         4298    .data               user_can.o
    0x2000027b   COMPRESSED   0x00000001   Data   RW         4299    .data               user_can.o
    0x2000027c   COMPRESSED   0x00000001   Data   RW         4300    .data               user_can.o
    0x2000027d   COMPRESSED   0x00000001   Data   RW         4301    .data               user_can.o
    0x2000027e   COMPRESSED   0x00000001   Data   RW         4302    .data               user_can.o
    0x2000027f   COMPRESSED   0x00000001   Data   RW         4303    .data               user_can.o
    0x20000280   COMPRESSED   0x00000001   Data   RW         4304    .data               user_can.o
    0x20000281   COMPRESSED   0x00000001   Data   RW         4305    .data               user_can.o
    0x20000282   COMPRESSED   0x00000001   Data   RW         4306    .data               user_can.o
    0x20000283   COMPRESSED   0x00000001   Data   RW         4307    .data               user_can.o
    0x20000284   COMPRESSED   0x00000001   Data   RW         4308    .data               user_can.o
    0x20000285   COMPRESSED   0x00000001   Data   RW         4309    .data               user_can.o
    0x20000286   COMPRESSED   0x00000001   Data   RW         4310    .data               user_can.o
    0x20000287   COMPRESSED   0x00000001   Data   RW         4311    .data               user_can.o
    0x20000288   COMPRESSED   0x00000001   Data   RW         4312    .data               user_can.o
    0x20000289   COMPRESSED   0x00000001   Data   RW         4313    .data               user_can.o
    0x2000028a   COMPRESSED   0x00000002   PAD
    0x2000028c   COMPRESSED   0x00000020   Data   RW         4545    .data               usartx.o
    0x200002ac   COMPRESSED   0x00000004   Data   RW         4805    .data               mb.o
    0x200002b0   COMPRESSED   0x000000a8   Data   RW         4806    .data               mb.o
    0x20000358   COMPRESSED   0x00000002   Data   RW         4937    .data               portevent.o
    0x2000035a   COMPRESSED   0x00000002   PAD
    0x2000035c   COMPRESSED   0x0000000c   Data   RW         5058    .data               mbrtu.o
    0x20000368   COMPRESSED   0x00000002   Data   RW         5268    .data               mbfuncother.o
    0x2000036a   COMPRESSED   0x00000002   PAD
    0x2000036c   COMPRESSED   0x0000012c   Data   RW         5345    .data               motor.o
    0x20000498   COMPRESSED   0x00000068   Data   RW         5463    .data               balance.o
    0x20000500   COMPRESSED   0x00000004   Data   RW         5468    .data               balance.o
    0x20000504   COMPRESSED   0x00000001   Data   RW         5619    .data               system.o
    0x20000505   COMPRESSED   0x00000003   PAD
    0x20000508   COMPRESSED   0x00000030   Data   RW         5700    .data               rc_car.o
    0x20000538   COMPRESSED   0x00000008   Data   RW         5750    .data               remote.o


    Execution Region ER_ZI (Exec base: 0x20000540, Load base: 0x0800c958, Size: 0x0000d618, Max: 0xffffffff, ABSOLUTE)

    Exec Addr    Load Addr    Size         Type   Attr      Idx    E Section Name        Object

    0x20000540        -       0x00002728   Zero   RW         2465    .bss                application.o
    0x20002c68        -       0x00000020   Zero   RW         3007    .bss                circularcar.o
    0x20002c88        -       0x00000178   Zero   RW         3320    .bss                idle.o
    0x20002e00        -       0x00000020   Zero   RW         3609    .bss                mem.o
    0x20002e20        -       0x00000100   Zero   RW         3771    .bss                scheduler.o
    0x20002f20        -       0x00000014   Zero   RW         4236    .bss                user_can.o
    0x20002f34        -       0x00000014   Zero   RW         4237    .bss                user_can.o
    0x20002f48        -       0x00000014   Zero   RW         4238    .bss                user_can.o
    0x20002f5c        -       0x00000014   Zero   RW         4239    .bss                user_can.o
    0x20002f70        -       0x00000014   Zero   RW         4240    .bss                user_can.o
    0x20002f84        -       0x00000014   Zero   RW         4241    .bss                user_can.o
    0x20002f98        -       0x00000014   Zero   RW         4242    .bss                user_can.o
    0x20002fac        -       0x00000014   Zero   RW         4243    .bss                user_can.o
    0x20002fc0        -       0x00000014   Zero   RW         4244    .bss                user_can.o
    0x20002fd4        -       0x00000014   Zero   RW         4245    .bss                user_can.o
    0x20002fe8        -       0x00000014   Zero   RW         4246    .bss                user_can.o
    0x20002ffc        -       0x00000014   Zero   RW         4247    .bss                user_can.o
    0x20003010        -       0x00000014   Zero   RW         4248    .bss                user_can.o
    0x20003024        -       0x00000014   Zero   RW         4249    .bss                user_can.o
    0x20003038        -       0x00000014   Zero   RW         4250    .bss                user_can.o
    0x2000304c        -       0x00000014   Zero   RW         4251    .bss                user_can.o
    0x20003060        -       0x00000014   Zero   RW         4252    .bss                user_can.o
    0x20003074        -       0x00000014   Zero   RW         4253    .bss                user_can.o
    0x20003088        -       0x00000014   Zero   RW         4254    .bss                user_can.o
    0x2000309c        -       0x00000014   Zero   RW         4255    .bss                user_can.o
    0x200030b0        -       0x00000014   Zero   RW         4256    .bss                user_can.o
    0x200030c4        -       0x00000014   Zero   RW         4257    .bss                user_can.o
    0x200030d8        -       0x00000014   Zero   RW         4258    .bss                user_can.o
    0x200030ec        -       0x00000014   Zero   RW         4259    .bss                user_can.o
    0x20003100        -       0x00000014   Zero   RW         4260    .bss                user_can.o
    0x20003114        -       0x00000014   Zero   RW         4261    .bss                user_can.o
    0x20003128        -       0x00000014   Zero   RW         4262    .bss                user_can.o
    0x2000313c        -       0x00000014   Zero   RW         4263    .bss                user_can.o
    0x20003150        -       0x00000014   Zero   RW         4264    .bss                user_can.o
    0x20003164        -       0x00000014   Zero   RW         4265    .bss                user_can.o
    0x20003178        -       0x000000f0   Zero   RW         4266    .bss                user_can.o
    0x20003268        -       0x00000078   Zero   RW         4267    .bss                user_can.o
    0x200032e0        -       0x000017a6   Zero   RW         4542    .bss                usartx.o
    0x20004a86   0x0800c958   0x00000002   PAD
    0x20004a88        -       0x00000028   Zero   RW         4746    .bss                user_adc.o
    0x20004ab0        -       0x000007ee   Zero   RW         4804    .bss                mb.o
    0x2000529e        -       0x00000020   Zero   RW         5267    .bss                mbfuncother.o
    0x200052be        -       0x00000014   Zero   RW         5344    .bss                motor.o
    0x200052d2   0x0800c958   0x00000002   PAD
    0x200052d4        -       0x00000024   Zero   RW         5454    .bss                balance.o
    0x200052f8        -       0x00000060   Zero   RW         5948    .bss                c_w.l(libspace.o)
    0x20005358        -       0x00002300   Zero   RW            2    HEAP                startup_n32g45x.o
    0x20007658        -       0x00006500   Zero   RW            1    STACK               startup_n32g45x.o


==============================================================================

Image component sizes


      Code (inc. data)   RO Data    RW Data    ZI Data      Debug   Object Name

       890        280          0          0      10024      27827   application.o
      4308        344         16        108         36      28180   balance.o
        86         10          0          0          0      31645   bsp.o
      2102        150          0        352          0      16558   charger.o
      1378         84          0         76         32       8018   circularcar.o
        56         12          0          4          0       1185   clock.o
        10          0          0          0          0        501   components.o
       308         26          0          0          0        804   context_rvds.o
        92          8          0         16          0       3930   cpuport.o
       128          0          0          0          0       1871   flash_wr.o
       412         48         22          0        376       5756   idle.o
       556         94        165          0          0       9310   ipc.o
        80         18          0          1          0       2082   irq.o
       372         12        290          8          0       7765   kservice.o
      1144         68          0          0          0       4421   led.o
        56         10          0          0          0        943   main.o
      2232        176          0        172       2030      19355   mb.o
        64          6        512          0          0       1264   mbcrc.o
       222          0          0          0          0       3774   mbfunccoils.o
       100          0          0          0          0       1516   mbfuncdisc.o
       260          0          0          0          0       5087   mbfuncholding.o
        80          0          0          0          0       1503   mbfuncinput.o
        36         10          0          2         32       1299   mbfuncother.o
       308         34          0         12          0       9981   mbrtu.o
        24          0          0          0          0        644   mbutils.o
      1188        346        295         24         32       5269   mem.o
       156         14          0          0          0     295729   misc.o
      3052        146          0        300         20      11186   motor.o
       518         24          0          0          0      10021   n32g45x_adc.o
      1052         26          0          0          0       6926   n32g45x_can.o
       512         68          0          0          0       8752   n32g45x_dma.o
       420         56          0          0          0       7845   n32g45x_flash.o
       786         10          0          0          0       7605   n32g45x_gpio.o
        48          6          0          0          0       3137   n32g45x_it.o
        40         18          0          0          0       1643   n32g45x_iwdg.o
       684        128         64          0          0      15339   n32g45x_rcc.o
      2270         52          0          0          0      25575   n32g45x_tim.o
       566          6          0          0          0       6140   n32g45x_usart.o
       576        194        128         80          0       9298   object.o
        60         14          0          2          0       2036   portevent.o
         6          0          0          0          0        985   portserial.o
       884         64          0         48          0       3117   rc_car.o
       700         34          0          8          0       2307   remote.o
        72         14          0          1          0       1308   rj_jt.o
       732        152         78         20        256       8640   scheduler.o
        64         26        408          0      34816        888   startup_n32g45x.o
        92          8          0          1          0       1923   system.o
       412         44          0          4          0      91253   system_n32g45x.o
      1400        344        273          0          0      14086   thread.o
      1386        480         92         12          0      10694   timer.o
      3788        368        112         32       6054      21362   usartx.o
       884         30         32          0         40       3475   user_adc.o
      1752         80        880         46        960      17903   user_can.o

    ----------------------------------------------------------------------
     39450       4146       3410       1344      54712     789661   Object Totals
         0          0         32          0          0          0   (incl. Generated)
        46          4         11         15          4          0   (incl. Padding)

    ----------------------------------------------------------------------

      Code (inc. data)   RO Data    RW Data    ZI Data      Debug   Library Member Name

        90          0          0          0          0          0   __dczerorl2.o
         8          0          0          0          0         68   __main.o
         0          0          0          0          0          0   __rtentry.o
        12          0          0          0          0          0   __rtentry2.o
         6          0          0          0          0          0   __rtentry4.o
        52          8          0          0          0          0   __scatter.o
        28          0          0          0          0          0   __scatter_zi.o
        22          0          0          0          0        100   _rserrno.o
        18          0          0          0          0         80   exit.o
         6          0          0          0          0        152   heapauxi.o
         0          0          0          0          0          0   indicate_semi.o
         2          0          0          0          0          0   libinit.o
         6          0          0          0          0          0   libinit2.o
         2          0          0          0          0          0   libshutdown.o
         2          0          0          0          0          0   libshutdown2.o
         8          4          0          0         96         68   libspace.o
         8          4          0          0          0         68   rt_errno_addr_intlibspace.o
        68          0          0          0          0         68   rt_memclr.o
        78          0          0          0          0         80   rt_memclr_w.o
       138          0          0          0          0         68   rt_memcpy_v6.o
       100          0          0          0          0         80   rt_memcpy_w.o
         2          0          0          0          0          0   rtexit.o
        10          0          0          0          0          0   rtexit2.o
        12          4          0          0          0         68   sys_exit.o
        74          0          0          0          0         80   sys_stackheap_outer.o
         2          0          0          0          0         68   use_no_semi.o
        24          0          0          0          0        164   basic.o
        98          4          0          0          0        140   d2f.o
       826         16          0          0          0        492   daddsub_clz.o
       310          8          0          0          0        228   dcmp4.o
        24          0          0          0          0        116   dcmpi.o
       688        140          0          0          0        256   ddiv.o
        94          4          0          0          0        140   dfix.o
        90          4          0          0          0        140   dfixu.o
        84          0          0          0          0        232   dflt_clz.o
       120          4          0          0          0        140   dleqf.o
       340         12          0          0          0        152   dmul.o
       156          4          0          0          0        140   dnaninf.o
        12          0          0          0          0        116   dretinf.o
       108          0          0          0          0        128   drleqf.o
       180          4          0          0          0        128   drnd.o
        86          4          0          0          0        132   f2d.o
       140          4          0          0          0        132   fnaninf.o
        10          0          0          0          0        116   fpinit.o
        10          0          0          0          0        116   fretinf.o
         0          0          0          0          0          0   usenofp.o
       728        106        152          0          0        228   atan.o
        84         16          0          0          0        372   dunder.o
        24          0          0          0          0        124   fabs.o
       116          0          0          0          0        164   fmax.o
       116          0          0          0          0        164   fmin.o
        48          0          0          0          0        124   fpclassify.o
       248          0          0          0          0        152   poly.o
       224         30          0          0          0        172   round.o
      1080        142        200          0          0        188   rred.o
       128         20          0          0          0        144   tan.o
       848         84         96          0          0        196   tan_i.o

    ----------------------------------------------------------------------
      7820        626        448          0         96       6284   Library Totals
        22          0          0          0          0          0   (incl. Padding)

    ----------------------------------------------------------------------

      Code (inc. data)   RO Data    RW Data    ZI Data      Debug   Library Name

       754         20          0          0         96       1048   c_w.l
      3400        208          0          0          0       3208   fz_wm.l
      3644        398        448          0          0       2028   m_wm.l

    ----------------------------------------------------------------------
      7820        626        448          0         96       6284   Library Totals

    ----------------------------------------------------------------------

==============================================================================


      Code (inc. data)   RO Data    RW Data    ZI Data      Debug   

     47270       4772       3858       1344      54808     762577   Grand Totals
     47270       4772       3858        416      54808     762577   ELF Image Totals (compressed)
     47270       4772       3858        416          0          0   ROM Totals

==============================================================================

    Total RO  Size (Code + RO Data)                51128 (  49.93kB)
    Total RW  Size (RW Data + ZI Data)             56152 (  54.84kB)
    Total ROM Size (Code + RO Data + RW Data)      51544 (  50.34kB)

==============================================================================

