Component: ARM Compiler 5.06 update 7 (build 960) Tool: armlink [4d3601]

==============================================================================

Section Cross References

    startup_n32g45x.o(STACK) refers (Special) to heapauxi.o(.text) for __use_two_region_memory
    startup_n32g45x.o(HEAP) refers (Special) to heapauxi.o(.text) for __use_two_region_memory
    startup_n32g45x.o(RESET) refers (Special) to heapauxi.o(.text) for __use_two_region_memory
    startup_n32g45x.o(RESET) refers to startup_n32g45x.o(STACK) for __initial_sp
    startup_n32g45x.o(RESET) refers to startup_n32g45x.o(.text) for Reset_Handler
    startup_n32g45x.o(RESET) refers to n32g45x_it.o(i.NMI_Handler) for NMI_Handler
    startup_n32g45x.o(RESET) refers to context_rvds.o(.text) for HardFault_Handler
    startup_n32g45x.o(RESET) refers to n32g45x_it.o(i.MemManage_Handler) for MemManage_Handler
    startup_n32g45x.o(RESET) refers to n32g45x_it.o(i.BusFault_Handler) for BusFault_Handler
    startup_n32g45x.o(RESET) refers to n32g45x_it.o(i.UsageFault_Handler) for UsageFault_Handler
    startup_n32g45x.o(RESET) refers to n32g45x_it.o(i.SVC_Handler) for SVC_Handler
    startup_n32g45x.o(RESET) refers to n32g45x_it.o(i.DebugMon_Handler) for DebugMon_Handler
    startup_n32g45x.o(RESET) refers to bsp.o(i.SysTick_Handler) for SysTick_Handler
    startup_n32g45x.o(RESET) refers to n32g45x_it.o(i.EXTI4_IRQHandler) for EXTI4_IRQHandler
    startup_n32g45x.o(RESET) refers to usartx.o(i.DMA1_Channel2_IRQHandler) for DMA1_Channel2_IRQHandler
    startup_n32g45x.o(RESET) refers to usartx.o(i.DMA1_Channel4_IRQHandler) for DMA1_Channel4_IRQHandler
    startup_n32g45x.o(RESET) refers to user_can.o(i.USB_LP_CAN1_RX0_IRQHandler) for USB_LP_CAN1_RX0_IRQHandler
    startup_n32g45x.o(RESET) refers to n32g45x_it.o(i.EXTI9_5_IRQHandler) for EXTI9_5_IRQHandler
    startup_n32g45x.o(RESET) refers to charger.o(i.TIM1_UP_IRQHandler) for TIM1_UP_IRQHandler
    startup_n32g45x.o(RESET) refers to n32g45x_it.o(i.TIM3_IRQHandler) for TIM3_IRQHandler
    startup_n32g45x.o(RESET) refers to n32g45x_it.o(i.TIM4_IRQHandler) for TIM4_IRQHandler
    startup_n32g45x.o(RESET) refers to n32g45x_it.o(i.SPI1_IRQHandler) for SPI1_IRQHandler
    startup_n32g45x.o(RESET) refers to usartx.o(i.USART1_IRQHandler) for USART1_IRQHandler
    startup_n32g45x.o(RESET) refers to usartx.o(i.USART3_IRQHandler) for USART3_IRQHandler
    startup_n32g45x.o(RESET) refers to charger.o(i.TIM5_IRQHandler) for TIM5_IRQHandler
    startup_n32g45x.o(RESET) refers to usartx.o(i.UART4_IRQHandler) for UART4_IRQHandler
    startup_n32g45x.o(RESET) refers to usartx.o(i.UART5_IRQHandler) for UART5_IRQHandler
    startup_n32g45x.o(RESET) refers to usartx.o(i.DMA2_Channel5_IRQHandler) for DMA2_Channel5_IRQHandler
    startup_n32g45x.o(RESET) refers to user_can.o(i.CAN2_RX0_IRQHandler) for CAN2_RX0_IRQHandler
    startup_n32g45x.o(.text) refers (Special) to heapauxi.o(.text) for __use_two_region_memory
    startup_n32g45x.o(.text) refers to system_n32g45x.o(i.SystemInit) for SystemInit
    startup_n32g45x.o(.text) refers to __main.o(!!!main) for __main
    startup_n32g45x.o(.text) refers to startup_n32g45x.o(HEAP) for Heap_Mem
    startup_n32g45x.o(.text) refers to startup_n32g45x.o(STACK) for Stack_Mem
    system_n32g45x.o(i.SystemCoreClockUpdate) refers to system_n32g45x.o(.data) for .data
    system_n32g45x.o(i.SystemCoreClockUpdate) refers to system_n32g45x.o(.constdata) for .constdata
    system_n32g45x.o(i.SystemInit) refers to system_n32g45x.o(.data) for .data
    n32g45x_can.o(i.CAN_DeInit) refers to n32g45x_rcc.o(i.RCC_EnableAPB1PeriphReset) for RCC_EnableAPB1PeriphReset
    n32g45x_flash.o(i.FLASH_ConfigUserOB) refers to n32g45x_flash.o(i.FLASH_WaitForLastOpt) for FLASH_WaitForLastOpt
    n32g45x_flash.o(i.FLASH_EnWriteProtection) refers to n32g45x_flash.o(i.FLASH_WaitForLastOpt) for FLASH_WaitForLastOpt
    n32g45x_flash.o(i.FLASH_EraseOB) refers to n32g45x_flash.o(i.FLASH_WaitForLastOpt) for FLASH_WaitForLastOpt
    n32g45x_flash.o(i.FLASH_EraseOnePage) refers to n32g45x_flash.o(i.FLASH_WaitForLastOpt) for FLASH_WaitForLastOpt
    n32g45x_flash.o(i.FLASH_MassErase) refers to n32g45x_flash.o(i.FLASH_WaitForLastOpt) for FLASH_WaitForLastOpt
    n32g45x_flash.o(i.FLASH_ProgramOBData) refers to n32g45x_flash.o(i.FLASH_WaitForLastOpt) for FLASH_WaitForLastOpt
    n32g45x_flash.o(i.FLASH_ProgramWord) refers to n32g45x_flash.o(i.FLASH_WaitForLastOpt) for FLASH_WaitForLastOpt
    n32g45x_flash.o(i.FLASH_ReadOutProtectionL1) refers to n32g45x_flash.o(i.FLASH_WaitForLastOpt) for FLASH_WaitForLastOpt
    n32g45x_flash.o(i.FLASH_ReadOutProtectionL2_ENABLE) refers to n32g45x_flash.o(i.FLASH_WaitForLastOpt) for FLASH_WaitForLastOpt
    n32g45x_gpio.o(i.GPIO_AFIOInitDefault) refers to n32g45x_rcc.o(i.RCC_EnableAPB2PeriphReset) for RCC_EnableAPB2PeriphReset
    n32g45x_gpio.o(i.GPIO_DeInit) refers to n32g45x_rcc.o(i.RCC_EnableAPB2PeriphReset) for RCC_EnableAPB2PeriphReset
[...]
    MyFLASH_ReadByte                         0x08004671   Thumb Code    48  flash_wr.o(i.MyFLASH_ReadByte)
    MyFLASH_WriteWord                        0x080046a1   Thumb Code    80  flash_wr.o(i.MyFLASH_WriteWord)
    NMI_Handler                              0x080046f1   Thumb Code     2  n32g45x_it.o(i.NMI_Handler)
    NMT_Control                              0x080046f3   Thumb Code    28  user_can.o(i.NMT_Control)
    NVIC_Config                              0x0800470f   Thumb Code    58  charger.o(i.NVIC_Config)
    NVIC_Init                                0x08004749   Thumb Code   112  misc.o(i.NVIC_Init)
    NVIC_PriorityGroupConfig                 0x080047bd   Thumb Code    14  misc.o(i.NVIC_PriorityGroupConfig)
    PLAN_PDO_Config                          0x080047d1   Thumb Code   166  user_can.o(i.PLAN_PDO_Config)
    Pdu_Init                                 0x08004881   Thumb Code   508  usartx.o(i.Pdu_Init)
    RCCAR_Init                               0x08004ab9   Thumb Code   700  rc_car.o(i.RCCAR_Init)
    RCCAR_Process                            0x08004db9   Thumb Code   178  rc_car.o(i.RCCAR_Process)
    RCC_ConfigAdc1mClk                       0x08004e71   Thumb Code    16  n32g45x_rcc.o(i.RCC_ConfigAdc1mClk)
    RCC_ConfigAdcHclk                        0x08004e85   Thumb Code    14  n32g45x_rcc.o(i.RCC_ConfigAdcHclk)
    RCC_ConfigAdcPllClk                      0x08004e99   Thumb Code    24  n32g45x_rcc.o(i.RCC_ConfigAdcPllClk)
    RCC_ConfigHclk                           0x08004eb5   Thumb Code    14  n32g45x_rcc.o(i.RCC_ConfigHclk)
    RCC_ConfigPclk1                          0x08004ec9   Thumb Code    14  n32g45x_rcc.o(i.RCC_ConfigPclk1)
    RCC_ConfigPclk2                          0x08004edd   Thumb Code    16  n32g45x_rcc.o(i.RCC_ConfigPclk2)
    RCC_ConfigPll                            0x08004ef1   Thumb Code    20  n32g45x_rcc.o(i.RCC_ConfigPll)
    RCC_ConfigSysclk                         0x08004f09   Thumb Code    14  n32g45x_rcc.o(i.RCC_ConfigSysclk)
    RCC_DeInit                               0x08004f1d   Thumb Code    70  n32g45x_rcc.o(i.RCC_DeInit)
    RCC_EnableAHBPeriphClk                   0x08004f6d   Thumb Code    18  n32g45x_rcc.o(i.RCC_EnableAHBPeriphClk)
    RCC_EnableAPB1PeriphClk                  0x08004f85   Thumb Code    18  n32g45x_rcc.o(i.RCC_EnableAPB1PeriphClk)
    RCC_EnableAPB1PeriphReset                0x08004f9d   Thumb Code    18  n32g45x_rcc.o(i.RCC_EnableAPB1PeriphReset)
    RCC_EnableAPB2PeriphClk                  0x08004fb5   Thumb Code    18  n32g45x_rcc.o(i.RCC_EnableAPB2PeriphClk)
    RCC_EnableAPB2PeriphReset                0x08004fcd   Thumb Code    18  n32g45x_rcc.o(i.RCC_EnableAPB2PeriphReset)
    RCC_EnableHsi                            0x08004fe5   Thumb Code     6  n32g45x_rcc.o(i.RCC_EnableHsi)
    RCC_EnablePll                            0x08004ff1   Thumb Code     6  n32g45x_rcc.o(i.RCC_EnablePll)
    RCC_GetClocksFreqValue                   0x08004ffd   Thumb Code   200  n32g45x_rcc.o(i.RCC_GetClocksFreqValue)
    RCC_GetFlagStatus                        0x080050dd   Thumb Code    42  n32g45x_rcc.o(i.RCC_GetFlagStatus)
    RCC_GetSysclkSrc                         0x0800510d   Thumb Code    10  n32g45x_rcc.o(i.RCC_GetSysclkSrc)
    RGB_Init                                 0x0800511d   Thumb Code   170  charger.o(i.RGB_Init)
    RGB_SetValue                             0x080051d1   Thumb Code   126  charger.o(i.RGB_SetValue)
    RGB_ShowCharged                          0x08005259   Thumb Code   136  charger.o(i.RGB_ShowCharged)
    RGB_ShowCharging                         0x080052e9   Thumb Code   136  charger.o(i.RGB_ShowCharging)
    RGB_ShowError                            0x08005379   Thumb Code   136  charger.o(i.RGB_ShowError)
    Relay_Init                               0x08005409   Thumb Code    48  charger.o(i.Relay_Init)
    Robot_Select                             0x0800543d   Thumb Code   158  robot_select_init.o(i.Robot_Select)
    SPI1_IRQHandler                          0x08005519   Thumb Code    44  n32g45x_it.o(i.SPI1_IRQHandler)
    SPI_Enable                               0x08005555   Thumb Code    18  n32g45x_spi.o(i.SPI_Enable)
    SPI_I2S_EnableInt                        0x08005567   Thumb Code    26  n32g45x_spi.o(i.SPI_I2S_EnableInt)
    SPI_I2S_GetStatus                        0x08005581   Thumb Code    14  n32g45x_spi.o(i.SPI_I2S_GetStatus)
    SPI_Init                                 0x0800558f   Thumb Code    84  n32g45x_spi.o(i.SPI_Init)
    SVC_Handler                              0x080055e3   Thumb Code     2  n32g45x_it.o(i.SVC_Handler)
    SdoFramCereat                            0x080055e5   Thumb Code    46  user_can.o(i.SdoFramCereat)
    SetReal_Velocity                         0x08005619   Thumb Code   632  usartx.o(i.SetReal_Velocity)
    Set_Director                             0x080058b5   Thumb Code   392  usartx.o(i.Set_Director)
    Soft_Reset                               0x08005a4d   Thumb Code     6  application.o(i.Soft_Reset)
    SysTick_Handler                          0x08005a53   Thumb Code    18  bsp.o(i.SysTick_Handler)
    SystemInit                               0x08005a65   Thumb Code   368  system_n32g45x.o(i.SystemInit)
    TIM1_UP_IRQHandler                       0x08005c01   Thumb Code   130  charger.o(i.TIM1_UP_IRQHandler)
    TIM3_IRQHandler                          0x08005c91   Thumb Code    30  n32g45x_it.o(i.TIM3_IRQHandler)
    TIM4_IRQHandler                          0x08005cb5   Thumb Code    36  n32g45x_it.o(i.TIM4_IRQHandler)
    TIM5_IRQHandler                          0x08005ce1   Thumb Code    36  charger.o(i.TIM5_IRQHandler)
    TIM_ClearFlag                            0x08005d0d   Thumb Code     6  n32g45x_tim.o(i.TIM_ClearFlag)
    TIM_ClrIntPendingBit                     0x08005d13   Thumb Code     6  n32g45x_tim.o(i.TIM_ClrIntPendingBit)
    TIM_ConfigArPreload                      0x08005d19   Thumb Code    18  n32g45x_tim.o(i.TIM_ConfigArPreload)
    TIM_ConfigEncoderInterface               0x08005d2b   Thumb Code    60  n32g45x_tim.o(i.TIM_ConfigEncoderInterface)
    TIM_ConfigInt                            0x08005d67   Thumb Code    16  n32g45x_tim.o(i.TIM_ConfigInt)
    TIM_ConfigOc1Preload                     0x08005d77   Thumb Code    12  n32g45x_tim.o(i.TIM_ConfigOc1Preload)
    TIM_ConfigOc2Preload                     0x08005d83   Thumb Code    20  n32g45x_tim.o(i.TIM_ConfigOc2Preload)
    TIM_ConfigOc4Preload                     0x08005d97   Thumb Code    20  n32g45x_tim.o(i.TIM_ConfigOc4Preload)
    TIM_ConfigPwmIc                          0x08005dad   Thumb Code   332  n32g45x_tim.o(i.TIM_ConfigPwmIc)
    TIM_DeInit                               0x08005f05   Thumb Code   244  n32g45x_tim.o(i.TIM_DeInit)
    TIM_Enable                               0x08005ff9   Thumb Code    18  n32g45x_tim.o(i.TIM_Enable)
    TIM_EnableCtrlPwmOutputs                 0x0800600b   Thumb Code    22  n32g45x_tim.o(i.TIM_EnableCtrlPwmOutputs)
    TIM_GetCap2                              0x08006021   Thumb Code     4  n32g45x_tim.o(i.TIM_GetCap2)
    TIM_GetCnt                               0x08006025   Thumb Code     4  n32g45x_tim.o(i.TIM_GetCnt)
    TIM_GetIntStatus                         0x08006029   Thumb Code    22  n32g45x_tim.o(i.TIM_GetIntStatus)
    TIM_ICInit                               0x08006041   Thumb Code   424  n32g45x_tim.o(i.TIM_ICInit)
    TIM_InitIcStruct                         0x080061fd   Thumb Code    16  n32g45x_tim.o(i.TIM_InitIcStruct)
    TIM_InitOc1                              0x0800620d   Thumb Code   104  n32g45x_tim.o(i.TIM_InitOc1)
    TIM_InitOc2                              0x08006275   Thumb Code   124  n32g45x_tim.o(i.TIM_InitOc2)
    TIM_InitOc4                              0x080062f1   Thumb Code    98  n32g45x_tim.o(i.TIM_InitOc4)
    TIM_InitOcStruct                         0x08006353   Thumb Code    20  n32g45x_tim.o(i.TIM_InitOcStruct)
    TIM_InitTimBaseStruct                    0x08006367   Thumb Code    30  n32g45x_tim.o(i.TIM_InitTimBaseStruct)
    TIM_InitTimeBase                         0x08006385   Thumb Code   292  n32g45x_tim.o(i.TIM_InitTimeBase)
    TIM_SelectInputTrig                      0x080064bd   Thumb Code    12  n32g45x_tim.o(i.TIM_SelectInputTrig)
    TIM_SelectSlaveMode                      0x080064c9   Thumb Code    16  n32g45x_tim.o(i.TIM_SelectSlaveMode)
    TIM_SetCmp1                              0x080064d9   Thumb Code     4  n32g45x_tim.o(i.TIM_SetCmp1)
    TIM_SetCmp2                              0x080064dd   Thumb Code     4  n32g45x_tim.o(i.TIM_SetCmp2)
    TIM_SetCmp4                              0x080064e1   Thumb Code     6  n32g45x_tim.o(i.TIM_SetCmp4)
    TIM_SetCnt                               0x080064e7   Thumb Code     4  n32g45x_tim.o(i.TIM_SetCnt)
    Target_Direct_get                        0x080064ed   Thumb Code    42  usartx.o(i.Target_Direct_get)
    UART4_IRQHandler                         0x0800651d   Thumb Code    58  usartx.o(i.UART4_IRQHandler)
    UART5_IRQHandler                         0x08006569   Thumb Code   166  usartx.o(i.UART5_IRQHandler)
    USART1_IRQHandler                        0x08006621   Thumb Code    56  usartx.o(i.USART1_IRQHandler)
    Usart1_Init                              0x08006669   Thumb Code   170  usartx.o(i.Usart1_Init)
    USART3_IRQHandler                        0x0800671d   Thumb Code    86  usartx.o(i.USART3_IRQHandler)
    USART_ClrFlag                            0x08006789   Thumb Code     6  n32g45x_usart.o(i.USART_ClrFlag)
    USART_ConfigInt                          0x0800678f   Thumb Code    48  n32g45x_usart.o(i.USART_ConfigInt)
    USART_DeInit                             0x080067bf   Thumb Code   228  n32g45x_usart.o(i.USART_DeInit)
    USART_Enable                             0x080068a3   Thumb Code    18  n32g45x_usart.o(i.USART_Enable)
    USART_EnableDMA                          0x080068b5   Thumb Code    16  n32g45x_usart.o(i.USART_EnableDMA)
    USART_GetIntStatus                       0x080068c5   Thumb Code    76  n32g45x_usart.o(i.USART_GetIntStatus)
    USART_Init                               0x08006911   Thumb Code   174  n32g45x_usart.o(i.USART_Init)
    USART_ReceiveData                        0x080069c5   Thumb Code     8  n32g45x_usart.o(i.USART_ReceiveData)
    USB_LP_CAN1_RX0_IRQHandler               0x080069cd   Thumb Code    18  user_can.o(i.USB_LP_CAN1_RX0_IRQHandler)
    Ultrasonic1_task                         0x080069e9   Thumb Code   294  balance.o(i.Ultrasonic1_task)
    Ultrasonic2_task                         0x08006b2d   Thumb Code   270  balance.o(i.Ultrasonic2_task)
    UltrasonicSetEnable                      0x08006c55   Thumb Code    42  led.o(i.UltrasonicSetEnable)
    Sbus_Data_Parsing                              0x08006c81   Thumb Code   286  usartx.o(i.Sbus_Data_Parsing)
    UsageFault_Handler                       0x08006da9   Thumb Code     2  n32g45x_it.o(i.UsageFault_Handler)
    Usart3_Init                              0x08006dad   Thumb Code   162  usartx.o(i.Usart3_Init)
    Uart4_Init                              0x08006e59   Thumb Code   226  usartx.o(i.Uart4_Init)
    Uart5_Init                              0x08006f51   Thumb Code   282  usartx.o(i.Uart5_Init)
    WANZER_PDO_Config                        0x08007089   Thumb Code   148  user_can.o(i.WANZER_PDO_Config)
    ZLAC8015D_PDO_Config                     0x08007125   Thumb Code   128  user_can.o(i.ZLAC8015D_PDO_Config)
    ZLAC8015_PDO_Config                      0x080071ad   Thumb Code   148  user_can.o(i.ZLAC8015_PDO_Config)
    __rt_ffs                                 0x08007249   Thumb Code    66  kservice.o(i.__rt_ffs)
    eMBEnable                                0x08007291   Thumb Code    30  mb.o(i.eMBEnable)
    eMBFuncReadCoils                         0x080072b5   Thumb Code    98  mbfunccoils.o(i.eMBFuncReadCoils)
    eMBFuncReadDiscreteInputs                0x08007317   Thumb Code   100  mbfuncdisc.o(i.eMBFuncReadDiscreteInputs)
    eMBFuncReadHoldingRegister               0x0800737b   Thumb Code    74  mbfuncholding.o(i.eMBFuncReadHoldingRegister)
    eMBFuncReadInputRegister                 0x080073c5   Thumb Code    80  mbfuncinput.o(i.eMBFuncReadInputRegister)
    eMBFuncReadWriteMultipleHoldingRegister  0x08007415   Thumb Code    98  mbfuncholding.o(i.eMBFuncReadWriteMultipleHoldingRegister)
    eMBFuncReportSlaveID                     0x08007479   Thumb Code    26  mbfuncother.o(i.eMBFuncReportSlaveID)
    eMBFuncWriteCoil                         0x0800749d   Thumb Code    44  mbfunccoils.o(i.eMBFuncWriteCoil)
    eMBFuncWriteHoldingRegister              0x080074c9   Thumb Code    24  mbfuncholding.o(i.eMBFuncWriteHoldingRegister)
    eMBFuncWriteMultipleCoils                0x080074e1   Thumb Code    80  mbfunccoils.o(i.eMBFuncWriteMultipleCoils)
    eMBFuncWriteMultipleHoldingRegister      0x08007531   Thumb Code    64  mbfuncholding.o(i.eMBFuncWriteMultipleHoldingRegister)
    eMBInit                                  0x08007571   Thumb Code    90  mb.o(i.eMBInit)
    eMBPoll                                  0x080075ed   Thumb Code   236  mb.o(i.eMBPoll)
    eMBRTUReceive                            0x080076f5   Thumb Code    90  mbrtu.o(i.eMBRTUReceive)
    eMBRTUStart                              0x08007759   Thumb Code    18  mbrtu.o(i.eMBRTUStart)
    eMBRTUStop                               0x08007771   Thumb Code    24  mbrtu.o(i.eMBRTUStop)
    getPDUData                               0x08007789   Thumb Code     4  mb.o(i.getPDUData)
    main                                     0x08007791   Thumb Code    50  main.o(i.main)
    modbus_task_init                         0x080077cd   Thumb Code   104  usartx.o(i.modbus_task_init)
    prveMBError2Exception                    0x0800783d   Thumb Code    24  mbutils.o(i.prveMBError2Exception)
    rt_application_init                      0x08007855   Thumb Code    50  application.o(i.rt_application_init)
    rt_enter_critical                        0x0800789d   Thumb Code    22  scheduler.o(i.rt_enter_critical)
    rt_exit_critical                         0x080078b9   Thumb Code   126  scheduler.o(i.rt_exit_critical)
    rt_free                                  0x08007945   Thumb Code   164  mem.o(i.rt_free)
    rt_hw_board_init                         0x080079f1   Thumb Code    56  bsp.o(i.rt_hw_board_init)
    rt_hw_hard_fault_exception               0x08007a31   Thumb Code    20  cpuport.o(i.rt_hw_hard_fault_exception)
    rt_hw_stack_init                         0x08007a49   Thumb Code    64  cpuport.o(i.rt_hw_stack_init)
    rt_interrupt_enter                       0x08007a8d   Thumb Code    22  irq.o(i.rt_interrupt_enter)
    rt_interrupt_leave                       0x08007aa9   Thumb Code    22  irq.o(i.rt_interrupt_leave)
    rt_malloc                                0x08007ac5   Thumb Code   270  mem.o(i.rt_malloc)
    rt_memset                                0x08007bdd   Thumb Code    52  kservice.o(i.rt_memset)
    rt_object_delete                         0x08007c11   Thumb Code    46  object.o(i.rt_object_delete)
    rt_object_detach                         0x08007c3f   Thumb Code    44  object.o(i.rt_object_detach)
    rt_object_get_information                0x08007c6d   Thumb Code    68  object.o(i.rt_object_get_information)
    rt_object_init                           0x08007cb5   Thumb Code    84  object.o(i.rt_object_init)
    rt_object_is_systemobject                0x08007d09   Thumb Code    12  object.o(i.rt_object_is_systemobject)
    rt_schedule                              0x08007d15   Thumb Code    86  scheduler.o(i.rt_schedule)
    rt_schedule_insert_thread                0x08007d79   Thumb Code    72  scheduler.o(i.rt_schedule_insert_thread)
    rt_schedule_remove_thread                0x08007dc9   Thumb Code    70  scheduler.o(i.rt_schedule_remove_thread)
    rt_sem_init                              0x08007e19   Thumb Code    32  ipc.o(i.rt_sem_init)
    rt_sem_release                           0x08007e39   Thumb Code    54  ipc.o(i.rt_sem_release)
    rt_sem_take                              0x08007e71   Thumb Code   208  ipc.o(i.rt_sem_take)
    rt_strncpy                               0x08007f41   Thumb Code    98  kservice.o(i.rt_strncpy)
    rt_system_heap_init                      0x08007fa5   Thumb Code    86  mem.o(i.rt_system_heap_init)
    rt_system_scheduler_init                 0x0800800d   Thumb Code    50  scheduler.o(i.rt_system_scheduler_init)
    rt_system_scheduler_start                0x0800804d   Thumb Code    32  scheduler.o(i.rt_system_scheduler_start)
    rt_system_timer_init                     0x08008075   Thumb Code     8  timer.o(i.rt_system_timer_init)
    rt_system_timer_thread_init              0x08008081   Thumb Code     2  timer.o(i.rt_system_timer_thread_init)
    rt_thread_delay                          0x08008085   Thumb Code   114  thread.o(i.rt_thread_delay)
    rt_thread_exit                           0x080080fd   Thumb Code    88  thread.o(i.rt_thread_exit)
    rt_thread_idle_init                      0x080081e5   Thumb Code    40  idle.o(i.rt_thread_idle_init)
    rt_thread_init                           0x08008221   Thumb Code   128  thread.o(i.rt_thread_init)
    rt_thread_resume                         0x080082a9   Thumb Code    72  thread.o(i.rt_thread_resume)
    rt_thread_self                           0x080082f1   Thumb Code     6  thread.o(i.rt_thread_self)
    rt_thread_startup                        0x080082fd   Thumb Code    88  thread.o(i.rt_thread_startup)
    rt_thread_suspend                        0x08008359   Thumb Code    68  thread.o(i.rt_thread_suspend)
    rt_thread_timeout                        0x0800839d   Thumb Code    40  thread.o(i.rt_thread_timeout)
    rt_thread_yield                          0x080083c5   Thumb Code    92  thread.o(i.rt_thread_yield)
    rt_tick_get                              0x08008429   Thumb Code     6  clock.o(i.rt_tick_get)
    rt_tick_increase                         0x08008435   Thumb Code    38  clock.o(i.rt_tick_increase)
    rt_timer_check                           0x08008461   Thumb Code   272  timer.o(i.rt_timer_check)
    rt_timer_control                         0x08008575   Thumb Code    50  timer.o(i.rt_timer_control)
    rt_timer_detach                          0x080085a7   Thumb Code    42  timer.o(i.rt_timer_detach)
    rt_timer_init                            0x080085d1   Thumb Code    50  timer.o(i.rt_timer_init)
    rt_timer_start                           0x08008605   Thumb Code   162  timer.o(i.rt_timer_start)
    rt_timer_stop                            0x080086b1   Thumb Code    58  timer.o(i.rt_timer_stop)
    sqrtf                                    0x080086fb   Thumb Code    62  sqrtf.o(i.sqrtf)
    uart1_dma_config                         0x08008739   Thumb Code   206  usartx.o(i.uart1_dma_config)
    uart3_dma_config                         0x08008821   Thumb Code   204  usartx.o(i.uart3_dma_config)
    Uart4_Dma_Config                         0x08008905   Thumb Code   206  usartx.o(i.Uart4_Dma_Config)
    usMBCRC16                                0x080089ed   Thumb Code    58  mbcrc.o(i.usMBCRC16)
    vMBPortSerialEnable                      0x08008a2d   Thumb Code     2  portserial.o(i.vMBPortSerialEnable)
    xMBPortEventGet                          0x08008a31   Thumb Code    24  portevent.o(i.xMBPortEventGet)
    xMBPortEventInit                         0x08008a4d   Thumb Code    10  portevent.o(i.xMBPortEventInit)
    xMBPortEventPost                         0x08008a5d   Thumb Code    12  portevent.o(i.xMBPortEventPost)
    xMBPortSerialPutByte                     0x08008a6d   Thumb Code     4  portserial.o(i.xMBPortSerialPutByte)
    xMBRTUReceiveFSM                         0x08008a71   Thumb Code    42  mbrtu.o(i.xMBRTUReceiveFSM)
    xMBRTUTimerT35Expired                    0x08008aa5   Thumb Code    34  mbrtu.o(i.xMBRTUTimerT35Expired)
    xMBRTUTransmitFSM                        0x08008acd   Thumb Code    76  mbrtu.o(i.xMBRTUTransmitFSM)
    __aeabi_d2f                              0x08008b1d   Thumb Code     0  d2f.o(x$fpl$d2f)
    _d2f                                     0x08008b1d   Thumb Code    98  d2f.o(x$fpl$d2f)
    __aeabi_dadd                             0x08008b81   Thumb Code     0  daddsub_clz.o(x$fpl$dadd)
    _dadd                                    0x08008b81   Thumb Code   332  daddsub_clz.o(x$fpl$dadd)
    __fpl_dcmp_Inf                           0x08008cd1   Thumb Code    24  dcmpi.o(x$fpl$dcmpinf)
    __aeabi_ddiv                             0x08008ce9   Thumb Code     0  ddiv.o(x$fpl$ddiv)
    _ddiv                                    0x08008ce9   Thumb Code   552  ddiv.o(x$fpl$ddiv)
    __aeabi_d2iz                             0x08008f99   Thumb Code     0  dfix.o(x$fpl$dfix)
    _dfix                                    0x08008f99   Thumb Code    94  dfix.o(x$fpl$dfix)
    __aeabi_d2uiz                            0x08008ff9   Thumb Code     0  dfixu.o(x$fpl$dfixu)
    _dfixu                                   0x08008ff9   Thumb Code    90  dfixu.o(x$fpl$dfixu)
    __aeabi_i2d                              0x08009053   Thumb Code     0  dflt_clz.o(x$fpl$dflt)
    _dflt                                    0x08009053   Thumb Code    46  dflt_clz.o(x$fpl$dflt)
    __aeabi_ui2d                             0x08009081   Thumb Code     0  dflt_clz.o(x$fpl$dfltu)
    _dfltu                                   0x08009081   Thumb Code    38  dflt_clz.o(x$fpl$dfltu)
    __aeabi_cdcmple                          0x080090a9   Thumb Code     0  dleqf.o(x$fpl$dleqf)
    _dcmple                                  0x080090a9   Thumb Code   120  dleqf.o(x$fpl$dleqf)
    __fpl_dcmple_InfNaN                      0x0800910b   Thumb Code     0  dleqf.o(x$fpl$dleqf)
    __aeabi_dmul                             0x08009121   Thumb Code     0  dmul.o(x$fpl$dmul)
    _dmul                                    0x08009121   Thumb Code   332  dmul.o(x$fpl$dmul)
    __fpl_dnaninf                            0x08009275   Thumb Code   156  dnaninf.o(x$fpl$dnaninf)
    __fpl_dretinf                            0x08009311   Thumb Code    12  dretinf.o(x$fpl$dretinf)
    __aeabi_cdrcmple                         0x0800931d   Thumb Code     0  drleqf.o(x$fpl$drleqf)
    _drcmple                                 0x0800931d   Thumb Code   108  drleqf.o(x$fpl$drleqf)
    __aeabi_dsub                             0x08009389   Thumb Code     0  daddsub_clz.o(x$fpl$dsub)
    _dsub                                    0x08009389   Thumb Code   464  daddsub_clz.o(x$fpl$dsub)
    __aeabi_f2d                              0x0800955d   Thumb Code     0  f2d.o(x$fpl$f2d)
    _f2d                                     0x0800955d   Thumb Code    86  f2d.o(x$fpl$f2d)
    __fpl_fnaninf                            0x080095b3   Thumb Code   140  fnaninf.o(x$fpl$fnaninf)
    _fp_init                                 0x0800963f   Thumb Code    10  fpinit.o(x$fpl$fpinit)
    __fplib_config_fpu_vfp                   0x08009647   Thumb Code     0  fpinit.o(x$fpl$fpinit)
    __fplib_config_pureend_doubles           0x08009647   Thumb Code     0  fpinit.o(x$fpl$fpinit)
    __fpl_fretinf                            0x08009649   Thumb Code    10  fretinf.o(x$fpl$fretinf)
    __I$use$fp                               0x08009652   Number         0  usenofp.o(x$fpl$usenofp)
    __lowest_bit_bitmap                      0x08009692   Data         256  kservice.o(.constdata)
    __rt_init_rti_start                      0x08009cb0   Data           4  components.o(.rti_fn.0)
    __rt_init_rti_board_start                0x08009cb4   Data           4  components.o(.rti_fn.0.end)
    __rt_init_rti_board_end                  0x08009cb8   Data           4  components.o(.rti_fn.1.end)
    __rt_init_rti_end                        0x08009cbc   Data           4  components.o(.rti_fn.6.end)
    Region$$Table$$Base                      0x08009cc0   Number         0  anon$$obj.o(Region$$Table)
    Region$$Table$$Limit                     0x08009ce0   Number         0  anon$$obj.o(Region$$Table)
    SystemCoreClock                          0x20000000   Data           4  system_n32g45x.o(.data)
    Wheel_perimeter                          0x20000004   Data           4  application.o(.data)
    Wheel_spacing                            0x20000008   Data           4  application.o(.data)
    Axle_spacing                             0x2000000c   Data           4  application.o(.data)
    Omni_turn_radiaus                        0x20000010   Data           4  application.o(.data)
    g_emCarMode                              0x20000014   Data           1  application.o(.data)
    Flag_Stop                                0x20000015   Data           1  application.o(.data)
    g_eControl_Mode                          0x20000016   Data           1  application.o(.data)
    g_ucRemote_Flag                          0x20000017   Data           1  application.o(.data)
    g_ucRos_Flag                             0x20000018   Data           1  application.o(.data)
    rc_ptr                                   0x2000001c   Data           4  application.o(.data)
    motorA_ptr                               0x20000020   Data           4  application.o(.data)
    motorB_ptr                               0x20000024   Data           4  application.o(.data)
    motorC_ptr                               0x20000028   Data           4  application.o(.data)
    motorD_ptr                               0x2000002c   Data           4  application.o(.data)
    guide_flag                               0x20000030   Data           1  charger.o(.data)
    ChipEndFlag                              0x20000031   Data           1  charger.o(.data)
    RGB_ChangeFlag                           0x20000032   Data           1  charger.o(.data)
    RGB_ArrayNum                             0x20000033   Data           1  charger.o(.data)
    high_count                               0x20000036   Data           2  charger.o(.data)
    Receive_i                                0x2000003c   Data           4  charger.o(.data)
    BitEnd                                   0x20000040   Data           4  charger.o(.data)
    RGB_i                                    0x20000044   Data           4  charger.o(.data)
    bit_i                                    0x20000048   Data           4  charger.o(.data)
    RGB_Array                                0x20000060   Data          72  charger.o(.data)
    RGB_Charging                             0x200000a8   Data          72  charger.o(.data)
    RGB_Charged                              0x200000f0   Data          72  charger.o(.data)
    RGB_Error                                0x20000138   Data          72  charger.o(.data)
    rt_interrupt_nest                        0x20000184   Data           1  irq.o(.data)
    rt_current_priority                      0x200001f0   Data           1  scheduler.o(.data)
    rt_current_thread                        0x200001f4   Data           4  scheduler.o(.data)
    rt_thread_ready_priority_group           0x200001f8   Data           4  scheduler.o(.data)
    rt_thread_defunct                        0x200001fc   Data           8  scheduler.o(.data)
    rt_interrupt_from_thread                 0x20000214   Data           4  cpuport.o(.data)
    rt_interrupt_to_thread                   0x20000218   Data           4  cpuport.o(.data)
    rt_thread_switch_interrupt_flag          0x2000021c   Data           4  cpuport.o(.data)
    send_number                              0x20000224   Data           4  user_can.o(.data)
    uart3_recv_flag                          0x2000022c   Data           1  usartx.o(.data)
    uart3_recv_len                           0x2000022d   Data           1  usartx.o(.data)
    uart3_send_flag                          0x2000022e   Data           1  usartx.o(.data)
    ucRcvReady                               0x2000022f   Data           1  usartx.o(.data)
    is_connect                               0x20000230   Data           1  usartx.o(.data)
    usart1_recv_flag                          0x20000234   Data           4  usartx.o(.data)
    usart1_recv_len                           0x20000238   Data           4  usartx.o(.data)
    usart1_send_len                           0x2000023c   Data           4  usartx.o(.data)
    usart1_send_flag                          0x20000240   Data           4  usartx.o(.data)
    uart4_recv_flag                          0x20000244   Data           4  usartx.o(.data)
    uart4_recv_len                           0x20000248   Data           4  usartx.o(.data)
    uart4_send_flag                          0x2000024c   Data           4  usartx.o(.data)
    ucRcvCount                               0x20000250   Data           4  usartx.o(.data)
    g_nVelocity                              0x20000254   Data           4  usartx.o(.data)
    g_nDirector                              0x20000258   Data           4  usartx.o(.data)
    g_fltRecv_Vel_X                          0x2000025c   Data           4  usartx.o(.data)
    g_fltRecv_Vel_Y                          0x20000260   Data           4  usartx.o(.data)
    g_fltRecv_Vel_Z                          0x20000264   Data           4  usartx.o(.data)
    remote_off_line_check                    0x20000268   Data           4  usartx.o(.data)
    g_ucLightOnFlag                          0x20000270   Data           1  usartx.o(.data)
    pxMBFrameCBByteReceived                  0x20000290   Data           4  mb.o(.data)
    pxMBFrameCBTransmitterEmpty              0x20000294   Data           4  mb.o(.data)
    pxMBPortCBTimerExpired                   0x20000298   Data           4  mb.o(.data)
    ucRTUBuf                                 0x20000324   Data           4  mbrtu.o(.data)
    Motor_Number                             0x20000330   Data           4  motor.o(.data)
    Slave_Number                             0x20000334   Data           4  motor.o(.data)
    motor_CANid_map                               0x20000338   Data           4  motor.o(.data)
    motor_model_map                            0x20000340   Data           8  motor.o(.data)
    ultrasonic_t1tig                         0x20000348   Data           1  balance.o(.data)
    ultrasonic_t2tig                         0x20000349   Data           1  balance.o(.data)
    f1_cnt                                   0x2000034a   Data           1  balance.o(.data)
    f2_cnt                                   0x2000034b   Data           1  balance.o(.data)
    SPI_ReadWriteCycle                       0x2000034c   Data           1  balance.o(.data)
    IrDA_SendState                           0x2000034d   Data           1  balance.o(.data)
    SendCout                                 0x2000034e   Data           1  balance.o(.data)
    SendGuide_Flag                           0x2000034f   Data           1  balance.o(.data)
    SendData                                 0x20000350   Data           1  balance.o(.data)
    IrDA_AlignOK                             0x20000351   Data           1  balance.o(.data)
    LimitSwitch_OK                           0x20000352   Data           1  balance.o(.data)
    CH_ON                                    0x20000353   Data           1  balance.o(.data)
    SPI_Master_Rx_Buffer                     0x20000355   Data           1  balance.o(.data)
    exio_input                               0x20000356   Data           1  balance.o(.data)
    exio_output                              0x20000357   Data           1  balance.o(.data)
    ReceiveData                              0x20000358   Data           1  balance.o(.data)
    emergency_stop                           0x20000359   Data           1  balance.o(.data)
    error_code                               0x2000035a   Data           2  balance.o(.data)
    Move_X                                   0x20000360   Data           4  balance.o(.data)
    Move_Y                                   0x20000364   Data           4  balance.o(.data)
    Move_Z                                   0x20000368   Data           4  balance.o(.data)
    g_nVol_get_Flag                          0x2000036c   Data           4  balance.o(.data)
    g_fltProprity_Voltage                    0x20000370   Data           4  balance.o(.data)
    ultrasonic_t1tig_time                    0x20000374   Data           4  balance.o(.data)
    ultrasonic_t2tig_time                    0x20000378   Data           4  balance.o(.data)
    ultrasonic_t1tig_heartbeat               0x2000037c   Data           4  balance.o(.data)
    ultrasonic_t2tig_heartbeat               0x20000380   Data           4  balance.o(.data)
    SPI_heartbeat                            0x20000384   Data           4  balance.o(.data)
    Send_i                                   0x20000388   Data           4  balance.o(.data)
    BitFree                                  0x2000038c   Data           4  balance.o(.data)
    FourWheer_Perimeter                      0x200003a4   Data           4  balance.o(.data)
    FourWheer_Conversion                     0x200003a8   Data           4  balance.o(.data)
    VelocityToRpmConversion                  0x200003ac   Data           4  balance.o(.data)
    AngularVelocityConversion                0x200003b0   Data           4  balance.o(.data)
    robot_control                            0x200003b4   Data           1  robot_select_init.o(.data)
    EncPos                                   0x200003bc   Data           4  rc_car.o(.data)
    ratio                                    0x200003c0   Data           4  rc_car.o(.data)
    encoder_accuracy                         0x200003c4   Data           4  rc_car.o(.data)
    tire_diameter                            0x200003c8   Data           4  rc_car.o(.data)
    tire_speed                               0x200003cc   Data           4  rc_car.o(.data)
    mileage                                  0x200003d0   Data           4  rc_car.o(.data)
    tire_speed_factor                        0x200003d4   Data           4  rc_car.o(.data)
    TIML                                     0x200003d8   Data           4  rc_car.o(.data)
    TIMA                                     0x200003dc   Data           4  rc_car.o(.data)
    TIMx                                     0x200003e0   Data           4  rc_car.o(.data)
    pdu                                      0x200003e4   Data           4  rc_car.o(.data)
    mileage_factor                           0x200003e8   Data           4  rc_car.o(.data)
    MOTOR_A                                  0x2000289c   Data          16  application.o(.bss)
    MOTOR_B                                  0x200028ac   Data          16  application.o(.bss)
    MOTOR_C                                  0x200028bc   Data          16  application.o(.bss)
    MOTOR_D                                  0x200028cc   Data          16  application.o(.bss)
    rt_thread_priority_table                 0x20002a74   Data         256  scheduler.o(.bss)
    usart1_recv_data                          0x20002b74   Data        2560  usartx.o(.bss)
    usart1_send_data                          0x20003574   Data         256  usartx.o(.bss)
    uart3_recv_data                          0x20003674   Data          25  usartx.o(.bss)
    uart3_send_data                          0x2000368d   Data          50  usartx.o(.bss)
    uart4_recv_data                          0x200036bf   Data         500  usartx.o(.bss)
    uart4_send_data                          0x200038b3   Data          25  usartx.o(.bss)
    Uart5_Buffer                             0x200038cc   Data         200  usartx.o(.bss)
    Send_Data                                0x20003994   Data          28  usartx.o(.bss)
    Receive_Data                             0x200039b0   Data          32  usartx.o(.bss)
    tagSBUS_CH                               0x200039d0   Data          34  usartx.o(.bss)
    PduData                                  0x200039f4   Data          20  mb.o(.bss)
    R_value                                  0x20003a08   Data          10  mb.o(.bss)
    mtd                                      0x20004204   Data         240  motor.o(.bss)
    mrd                                      0x200042f4   Data         240  motor.o(.bss)
    tagSmooth_control                        0x2000463c   Data          12  balance.o(.bss)
    light_time                               0x20004648   Data          68  balance.o(.bss)
    ultrasonic1_filtering                    0x2000468c   Data          16  balance.o(.bss)
    ultrasonic2_filtering                    0x2000469c   Data          16  balance.o(.bss)
    Robot_Parament                           0x200046ac   Data          20  robot_select_init.o(.bss)
    __libspace_start                         0x200046c0   Data          96  libspace.o(.bss)
    __temporary_stack_top$libspace           0x20004720   Data           0  libspace.o(.bss)



==============================================================================

Memory Map of the image

  Image Entry point : 0x08000279

  Load Region LR_1 (Base: 0x08000000, Size: 0x0000a0cc, Max: 0xffffffff, ABSOLUTE, COMPRESSED[0x00009dc4])

    Execution Region ER_RO (Exec base: 0x08000000, Load base: 0x08000000, Size: 0x00009ce0, Max: 0xffffffff, ABSOLUTE)

    Exec Addr    Load Addr    Size         Type   Attr      Idx    E Section Name        Object

    0x08000000   0x08000000   0x00000198   Data   RO            3    RESET               startup_n32g45x.o
    0x08000198   0x08000198   0x00000008   Code   RO         5393  * !!!main             c_w.l(__main.o)
    0x080001a0   0x080001a0   0x00000034   Code   RO         5618    !!!scatter          c_w.l(__scatter.o)
    0x080001d4   0x080001d4   0x0000005a   Code   RO         5616    !!dczerorl2         c_w.l(__dczerorl2.o)
    0x0800022e   0x0800022e   0x00000002   PAD
    0x08000230   0x08000230   0x0000001c   Code   RO         5620    !!handler_zi        c_w.l(__scatter_zi.o)
    0x0800024c   0x0800024c   0x00000002   Code   RO         5487    .ARM.Collect$$libinit$$00000000  c_w.l(libinit.o)
    0x0800024e   0x0800024e   0x00000004   Code   RO         5490    .ARM.Collect$$libinit$$00000001  c_w.l(libinit2.o)
    0x08000252   0x08000252   0x00000000   Code   RO         5493    .ARM.Collect$$libinit$$00000004  c_w.l(libinit2.o)
    0x08000252   0x08000252   0x00000000   Code   RO         5496    .ARM.Collect$$libinit$$0000000A  c_w.l(libinit2.o)
    0x08000252   0x08000252   0x00000000   Code   RO         5498    .ARM.Collect$$libinit$$0000000C  c_w.l(libinit2.o)
    0x08000252   0x08000252   0x00000000   Code   RO         5500    .ARM.Collect$$libinit$$0000000E  c_w.l(libinit2.o)
    0x08000252   0x08000252   0x00000000   Code   RO         5503    .ARM.Collect$$libinit$$00000011  c_w.l(libinit2.o)
    0x08000252   0x08000252   0x00000000   Code   RO         5505    .ARM.Collect$$libinit$$00000013  c_w.l(libinit2.o)
    0x08000252   0x08000252   0x00000000   Code   RO         5507    .ARM.Collect$$libinit$$00000015  c_w.l(libinit2.o)
    0x08000252   0x08000252   0x00000000   Code   RO         5509    .ARM.Collect$$libinit$$00000017  c_w.l(libinit2.o)
    0x08000252   0x08000252   0x00000000   Code   RO         5511    .ARM.Collect$$libinit$$00000019  c_w.l(libinit2.o)
    0x08000252   0x08000252   0x00000000   Code   RO         5513    .ARM.Collect$$libinit$$0000001B  c_w.l(libinit2.o)
    0x08000252   0x08000252   0x00000000   Code   RO         5515    .ARM.Collect$$libinit$$0000001D  c_w.l(libinit2.o)
    0x08000252   0x08000252   0x00000000   Code   RO         5517    .ARM.Collect$$libinit$$0000001F  c_w.l(libinit2.o)
    0x08000252   0x08000252   0x00000000   Code   RO         5519    .ARM.Collect$$libinit$$00000021  c_w.l(libinit2.o)
    0x08000252   0x08000252   0x00000000   Code   RO         5521    .ARM.Collect$$libinit$$00000023  c_w.l(libinit2.o)
    0x08000252   0x08000252   0x00000000   Code   RO         5523    .ARM.Collect$$libinit$$00000025  c_w.l(libinit2.o)
    0x08000252   0x08000252   0x00000000   Code   RO         5527    .ARM.Collect$$libinit$$0000002C  c_w.l(libinit2.o)
    0x08000252   0x08000252   0x00000000   Code   RO         5529    .ARM.Collect$$libinit$$0000002E  c_w.l(libinit2.o)
    0x08000252   0x08000252   0x00000000   Code   RO         5531    .ARM.Collect$$libinit$$00000030  c_w.l(libinit2.o)
    0x08000252   0x08000252   0x00000000   Code   RO         5533    .ARM.Collect$$libinit$$00000032  c_w.l(libinit2.o)
    0x08000252   0x08000252   0x00000002   Code   RO         5534    .ARM.Collect$$libinit$$00000033  c_w.l(libinit2.o)
    0x08000254   0x08000254   0x00000002   Code   RO         5554    .ARM.Collect$$libshutdown$$00000000  c_w.l(libshutdown.o)
    0x08000256   0x08000256   0x00000000   Code   RO         5567    .ARM.Collect$$libshutdown$$00000002  c_w.l(libshutdown2.o)
    0x08000256   0x08000256   0x00000000   Code   RO         5569    .ARM.Collect$$libshutdown$$00000004  c_w.l(libshutdown2.o)
    0x08000256   0x08000256   0x00000000   Code   RO         5571    .ARM.Collect$$libshutdown$$00000006  c_w.l(libshutdown2.o)
    0x08000256   0x08000256   0x00000000   Code   RO         5574    .ARM.Collect$$libshutdown$$00000009  c_w.l(libshutdown2.o)
    0x08000256   0x08000256   0x00000000   Code   RO         5577    .ARM.Collect$$libshutdown$$0000000C  c_w.l(libshutdown2.o)
    0x08000256   0x08000256   0x00000000   Code   RO         5579    .ARM.Collect$$libshutdown$$0000000E  c_w.l(libshutdown2.o)
    0x08000256   0x08000256   0x00000000   Code   RO         5582    .ARM.Collect$$libshutdown$$00000011  c_w.l(libshutdown2.o)
    0x08000256   0x08000256   0x00000002   Code   RO         5583    .ARM.Collect$$libshutdown$$00000012  c_w.l(libshutdown2.o)
    0x08000258   0x08000258   0x00000000   Code   RO         5439    .ARM.Collect$$rtentry$$00000000  c_w.l(__rtentry.o)
    0x08000258   0x08000258   0x00000000   Code   RO         5454    .ARM.Collect$$rtentry$$00000002  c_w.l(__rtentry2.o)
    0x08000258   0x08000258   0x00000006   Code   RO         5466    .ARM.Collect$$rtentry$$00000004  c_w.l(__rtentry4.o)
    0x0800025e   0x0800025e   0x00000000   Code   RO         5456    .ARM.Collect$$rtentry$$00000009  c_w.l(__rtentry2.o)
    0x0800025e   0x0800025e   0x00000004   Code   RO         5457    .ARM.Collect$$rtentry$$0000000A  c_w.l(__rtentry2.o)
    0x08000262   0x08000262   0x00000000   Code   RO         5459    .ARM.Collect$$rtentry$$0000000C  c_w.l(__rtentry2.o)
    0x08000262   0x08000262   0x00000008   Code   RO         5460    .ARM.Collect$$rtentry$$0000000D  c_w.l(__rtentry2.o)
    0x0800026a   0x0800026a   0x00000002   Code   RO         5488    .ARM.Collect$$rtexit$$00000000  c_w.l(rtexit.o)
    0x0800026c   0x0800026c   0x00000000   Code   RO         5536    .ARM.Collect$$rtexit$$00000002  c_w.l(rtexit2.o)
    0x0800026c   0x0800026c   0x00000004   Code   RO         5537    .ARM.Collect$$rtexit$$00000003  c_w.l(rtexit2.o)
    0x08000270   0x08000270   0x00000006   Code   RO         5538    .ARM.Collect$$rtexit$$00000004  c_w.l(rtexit2.o)
    0x08000276   0x08000276   0x00000002   PAD
    0x08000278   0x08000278   0x00000040   Code   RO            4  * .text               startup_n32g45x.o
    0x080002b8   0x080002b8   0x00000134   Code   RO         3778    .text               context_rvds.o
    0x080003ec   0x080003ec   0x0000008a   Code   RO         5383    .text               c_w.l(rt_memcpy_v6.o)
    0x08000476   0x08000476   0x00000064   Code   RO         5385    .text               c_w.l(rt_memcpy_w.o)
    0x080004da   0x080004da   0x00000044   Code   RO         5387    .text               c_w.l(rt_memclr.o)
    0x0800051e   0x0800051e   0x0000004e   Code   RO         5389    .text               c_w.l(rt_memclr_w.o)
    0x0800056c   0x0800056c   0x00000006   Code   RO         5391    .text               c_w.l(heapauxi.o)
    0x08000572   0x08000572   0x00000016   Code   RO         5440    .text               c_w.l(_rserrno.o)
    0x08000588   0x08000588   0x00000008   Code   RO         5471    .text               c_w.l(rt_errno_addr_intlibspace.o)
    0x08000590   0x08000590   0x00000008   Code   RO         5475    .text               c_w.l(libspace.o)
    0x08000598   0x08000598   0x0000004a   Code   RO         5478    .text               c_w.l(sys_stackheap_outer.o)
    0x080005e2   0x080005e2   0x00000012   Code   RO         5480    .text               c_w.l(exit.o)
    0x080005f4   0x080005f4   0x0000000c   Code   RO         5546    .text               c_w.l(sys_exit.o)
    0x08000600   0x08000600   0x00000002   Code   RO         5557    .text               c_w.l(use_no_semi.o)
    0x08000602   0x08000602   0x00000000   Code   RO         5559    .text               c_w.l(indicate_semi.o)
    0x08000602   0x08000602   0x0000000a   Code   RO         2066    i.ADC_ClearFlag     n32g45x_adc.o
    0x0800060c   0x0800060c   0x00000084   Code   RO         2071    i.ADC_ConfigClk     n32g45x_adc.o
    0x08000690   0x08000690   0x000000a8   Code   RO         2077    i.ADC_ConfigRegularChannel  n32g45x_adc.o
    0x08000738   0x08000738   0x0000001c   Code   RO         2079    i.ADC_Enable        n32g45x_adc.o
    0x08000754   0x08000754   0x00000012   Code   RO         2086    i.ADC_EnableSoftwareStartConv  n32g45x_adc.o
    0x08000766   0x08000766   0x00000018   Code   RO         2089    i.ADC_GetCalibrationStatus  n32g45x_adc.o
    0x0800077e   0x0800077e   0x00000006   Code   RO         2090    i.ADC_GetDat        n32g45x_adc.o
    0x08000784   0x08000784   0x00000062   Code   RO         4424    i.ADC_GetData       user_adc.o
    0x080007e6   0x080007e6   0x0000000e   Code   RO         2092    i.ADC_GetFlagStatus  n32g45x_adc.o
    0x080007f4   0x080007f4   0x0000000e   Code   RO         2093    i.ADC_GetFlagStatusNew  n32g45x_adc.o
    0x08000802   0x08000802   0x00000002   PAD
    0x08000804   0x08000804   0x00000050   Code   RO         2098    i.ADC_Init          n32g45x_adc.o
    0x08000854   0x08000854   0x00000050   Code   RO         4425    i.ADC_Initial       user_adc.o
    0x080008a4   0x080008a4   0x00000018   Code   RO         2106    i.ADC_StartCalibration  n32g45x_adc.o
    0x080008bc   0x080008bc   0x00000148   Code   RO         4426    i.ADC_task          user_adc.o
    0x08000a04   0x08000a04   0x00000008   Code   RO         4136    i.Abs_int           usartx.o
    0x08000a0c   0x08000a0c   0x0000009c   Code   RO         4427    i.Adc_Init          user_adc.o
    0x08000aa8   0x08000aa8   0x000006e0   Code   RO         5066    i.Balance_task      balance.o
    0x08001188   0x08001188   0x00000078   Code   RO         5067    i.BatteryInfoInit   balance.o
    0x08001200   0x08001200   0x00000228   Code   RO         5068    i.BatteryInformation  balance.o
    0x08001428   0x08001428   0x00000002   Code   RO         2651    i.BusFault_Handler  n32g45x_it.o
    0x0800142a   0x0800142a   0x00000002   PAD
    0x0800142c   0x0800142c   0x000000f0   Code   RO          237    i.CAN1_InitFilter   n32g45x_can.o
    0x0800151c   0x0800151c   0x000000f0   Code   RO          238    i.CAN2_InitFilter   n32g45x_can.o
    0x0800160c   0x0800160c   0x0000001c   Code   RO         3895    i.CAN2_RX0_IRQHandler  user_can.o
    0x08001628   0x08001628   0x00000034   Code   RO          240    i.CAN_ClearFlag     n32g45x_can.o
    0x0800165c   0x0800165c   0x000000fc   Code   RO         3896    i.CAN_Config        user_can.o
    0x08001758   0x08001758   0x0000003a   Code   RO          242    i.CAN_DeInit        n32g45x_can.o
    0x08001792   0x08001792   0x00000010   Code   RO          251    i.CAN_INTConfig     n32g45x_can.o
    0x080017a2   0x080017a2   0x00000002   PAD
    0x080017a4   0x080017a4   0x000000f4   Code   RO          252    i.CAN_Init          n32g45x_can.o
    0x08001898   0x08001898   0x00000020   Code   RO          253    i.CAN_InitStruct    n32g45x_can.o
    0x080018b8   0x080018b8   0x000000b4   Code   RO          256    i.CAN_ReceiveMessage  n32g45x_can.o
    0x0800196c   0x0800196c   0x000000e6   Code   RO          258    i.CAN_TransmitMessage  n32g45x_can.o
    0x08001a52   0x08001a52   0x00000002   PAD
    0x08001a54   0x08001a54   0x000001b0   Code   RO         3902    i.CanIRQProcess     user_can.o
    0x08001c04   0x08001c04   0x00000094   Code   RO         3903    i.CanIRQProcessFor8015D  user_can.o
    0x08001c98   0x08001c98   0x000000bc   Code   RO         3904    i.Can_Driver_Init   user_can.o
    0x08001d54   0x08001d54   0x00000170   Code   RO         3905    i.Can_task          user_can.o
    0x08001ec4   0x08001ec4   0x00000288   Code   RO         5070    i.Car_Light_Control  balance.o
    0x0800214c   0x0800214c   0x00000054   Code   RO         2739    i.ChargeDetection_Init  charger.o
    0x080021a0   0x080021a0   0x0000007a   Code   RO         1075    i.ConfigTI2         n32g45x_tim.o
    0x0800221a   0x0800221a   0x00000002   PAD
    0x0800221c   0x0800221c   0x000000e8   Code   RO         4138    i.DATA_task         usartx.o
    0x08002304   0x08002304   0x00000038   Code   RO         4139    i.DMA1_Channel2_IRQHandler  usartx.o
    0x0800233c   0x0800233c   0x0000003c   Code   RO         4141    i.DMA1_Channel4_IRQHandler  usartx.o
    0x08002378   0x08002378   0x00000068   Code   RO         4143    i.DMA2_Channel5_IRQHandler  usartx.o
    0x080023e0   0x080023e0   0x00000004   Code   RO          400    i.DMA_ClrIntPendingBit  n32g45x_dma.o
    0x080023e4   0x080023e4   0x00000010   Code   RO          401    i.DMA_ConfigInt     n32g45x_dma.o
    0x080023f4   0x080023f4   0x00000144   Code   RO          402    i.DMA_DeInit        n32g45x_dma.o
    0x08002538   0x08002538   0x00000014   Code   RO          403    i.DMA_EnableChannel  n32g45x_dma.o
    0x0800254c   0x0800254c   0x00000006   Code   RO          404    i.DMA_GetCurrDataCounter  n32g45x_dma.o
    0x08002552   0x08002552   0x0000000e   Code   RO          406    i.DMA_GetIntStatus  n32g45x_dma.o
    0x08002560   0x08002560   0x00000052   Code   RO          407    i.DMA_Init          n32g45x_dma.o
    0x080025b2   0x080025b2   0x00000010   Code   RO          408    i.DMA_RequestRemap  n32g45x_dma.o
    0x080025c2   0x080025c2   0x00000004   Code   RO          409    i.DMA_SetCurrDataCounter  n32g45x_dma.o
    0x080025c6   0x080025c6   0x0000001a   Code   RO          410    i.DMA_StructInit    n32g45x_dma.o
    0x080025e0   0x080025e0   0x00000300   Code   RO         4144    i.Data_transition   usartx.o
    0x080028e0   0x080028e0   0x00000002   Code   RO         2652    i.DebugMon_Handler  n32g45x_it.o
    0x080028e2   0x080028e2   0x00000002   PAD
    0x080028e4   0x080028e4   0x00000164   Code   RO         5071    i.Drive_Motor       balance.o
    0x08002a48   0x08002a48   0x00000074   Code   RO         2653    i.EXTI4_IRQHandler  n32g45x_it.o
    0x08002abc   0x08002abc   0x00000060   Code   RO         2654    i.EXTI9_5_IRQHandler  n32g45x_it.o
    0x08002b1c   0x08002b1c   0x0000000c   Code   RO         2334    i.EXTI_ClrITPendBit  n32g45x_exti.o
    0x08002b28   0x08002b28   0x00000020   Code   RO         2337    i.EXTI_GetITStatus  n32g45x_exti.o
    0x08002b48   0x08002b48   0x00000010   Code   RO          489    i.FLASH_ClearFlag   n32g45x_flash.o
    0x08002b58   0x08002b58   0x00000048   Code   RO          493    i.FLASH_EraseOnePage  n32g45x_flash.o
    0x08002ba0   0x08002ba0   0x00000010   Code   RO          503    i.FLASH_Lock        n32g45x_flash.o
    0x08002bb0   0x08002bb0   0x00000018   Code   RO          505    i.FLASH_PrefetchBufSet  n32g45x_flash.o
    0x08002bc8   0x08002bc8   0x0000004c   Code   RO          507    i.FLASH_ProgramWord  n32g45x_flash.o
    0x08002c14   0x08002c14   0x00000014   Code   RO          510    i.FLASH_SetLatency  n32g45x_flash.o
    0x08002c28   0x08002c28   0x00000018   Code   RO          512    i.FLASH_Unlock      n32g45x_flash.o
    0x08002c40   0x08002c40   0x00000094   Code   RO          513    i.FLASH_WaitForLastOpt  n32g45x_flash.o
    0x08002cd4   0x08002cd4   0x00000018   Code   RO          514    i.FLASH_iCacheCmd   n32g45x_flash.o
    0x08002cec   0x08002cec   0x00000158   Code   RO          670    i.GPIO_ConfigPinRemap  n32g45x_gpio.o
    0x08002e44   0x08002e44   0x000000d8   Code   RO          672    i.GPIO_DeInit       n32g45x_gpio.o
    0x08002f1c   0x08002f1c   0x000000ae   Code   RO          674    i.GPIO_InitPeripheral  n32g45x_gpio.o
    0x08002fca   0x08002fca   0x00000010   Code   RO          675    i.GPIO_InitStruct   n32g45x_gpio.o
    0x08002fda   0x08002fda   0x0000000e   Code   RO          677    i.GPIO_ReadInputDataBit  n32g45x_gpio.o
    0x08002fe8   0x08002fe8   0x0000000e   Code   RO          679    i.GPIO_ReadOutputDataBit  n32g45x_gpio.o
    0x08002ff6   0x08002ff6   0x00000004   Code   RO          680    i.GPIO_ResetBits    n32g45x_gpio.o
    0x08002ffa   0x08002ffa   0x00000004   Code   RO          681    i.GPIO_SetBits      n32g45x_gpio.o
    0x08002ffe   0x08002ffe   0x0000000a   Code   RO          684    i.GPIO_WriteBit     n32g45x_gpio.o
    0x08003008   0x08003008   0x000001e0   Code   RO         5072    i.Get_Motor_Velocity  balance.o
    0x080031e8   0x080031e8   0x000000ac   Code   RO         2740    i.IC_Init           charger.o
    0x08003294   0x08003294   0x0000002c   Code   RO         2741    i.IR_RX_Init        charger.o
    0x080032c0   0x080032c0   0x00000010   Code   RO         2409    i.IWDG_ReloadKey    n32g45x_iwdg.o
    0x080032d0   0x080032d0   0x0000000c   Code   RO         2410    i.IWDG_SetPrescalerDiv  n32g45x_iwdg.o
    0x080032dc   0x080032dc   0x0000000c   Code   RO         2411    i.IWDG_WriteConfig  n32g45x_iwdg.o
    0x080032e8   0x080032e8   0x00000304   Code   RO         2460    i.InitTask          application.o
    0x080035ec   0x080035ec   0x000000b8   Code   RO         2742    i.IrDA_ReceiveData  charger.o
    0x080036a4   0x080036a4   0x000000b0   Code   RO         5077    i.IrDA_SendData     balance.o
    0x08003754   0x08003754   0x00000014   Code   RO         3907    i.IsSdoEmpty        user_can.o
    0x08003768   0x08003768   0x00000028   Code   RO         4146    i.JTAG_Set          usartx.o
    0x08003790   0x08003790   0x00000180   Code   RO         4472    i.Jump_To_BOOT      mb.o
    0x08003910   0x08003910   0x00000044   Code   RO         2743    i.Key_Change_RGB    charger.o
    0x08003954   0x08003954   0x00000038   Code   RO         2744    i.Key_Init          charger.o
    0x0800398c   0x0800398c   0x000001c4   Code   RO         3841    i.GPIO_Init          led.o
    0x08003b50   0x08003b50   0x00000008   Code   RO         3842    i.LedBlink          led.o
    0x08003b58   0x08003b58   0x0000002c   Code   RO         2745    i.LimitSwitch_Init  charger.o
    0x08003b84   0x08003b84   0x00000220   Code   RO         4473    i.MB_Analyze_Execute  mb.o
    0x08003da4   0x08003da4   0x00000378   Code   RO         4477    i.MB_RSP            mb.o
    0x0800411c   0x0800411c   0x00000002   Code   RO         2655    i.MemManage_Handler  n32g45x_it.o
    0x0800411e   0x0800411e   0x00000002   PAD
    0x08004120   0x08004120   0x00000128   Code   RO         4147    i.Modbus_task       usartx.o
    0x08004248   0x08004248   0x00000080   Code   RO         5014    i.Motor        motor.o
    0x080042c8   0x080042c8   0x00000140   Code   RO         5016    i.Motor_task   motor.o
    0x08004408   0x08004408   0x00000268   Code   RO         5017    i.Motor_task        motor.o
    0x08004670   0x08004670   0x00000030   Code   RO         5299    i.MyFLASH_ReadByte  flash_wr.o
    0x080046a0   0x080046a0   0x00000050   Code   RO         5300    i.MyFLASH_WriteWord  flash_wr.o
    0x080046f0   0x080046f0   0x00000002   Code   RO         2656    i.NMI_Handler       n32g45x_it.o
    0x080046f2   0x080046f2   0x0000001c   Code   RO         3908    i.NMT_Control       user_can.o
    0x0800470e   0x0800470e   0x0000003a   Code   RO         2746    i.NVIC_Config       charger.o
    0x08004748   0x08004748   0x00000074   Code   RO          160    i.NVIC_Init         misc.o
    0x080047bc   0x080047bc   0x00000014   Code   RO          161    i.NVIC_PriorityGroupConfig  misc.o
    0x080047d0   0x080047d0   0x000000b0   Code   RO         3909    i.PLAN_PDO_Config   user_can.o
    0x08004880   0x08004880   0x00000234   Code   RO         4149    i.Pdu_Init          usartx.o
    0x08004ab4   0x08004ab4   0x00000004   PAD
    0x08004ab8   0x08004ab8   0x00000300   Code   RO         5335    i.RCCAR_Init        rc_car.o
    0x08004db8   0x08004db8   0x000000b8   Code   RO         5336    i.RCCAR_Process     rc_car.o
    0x08004e70   0x08004e70   0x00000014   Code   RO          800    i.RCC_ConfigAdc1mClk  n32g45x_rcc.o
    0x08004e84   0x08004e84   0x00000014   Code   RO          801    i.RCC_ConfigAdcHclk  n32g45x_rcc.o
    0x08004e98   0x08004e98   0x0000001c   Code   RO          802    i.RCC_ConfigAdcPllClk  n32g45x_rcc.o
    0x08004eb4   0x08004eb4   0x00000014   Code   RO          804    i.RCC_ConfigHclk    n32g45x_rcc.o
    0x08004ec8   0x08004ec8   0x00000014   Code   RO          810    i.RCC_ConfigPclk1   n32g45x_rcc.o
    0x08004edc   0x08004edc   0x00000014   Code   RO          811    i.RCC_ConfigPclk2   n32g45x_rcc.o
    0x08004ef0   0x08004ef0   0x00000018   Code   RO          812    i.RCC_ConfigPll     n32g45x_rcc.o
    0x08004f08   0x08004f08   0x00000014   Code   RO          815    i.RCC_ConfigSysclk  n32g45x_rcc.o
    0x08004f1c   0x08004f1c   0x00000050   Code   RO          819    i.RCC_DeInit        n32g45x_rcc.o
    0x08004f6c   0x08004f6c   0x00000018   Code   RO          820    i.RCC_EnableAHBPeriphClk  n32g45x_rcc.o
    0x08004f84   0x08004f84   0x00000018   Code   RO          822    i.RCC_EnableAPB1PeriphClk  n32g45x_rcc.o
    0x08004f9c   0x08004f9c   0x00000018   Code   RO          823    i.RCC_EnableAPB1PeriphReset  n32g45x_rcc.o
    0x08004fb4   0x08004fb4   0x00000018   Code   RO          824    i.RCC_EnableAPB2PeriphClk  n32g45x_rcc.o
    0x08004fcc   0x08004fcc   0x00000018   Code   RO          825    i.RCC_EnableAPB2PeriphReset  n32g45x_rcc.o
    0x08004fe4   0x08004fe4   0x0000000c   Code   RO          829    i.RCC_EnableHsi     n32g45x_rcc.o
    0x08004ff0   0x08004ff0   0x0000000c   Code   RO          831    i.RCC_EnablePll     n32g45x_rcc.o
    0x08004ffc   0x08004ffc   0x000000e0   Code   RO          834    i.RCC_GetClocksFreqValue  n32g45x_rcc.o
    0x080050dc   0x080050dc   0x00000030   Code   RO          836    i.RCC_GetFlagStatus  n32g45x_rcc.o
    0x0800510c   0x0800510c   0x00000010   Code   RO          838    i.RCC_GetSysclkSrc  n32g45x_rcc.o
    0x0800511c   0x0800511c   0x000000b4   Code   RO         2747    i.RGB_Init          charger.o
    0x080051d0   0x080051d0   0x00000088   Code   RO         2749    i.RGB_SetValue      charger.o
    0x08005258   0x08005258   0x00000090   Code   RO         2750    i.RGB_ShowCharged   charger.o
    0x080052e8   0x080052e8   0x00000090   Code   RO         2751    i.RGB_ShowCharging  charger.o
    0x08005378   0x08005378   0x00000090   Code   RO         2752    i.RGB_ShowError     charger.o
    0x08005408   0x08005408   0x00000034   Code   RO         2753    i.Relay_Init        charger.o
    0x0800543c   0x0800543c   0x000000dc   Code   RO         5271    i.Robot_Select      robot_select_init.o
    0x08005518   0x08005518   0x0000003c   Code   RO         2657    i.SPI1_IRQHandler   n32g45x_it.o
    0x08005554   0x08005554   0x00000012   Code   RO         1914    i.SPI_Enable        n32g45x_spi.o
    0x08005566   0x08005566   0x0000001a   Code   RO         1922    i.SPI_I2S_EnableInt  n32g45x_spi.o
    0x08005580   0x08005580   0x0000000e   Code   RO         1924    i.SPI_I2S_GetStatus  n32g45x_spi.o
    0x0800558e   0x0800558e   0x00000054   Code   RO         1927    i.SPI_Init          n32g45x_spi.o
    0x080055e2   0x080055e2   0x00000002   Code   RO         2658    i.SVC_Handler       n32g45x_it.o
    0x080055e4   0x080055e4   0x00000034   Code   RO         3913    i.SdoFramCereat     user_can.o
    0x08005618   0x08005618   0x0000029c   Code   RO         4153    i.SetReal_Velocity  usartx.o
    0x080058b4   0x080058b4   0x00000198   Code   RO         4154    i.Set_Director      usartx.o
    0x08005a4c   0x08005a4c   0x00000006   Code   RO         2461    i.Soft_Reset        application.o
    0x08005a52   0x08005a52   0x00000012   Code   RO         3786    i.SysTick_Handler   bsp.o
    0x08005a64   0x08005a64   0x0000019c   Code   RO           14    i.SystemInit        system_n32g45x.o
    0x08005c00   0x08005c00   0x00000090   Code   RO         2754    i.TIM1_UP_IRQHandler  charger.o
    0x08005c90   0x08005c90   0x00000024   Code   RO         2659    i.TIM3_IRQHandler   n32g45x_it.o
    0x08005cb4   0x08005cb4   0x0000002c   Code   RO         2660    i.TIM4_IRQHandler   n32g45x_it.o
    0x08005ce0   0x08005ce0   0x0000002c   Code   RO         2755    i.TIM5_IRQHandler   charger.o
    0x08005d0c   0x08005d0c   0x00000006   Code   RO         1076    i.TIM_ClearFlag     n32g45x_tim.o
    0x08005d12   0x08005d12   0x00000006   Code   RO         1077    i.TIM_ClrIntPendingBit  n32g45x_tim.o
    0x08005d18   0x08005d18   0x00000012   Code   RO         1084    i.TIM_ConfigArPreload  n32g45x_tim.o
    0x08005d2a   0x08005d2a   0x0000003c   Code   RO         1088    i.TIM_ConfigEncoderInterface  n32g45x_tim.o
    0x08005d66   0x08005d66   0x00000010   Code   RO         1099    i.TIM_ConfigInt     n32g45x_tim.o
    0x08005d76   0x08005d76   0x0000000c   Code   RO         1105    i.TIM_ConfigOc1Preload  n32g45x_tim.o
    0x08005d82   0x08005d82   0x00000014   Code   RO         1109    i.TIM_ConfigOc2Preload  n32g45x_tim.o
    0x08005d96   0x08005d96   0x00000014   Code   RO         1116    i.TIM_ConfigOc4Preload  n32g45x_tim.o
    0x08005daa   0x08005daa   0x00000002   PAD
    0x08005dac   0x08005dac   0x00000158   Code   RO         1124    i.TIM_ConfigPwmIc   n32g45x_tim.o
    0x08005f04   0x08005f04   0x000000f4   Code   RO         1126    i.TIM_DeInit        n32g45x_tim.o
    0x08005ff8   0x08005ff8   0x00000012   Code   RO         1127    i.TIM_Enable        n32g45x_tim.o
    0x0800600a   0x0800600a   0x00000016   Code   RO         1131    i.TIM_EnableCtrlPwmOutputs  n32g45x_tim.o
    0x08006020   0x08006020   0x00000004   Code   RO         1138    i.TIM_GetCap2       n32g45x_tim.o
    0x08006024   0x08006024   0x00000004   Code   RO         1143    i.TIM_GetCnt        n32g45x_tim.o
    0x08006028   0x08006028   0x00000016   Code   RO         1145    i.TIM_GetIntStatus  n32g45x_tim.o
    0x0800603e   0x0800603e   0x00000002   PAD
    0x08006040   0x08006040   0x000001bc   Code   RO         1147    i.TIM_ICInit        n32g45x_tim.o
    0x080061fc   0x080061fc   0x00000010   Code   RO         1149    i.TIM_InitIcStruct  n32g45x_tim.o
    0x0800620c   0x0800620c   0x00000068   Code   RO         1150    i.TIM_InitOc1       n32g45x_tim.o
    0x08006274   0x08006274   0x0000007c   Code   RO         1151    i.TIM_InitOc2       n32g45x_tim.o
    0x080062f0   0x080062f0   0x00000062   Code   RO         1153    i.TIM_InitOc4       n32g45x_tim.o
    0x08006352   0x08006352   0x00000014   Code   RO         1156    i.TIM_InitOcStruct  n32g45x_tim.o
    0x08006366   0x08006366   0x0000001e   Code   RO         1157    i.TIM_InitTimBaseStruct  n32g45x_tim.o
    0x08006384   0x08006384   0x00000138   Code   RO         1158    i.TIM_InitTimeBase  n32g45x_tim.o
    0x080064bc   0x080064bc   0x0000000c   Code   RO         1163    i.TIM_SelectInputTrig  n32g45x_tim.o
    0x080064c8   0x080064c8   0x00000010   Code   RO         1168    i.TIM_SelectSlaveMode  n32g45x_tim.o
    0x080064d8   0x080064d8   0x00000004   Code   RO         1171    i.TIM_SetCmp1       n32g45x_tim.o
    0x080064dc   0x080064dc   0x00000004   Code   RO         1172    i.TIM_SetCmp2       n32g45x_tim.o
    0x080064e0   0x080064e0   0x00000006   Code   RO         1174    i.TIM_SetCmp4       n32g45x_tim.o
    0x080064e6   0x080064e6   0x00000004   Code   RO         1177    i.TIM_SetCnt        n32g45x_tim.o
    0x080064ea   0x080064ea   0x00000002   PAD
    0x080064ec   0x080064ec   0x00000030   Code   RO         4155    i.Target_Direct_get  usartx.o
    0x0800651c   0x0800651c   0x0000004c   Code   RO         4157    i.UART4_IRQHandler  usartx.o
    0x08006568   0x08006568   0x000000b8   Code   RO         4158    i.UART5_IRQHandler  usartx.o
    0x08006620   0x08006620   0x00000048   Code   RO         4159    i.USART1_IRQHandler  usartx.o
    0x08006668   0x08006668   0x000000b4   Code   RO         4160    i.Usart1_Init       usartx.o
    0x0800671c   0x0800671c   0x0000006c   Code   RO         4161    i.USART3_IRQHandler  usartx.o
    0x08006788   0x08006788   0x00000006   Code   RO         1731    i.USART_ClrFlag     n32g45x_usart.o
    0x0800678e   0x0800678e   0x00000030   Code   RO         1733    i.USART_ConfigInt   n32g45x_usart.o
    0x080067be   0x080067be   0x000000e4   Code   RO         1737    i.USART_DeInit      n32g45x_usart.o
    0x080068a2   0x080068a2   0x00000012   Code   RO         1738    i.USART_Enable      n32g45x_usart.o
    0x080068b4   0x080068b4   0x00000010   Code   RO         1739    i.USART_EnableDMA   n32g45x_usart.o
    0x080068c4   0x080068c4   0x0000004c   Code   RO         1746    i.USART_GetIntStatus  n32g45x_usart.o
    0x08006910   0x08006910   0x000000b4   Code   RO         1747    i.USART_Init        n32g45x_usart.o
    0x080069c4   0x080069c4   0x00000008   Code   RO         1748    i.USART_ReceiveData  n32g45x_usart.o
    0x080069cc   0x080069cc   0x0000001c   Code   RO         3914    i.USB_LP_CAN1_RX0_IRQHandler  user_can.o
    0x080069e8   0x080069e8   0x00000144   Code   RO         5089    i.Ultrasonic1_task  balance.o
    0x08006b2c   0x08006b2c   0x00000128   Code   RO         5090    i.Ultrasonic2_task  balance.o
    0x08006c54   0x08006c54   0x0000002a   Code   RO         3845    i.UltrasonicSetEnable  led.o
    0x08006c7e   0x08006c7e   0x00000002   PAD
    0x08006c80   0x08006c80   0x00000128   Code   RO         4162    i.Sbus_Data_Parsing       usartx.o
    0x08006da8   0x08006da8   0x00000002   Code   RO         2661    i.UsageFault_Handler  n32g45x_it.o
    0x08006daa   0x08006daa   0x00000002   PAD
    0x08006dac   0x08006dac   0x000000ac   Code   RO         4163    i.Usart3_Init       usartx.o
    0x08006e58   0x08006e58   0x000000f8   Code   RO         4164    i.Uart4_Init       usartx.o
    0x08006f50   0x08006f50   0x00000138   Code   RO         4165    i.Uart5_Init       usartx.o
    0x08007088   0x08007088   0x0000009c   Code   RO         3915    i.WANZER_PDO_Config  user_can.o
    0x08007124   0x08007124   0x00000088   Code   RO         3916    i.ZLAC8015D_PDO_Config  user_can.o
    0x080071ac   0x080071ac   0x0000009c   Code   RO         3917    i.ZLAC8015_PDO_Config  user_can.o
    0x08007248   0x08007248   0x00000048   Code   RO         3169    i.__rt_ffs          kservice.o
    0x08007290   0x08007290   0x00000024   Code   RO         4481    i.eMBEnable         mb.o
    0x080072b4   0x080072b4   0x00000062   Code   RO         4818    i.eMBFuncReadCoils  mbfunccoils.o
    0x08007316   0x08007316   0x00000064   Code   RO         4857    i.eMBFuncReadDiscreteInputs  mbfuncdisc.o
    0x0800737a   0x0800737a   0x0000004a   Code   RO         4881    i.eMBFuncReadHoldingRegister  mbfuncholding.o
    0x080073c4   0x080073c4   0x00000050   Code   RO         4923    i.eMBFuncReadInputRegister  mbfuncinput.o
    0x08007414   0x08007414   0x00000062   Code   RO         4882    i.eMBFuncReadWriteMultipleHoldingRegister  mbfuncholding.o
    0x08007476   0x08007476   0x00000002   PAD
    0x08007478   0x08007478   0x00000024   Code   RO         4947    i.eMBFuncReportSlaveID  mbfuncother.o
    0x0800749c   0x0800749c   0x0000002c   Code   RO         4819    i.eMBFuncWriteCoil  mbfunccoils.o
    0x080074c8   0x080074c8   0x00000018   Code   RO         4883    i.eMBFuncWriteHoldingRegister  mbfuncholding.o
    0x080074e0   0x080074e0   0x00000050   Code   RO         4820    i.eMBFuncWriteMultipleCoils  mbfunccoils.o
    0x08007530   0x08007530   0x00000040   Code   RO         4884    i.eMBFuncWriteMultipleHoldingRegister  mbfuncholding.o
    0x08007570   0x08007570   0x0000007c   Code   RO         4482    i.eMBInit           mb.o
    0x080075ec   0x080075ec   0x00000108   Code   RO         4483    i.eMBPoll           mb.o
    0x080076f4   0x080076f4   0x00000064   Code   RO         4738    i.eMBRTUReceive     mbrtu.o
    0x08007758   0x08007758   0x00000018   Code   RO         4739    i.eMBRTUStart       mbrtu.o
    0x08007770   0x08007770   0x00000018   Code   RO         4740    i.eMBRTUStop        mbrtu.o
    0x08007788   0x08007788   0x00000008   Code   RO         4485    i.getPDUData        mb.o
    0x08007790   0x08007790   0x0000003c   Code   RO         2615    i.main              main.o
    0x080077cc   0x080077cc   0x00000070   Code   RO         4167    i.modbus_task_init  usartx.o
    0x0800783c   0x0800783c   0x00000018   Code   RO         4980    i.prveMBError2Exception  mbutils.o
    0x08007854   0x08007854   0x00000048   Code   RO         2462    i.rt_application_init  application.o
    0x0800789c   0x0800789c   0x0000001c   Code   RO         3472    i.rt_enter_critical  scheduler.o
    0x080078b8   0x080078b8   0x0000008c   Code   RO         3473    i.rt_exit_critical  scheduler.o
    0x08007944   0x08007944   0x000000ac   Code   RO         3320    i.rt_free           mem.o
    0x080079f0   0x080079f0   0x00000040   Code   RO         3788    i.rt_hw_board_init  bsp.o
    0x08007a30   0x08007a30   0x00000018   Code   RO         3739    i.rt_hw_hard_fault_exception  cpuport.o
    0x08007a48   0x08007a48   0x00000044   Code   RO         3740    i.rt_hw_stack_init  cpuport.o
    0x08007a8c   0x08007a8c   0x0000001c   Code   RO         3142    i.rt_interrupt_enter  irq.o
    0x08007aa8   0x08007aa8   0x0000001c   Code   RO         3144    i.rt_interrupt_leave  irq.o
    0x08007ac4   0x08007ac4   0x00000118   Code   RO         3321    i.rt_malloc         mem.o
    0x08007bdc   0x08007bdc   0x00000034   Code   RO         3178    i.rt_memset         kservice.o
    0x08007c10   0x08007c10   0x0000002e   Code   RO         3407    i.rt_object_delete  object.o
    0x08007c3e   0x08007c3e   0x0000002c   Code   RO         3408    i.rt_object_detach  object.o
    0x08007c6a   0x08007c6a   0x00000002   PAD
    0x08007c6c   0x08007c6c   0x00000048   Code   RO         3410    i.rt_object_get_information  object.o
    0x08007cb4   0x08007cb4   0x00000054   Code   RO         3412    i.rt_object_init    object.o
    0x08007d08   0x08007d08   0x0000000c   Code   RO         3413    i.rt_object_is_systemobject  object.o
    0x08007d14   0x08007d14   0x00000064   Code   RO         3474    i.rt_schedule       scheduler.o
    0x08007d78   0x08007d78   0x00000050   Code   RO         3475    i.rt_schedule_insert_thread  scheduler.o
    0x08007dc8   0x08007dc8   0x00000050   Code   RO         3476    i.rt_schedule_remove_thread  scheduler.o
    0x08007e18   0x08007e18   0x00000020   Code   RO         3089    i.rt_sem_init       ipc.o
    0x08007e38   0x08007e38   0x00000036   Code   RO         3090    i.rt_sem_release    ipc.o
    0x08007e6e   0x08007e6e   0x00000002   PAD
    0x08007e70   0x08007e70   0x000000d0   Code   RO         3091    i.rt_sem_take       ipc.o
    0x08007f40   0x08007f40   0x00000062   Code   RO         3188    i.rt_strncpy        kservice.o
    0x08007fa2   0x08007fa2   0x00000002   PAD
    0x08007fa4   0x08007fa4   0x00000068   Code   RO         3324    i.rt_system_heap_init  mem.o
    0x0800800c   0x0800800c   0x00000040   Code   RO         3477    i.rt_system_scheduler_init  scheduler.o
    0x0800804c   0x0800804c   0x00000028   Code   RO         3478    i.rt_system_scheduler_start  scheduler.o
    0x08008074   0x08008074   0x0000000c   Code   RO         3659    i.rt_system_timer_init  timer.o
    0x08008080   0x08008080   0x00000002   Code   RO         3660    i.rt_system_timer_thread_init  timer.o
    0x08008082   0x08008082   0x00000002   PAD
    0x08008084   0x08008084   0x00000078   Code   RO         3555    i.rt_thread_delay   thread.o
    0x080080fc   0x080080fc   0x00000060   Code   RO         3559    i.rt_thread_exit    thread.o
    0x0800815c   0x0800815c   0x00000088   Code   RO         3051    i.rt_thread_idle_entry  idle.o
    0x080081e4   0x080081e4   0x0000003c   Code   RO         3054    i.rt_thread_idle_init  idle.o
    0x08008220   0x08008220   0x00000088   Code   RO         3561    i.rt_thread_init    thread.o
    0x080082a8   0x080082a8   0x00000048   Code   RO         3563    i.rt_thread_resume  thread.o
    0x080082f0   0x080082f0   0x0000000c   Code   RO         3564    i.rt_thread_self    thread.o
    0x080082fc   0x080082fc   0x0000005c   Code   RO         3566    i.rt_thread_startup  thread.o
    0x08008358   0x08008358   0x00000044   Code   RO         3567    i.rt_thread_suspend  thread.o
    0x0800839c   0x0800839c   0x00000028   Code   RO         3568    i.rt_thread_timeout  thread.o
    0x080083c4   0x080083c4   0x00000064   Code   RO         3569    i.rt_thread_yield   thread.o
    0x08008428   0x08008428   0x0000000c   Code   RO         2863    i.rt_tick_get       clock.o
    0x08008434   0x08008434   0x0000002c   Code   RO         2864    i.rt_tick_increase  clock.o
    0x08008460   0x08008460   0x00000114   Code   RO         3661    i.rt_timer_check    timer.o
    0x08008574   0x08008574   0x00000032   Code   RO         3662    i.rt_timer_control  timer.o
    0x080085a6   0x080085a6   0x0000002a   Code   RO         3665    i.rt_timer_detach   timer.o
    0x080085d0   0x080085d0   0x00000032   Code   RO         3666    i.rt_timer_init     timer.o
    0x08008602   0x08008602   0x00000002   PAD
    0x08008604   0x08008604   0x000000ac   Code   RO         3668    i.rt_timer_start    timer.o
    0x080086b0   0x080086b0   0x0000003a   Code   RO         3669    i.rt_timer_stop     timer.o
    0x080086ea   0x080086ea   0x00000004   Code   RO         2904    i.rti_board_end     components.o
    0x080086ee   0x080086ee   0x00000004   Code   RO         2905    i.rti_board_start   components.o
    0x080086f2   0x080086f2   0x00000004   Code   RO         2906    i.rti_end           components.o
    0x080086f6   0x080086f6   0x00000004   Code   RO         2907    i.rti_start         components.o
    0x080086fa   0x080086fa   0x0000003e   Code   RO         5429    i.sqrtf             m_wm.l(sqrtf.o)
    0x08008738   0x08008738   0x000000e8   Code   RO         4168    i.uart1_dma_config  usartx.o
    0x08008820   0x08008820   0x000000e4   Code   RO         4170    i.uart3_dma_config  usartx.o
    0x08008904   0x08008904   0x000000e8   Code   RO         4171    i.Uart4_Dma_Config  usartx.o
    0x080089ec   0x080089ec   0x00000040   Code   RO         4712    i.usMBCRC16         mbcrc.o
    0x08008a2c   0x08008a2c   0x00000002   Code   RO         4658    i.vMBPortSerialEnable  portserial.o
    0x08008a2e   0x08008a2e   0x00000002   PAD
    0x08008a30   0x08008a30   0x0000001c   Code   RO         4620    i.xMBPortEventGet   portevent.o
    0x08008a4c   0x08008a4c   0x00000010   Code   RO         4621    i.xMBPortEventInit  portevent.o
    0x08008a5c   0x08008a5c   0x00000010   Code   RO         4622    i.xMBPortEventPost  portevent.o
    0x08008a6c   0x08008a6c   0x00000004   Code   RO         4660    i.xMBPortSerialPutByte  portserial.o
    0x08008a70   0x08008a70   0x00000034   Code   RO         4741    i.xMBRTUReceiveFSM  mbrtu.o
    0x08008aa4   0x08008aa4   0x00000028   Code   RO         4742    i.xMBRTUTimerT35Expired  mbrtu.o
    0x08008acc   0x08008acc   0x00000050   Code   RO         4743    i.xMBRTUTransmitFSM  mbrtu.o
    0x08008b1c   0x08008b1c   0x00000062   Code   RO         5395    x$fpl$d2f           fz_wm.l(d2f.o)
    0x08008b7e   0x08008b7e   0x00000002   PAD
    0x08008b80   0x08008b80   0x00000150   Code   RO         5397    x$fpl$dadd          fz_wm.l(daddsub_clz.o)
    0x08008cd0   0x08008cd0   0x00000018   Code   RO         5473    x$fpl$dcmpinf       fz_wm.l(dcmpi.o)
    0x08008ce8   0x08008ce8   0x000002b0   Code   RO         5404    x$fpl$ddiv          fz_wm.l(ddiv.o)
    0x08008f98   0x08008f98   0x0000005e   Code   RO         5407    x$fpl$dfix          fz_wm.l(dfix.o)
    0x08008ff6   0x08008ff6   0x00000002   PAD
    0x08008ff8   0x08008ff8   0x0000005a   Code   RO         5411    x$fpl$dfixu         fz_wm.l(dfixu.o)
    0x08009052   0x08009052   0x0000002e   Code   RO         5416    x$fpl$dflt          fz_wm.l(dflt_clz.o)
    0x08009080   0x08009080   0x00000026   Code   RO         5415    x$fpl$dfltu         fz_wm.l(dflt_clz.o)
    0x080090a6   0x080090a6   0x00000002   PAD
    0x080090a8   0x080090a8   0x00000078   Code   RO         5442    x$fpl$dleqf         fz_wm.l(dleqf.o)
    0x08009120   0x08009120   0x00000154   Code   RO         5421    x$fpl$dmul          fz_wm.l(dmul.o)
    0x08009274   0x08009274   0x0000009c   Code   RO         5444    x$fpl$dnaninf       fz_wm.l(dnaninf.o)
    0x08009310   0x08009310   0x0000000c   Code   RO         5446    x$fpl$dretinf       fz_wm.l(dretinf.o)
    0x0800931c   0x0800931c   0x0000006c   Code   RO         5423    x$fpl$drleqf        fz_wm.l(drleqf.o)
    0x08009388   0x08009388   0x000001d4   Code   RO         5399    x$fpl$dsub          fz_wm.l(daddsub_clz.o)
    0x0800955c   0x0800955c   0x00000056   Code   RO         5425    x$fpl$f2d           fz_wm.l(f2d.o)
    0x080095b2   0x080095b2   0x0000008c   Code   RO         5448    x$fpl$fnaninf       fz_wm.l(fnaninf.o)
    0x0800963e   0x0800963e   0x0000000a   Code   RO         5544    x$fpl$fpinit        fz_wm.l(fpinit.o)
    0x08009648   0x08009648   0x0000000a   Code   RO         5450    x$fpl$fretinf       fz_wm.l(fretinf.o)
    0x08009652   0x08009652   0x00000000   Code   RO         5452    x$fpl$usenofp       fz_wm.l(usenofp.o)
    0x08009652   0x08009652   0x00000040   Data   RO          841    .constdata          n32g45x_rcc.o
    0x08009692   0x08009692   0x00000122   Data   RO         3193    .constdata          kservice.o
    0x080097b4   0x080097b4   0x000002d0   Data   RO         3918    .constdata          user_can.o
    0x08009a84   0x08009a84   0x0000002c   Data   RO         4428    .constdata          user_adc.o
    0x08009ab0   0x08009ab0   0x00000200   Data   RO         4713    .constdata          mbcrc.o
    0x08009cb0   0x08009cb0   0x00000004   Data   RO         2908    .rti_fn.0           components.o
    0x08009cb4   0x08009cb4   0x00000004   Data   RO         2909    .rti_fn.0.end       components.o
    0x08009cb8   0x08009cb8   0x00000004   Data   RO         2910    .rti_fn.1.end       components.o
    0x08009cbc   0x08009cbc   0x00000004   Data   RO         2911    .rti_fn.6.end       components.o
    0x08009cc0   0x08009cc0   0x00000020   Data   RO         5614    Region$$Table       anon$$obj.o


    Execution Region ER_RW (Exec base: 0x20000000, Load base: 0x08009ce0, Size: 0x000003ec, Max: 0xffffffff, ABSOLUTE, COMPRESSED[0x000000e4])

    Exec Addr    Load Addr    Size         Type   Attr      Idx    E Section Name        Object

    0x20000000   COMPRESSED   0x00000004   Data   RW           16    .data               system_n32g45x.o
    0x20000004   COMPRESSED   0x00000004   Data   RW         2468    .data               application.o
    0x20000008   COMPRESSED   0x00000004   Data   RW         2469    .data               application.o
    0x2000000c   COMPRESSED   0x00000004   Data   RW         2470    .data               application.o
    0x20000010   COMPRESSED   0x00000004   Data   RW         2471    .data               application.o
    0x20000014   COMPRESSED   0x00000001   Data   RW         2472    .data               application.o
    0x20000015   COMPRESSED   0x00000001   Data   RW         2473    .data               application.o
    0x20000016   COMPRESSED   0x00000001   Data   RW         2474    .data               application.o
    0x20000017   COMPRESSED   0x00000001   Data   RW         2475    .data               application.o
    0x20000018   COMPRESSED   0x00000001   Data   RW         2476    .data               application.o
    0x20000019   COMPRESSED   0x00000003   PAD
    0x2000001c   COMPRESSED   0x00000014   Data   RW         2477    .data               application.o
    0x20000030   COMPRESSED   0x00000150   Data   RW         2756    .data               charger.o
    0x20000180   COMPRESSED   0x00000004   Data   RW         2866    .data               clock.o
    0x20000184   COMPRESSED   0x00000001   Data   RW         3145    .data               irq.o
    0x20000185   COMPRESSED   0x00000003   PAD
    0x20000188   COMPRESSED   0x00000018   Data   RW         3326    .data               mem.o
    0x200001a0   COMPRESSED   0x00000050   Data   RW         3415    .data               object.o
    0x200001f0   COMPRESSED   0x00000014   Data   RW         3480    .data               scheduler.o
    0x20000204   COMPRESSED   0x0000000c   Data   RW         3670    .data               timer.o
    0x20000210   COMPRESSED   0x00000004   Data   RW         3741    .data               cpuport.o
    0x20000214   COMPRESSED   0x00000004   Data   RW         3742    .data               cpuport.o
    0x20000218   COMPRESSED   0x00000004   Data   RW         3743    .data               cpuport.o
    0x2000021c   COMPRESSED   0x00000004   Data   RW         3744    .data               cpuport.o
    0x20000220   COMPRESSED   0x0000000c   Data   RW         3919    .data               user_can.o
    0x2000022c   COMPRESSED   0x00000044   Data   RW         4174    .data               usartx.o
    0x20000270   COMPRESSED   0x00000001   Data   RW         4179    .data               usartx.o
    0x20000271   COMPRESSED   0x00000003   PAD
    0x20000274   COMPRESSED   0x000000a8   Data   RW         4488    .data               mb.o
    0x2000031c   COMPRESSED   0x00000002   Data   RW         4623    .data               portevent.o
    0x2000031e   COMPRESSED   0x00000002   PAD
    0x20000320   COMPRESSED   0x0000000c   Data   RW         4744    .data               mbrtu.o
    0x2000032c   COMPRESSED   0x00000002   Data   RW         4950    .data               mbfuncother.o
    0x2000032e   COMPRESSED   0x00000002   PAD
    0x20000330   COMPRESSED   0x00000018   Data   RW         5020    .data               motor.o
    0x20000348   COMPRESSED   0x0000006c   Data   RW         5098    .data               balance.o
    0x200003b4   COMPRESSED   0x00000001   Data   RW         5273    .data               robot_select_init.o
    0x200003b5   COMPRESSED   0x00000003   PAD
    0x200003b8   COMPRESSED   0x00000034   Data   RW         5337    .data               rc_car.o


    Execution Region ER_ZI (Exec base: 0x200003ec, Load base: 0x08009dc4, Size: 0x00005b34, Max: 0xffffffff, ABSOLUTE)

    Exec Addr    Load Addr    Size         Type   Attr      Idx    E Section Name        Object

    0x200003ec        -       0x000024b0   Zero   RW         2463    .bss                application.o
    0x2000289c        -       0x00000010   Zero   RW         2464    .bss                application.o
    0x200028ac        -       0x00000010   Zero   RW         2465    .bss                application.o
    0x200028bc        -       0x00000010   Zero   RW         2466    .bss                application.o
    0x200028cc        -       0x00000010   Zero   RW         2467    .bss                application.o
    0x200028dc        -       0x00000178   Zero   RW         3055    .bss                idle.o
    0x20002a54        -       0x00000020   Zero   RW         3325    .bss                mem.o
    0x20002a74        -       0x00000100   Zero   RW         3479    .bss                scheduler.o
    0x20002b74        -       0x00000e7e   Zero   RW         4173    .bss                usartx.o
    0x200039f2   0x08009dc4   0x00000002   PAD
    0x200039f4        -       0x000007ee   Zero   RW         4487    .bss                mb.o
    0x200041e2        -       0x00000020   Zero   RW         4949    .bss                mbfuncother.o
    0x20004202   0x08009dc4   0x00000002   PAD
    0x20004204        -       0x00000438   Zero   RW         5019    .bss                motor.o
    0x2000463c        -       0x00000070   Zero   RW         5097    .bss                balance.o
    0x200046ac        -       0x00000014   Zero   RW         5272    .bss                robot_select_init.o
    0x200046c0        -       0x00000060   Zero   RW         5476    .bss                c_w.l(libspace.o)
    0x20004720        -       0x00000300   Zero   RW            2    HEAP                startup_n32g45x.o
    0x20004a20        -       0x00001500   Zero   RW            1    STACK               startup_n32g45x.o


==============================================================================

Image component sizes


      Code (inc. data)   RO Data    RW Data    ZI Data      Debug   Object Name

       850        226          0         41       9456      20546   application.o
      4712        420          0        108        112      21209   balance.o
        82          8          0          0          0      31938   bsp.o
      1698        122          0        336          0      12279   charger.o
        56         12          0          4          0       1357   clock.o
        16          0         16          0          0       2930   components.o
       308         26          0          0          0        860   context_rvds.o
        92          8          0         16          0       4154   cpuport.o
       128          0          0          0          0       2043   flash_wr.o
       196         26          0          0        376       4948   idle.o
       294          0          0          0          0       6293   ipc.o
        56         12          0          1          0       1742   irq.o
       222          6        290          0          0       6390   kservice.o
       502         16          0          0          0       2782   led.o
        60         10          0          0          0       1134   main.o
      2248        182          0        168       2030      20361   mb.o
        64          6        512          0          0       1436   mbcrc.o
       222          0          0          0          0       4002   mbfunccoils.o
       100          0          0          0          0       1628   mbfuncdisc.o
       260          0          0          0          0       5387   mbfuncholding.o
        80          0          0          0          0       1619   mbfuncinput.o
        36         10          0          2         32       1471   mbfuncother.o
       320         36          0         12          0      10525   mbrtu.o
        24          0          0          0          0        700   mbutils.o
       556         36          0         24         32       3708   mem.o
       136         10          0          0          0     295547   misc.o
      1064         42          0         24       1080       7010   motor.o
       518         24          0          0          0      10713   n32g45x_adc.o
      1292         48          0          0          0       8320   n32g45x_can.o
       512         68          0          0          0       9388   n32g45x_dma.o
        44         14          0          0          0       1323   n32g45x_exti.o
       420         56          0          0          0       8429   n32g45x_flash.o
       796         10          0          0          0       8801   n32g45x_gpio.o
       364         64          0          0          0       5929   n32g45x_it.o
        40         18          0          0          0       1815   n32g45x_iwdg.o
       684        128         64          0          0      16543   n32g45x_rcc.o
       142          0          0          0          0       3964   n32g45x_spi.o
      2132         52          0          0          0      25429   n32g45x_tim.o
       580          6          0          0          0       7836   n32g45x_usart.o
       258          4          0         80          0       7179   object.o
        60         14          0          2          0       2332   portevent.o
         6          0          0          0          0       1101   portserial.o
       952         74          0         52          0       3357   rc_car.o
       220         62          0          1         20       5486   robot_select_init.o
       532         74          0         20        256       8748   scheduler.o
        64         26        408          0       6144        948   startup_n32g45x.o
       412         44          0          4          0      98653   system_n32g45x.o
       736         40          0          0          0      10410   thread.o
       662         18          0         12          0      10140   timer.o
      5704        566          0         69       3710      29232   usartx.o
       662         40         44          0          0       4165   user_adc.o
      2168        118        720         12          0      15001   user_can.o

    ----------------------------------------------------------------------
     34384       2786       2086       1004      23252     779241   Object Totals
         0          0         32          0          0          0   (incl. Generated)
        42          4          0         16          4          0   (incl. Padding)

    ----------------------------------------------------------------------

      Code (inc. data)   RO Data    RW Data    ZI Data      Debug   Library Member Name

        90          0          0          0          0          0   __dczerorl2.o
         8          0          0          0          0         68   __main.o
         0          0          0          0          0          0   __rtentry.o
        12          0          0          0          0          0   __rtentry2.o
         6          0          0          0          0          0   __rtentry4.o
        52          8          0          0          0          0   __scatter.o
        28          0          0          0          0          0   __scatter_zi.o
        22          0          0          0          0        100   _rserrno.o
        18          0          0          0          0         80   exit.o
         6          0          0          0          0        152   heapauxi.o
         0          0          0          0          0          0   indicate_semi.o
         2          0          0          0          0          0   libinit.o
         6          0          0          0          0          0   libinit2.o
         2          0          0          0          0          0   libshutdown.o
         2          0          0          0          0          0   libshutdown2.o
         8          4          0          0         96         68   libspace.o
         8          4          0          0          0         68   rt_errno_addr_intlibspace.o
        68          0          0          0          0         68   rt_memclr.o
        78          0          0          0          0         80   rt_memclr_w.o
       138          0          0          0          0         68   rt_memcpy_v6.o
       100          0          0          0          0         80   rt_memcpy_w.o
         2          0          0          0          0          0   rtexit.o
        10          0          0          0          0          0   rtexit2.o
        12          4          0          0          0         68   sys_exit.o
        74          0          0          0          0         80   sys_stackheap_outer.o
         2          0          0          0          0         68   use_no_semi.o
        98          4          0          0          0        140   d2f.o
       804         16          0          0          0        368   daddsub_clz.o
        24          0          0          0          0        116   dcmpi.o
       688        140          0          0          0        256   ddiv.o
        94          4          0          0          0        140   dfix.o
        90          4          0          0          0        140   dfixu.o
        84          0          0          0          0        232   dflt_clz.o
       120          4          0          0          0        140   dleqf.o
       340         12          0          0          0        152   dmul.o
       156          4          0          0          0        140   dnaninf.o
        12          0          0          0          0        116   dretinf.o
       108          0          0          0          0        128   drleqf.o
        86          4          0          0          0        132   f2d.o
       140          4          0          0          0        132   fnaninf.o
        10          0          0          0          0        116   fpinit.o
        10          0          0          0          0        116   fretinf.o
         0          0          0          0          0          0   usenofp.o
        62          0          0          0          0        136   sqrtf.o

    ----------------------------------------------------------------------
      3690        216          0          0         96       3748   Library Totals
        10          0          0          0          0          0   (incl. Padding)

    ----------------------------------------------------------------------

      Code (inc. data)   RO Data    RW Data    ZI Data      Debug   Library Name

       754         20          0          0         96       1048   c_w.l
      2864        196          0          0          0       2564   fz_wm.l
        62          0          0          0          0        136   m_wm.l

    ----------------------------------------------------------------------
      3690        216          0          0         96       3748   Library Totals

    ----------------------------------------------------------------------

==============================================================================


      Code (inc. data)   RO Data    RW Data    ZI Data      Debug   

     38074       3002       2086       1004      23348     752321   Grand Totals
     38074       3002       2086        228      23348     752321   ELF Image Totals (compressed)
     38074       3002       2086        228          0          0   ROM Totals

==============================================================================

    Total RO  Size (Code + RO Data)                40160 (  39.22kB)
    Total RW  Size (RW Data + ZI Data)             24352 (  23.78kB)
    Total ROM Size (Code + RO Data + RW Data)      40388 (  39.44kB)

==============================================================================

